
> xperience-climb@0.1.0 test
> jest

FAIL src/infrastructure/services/__tests__/PaymentService.test.ts
  ● PaymentService › constructor › should warn when access token is missing

    expect(jest.fn()).toHaveBeenCalledWith(...expected)

    Expected: "MERCADOPAGO_ACCESS_TOKEN not configured"

    Number of calls: 0

      57 |       new PaymentService();
      58 |
    > 59 |       expect(warnSpy).toHaveBeenCalledWith('MERCADOPAGO_ACCESS_TOKEN not configured');
         |                       ^
      60 |
      61 |       // Restore
      62 |       warnSpy.mockRestore();

      at Object.toHaveBeenCalledWith (src/infrastructure/services/__tests__/PaymentService.test.ts:59:23)

FAIL src/__tests__/integration/api-packages.test.ts
  ● Packages API Integration Tests › GET /api/packages › should return all active packages successfully

    TypeError: Cannot set property url of #<NextRequest> which has only a getter

       7 | global.Request = class Request {
       8 |   constructor(input, init) {
    >  9 |     this.url = input;
         |             ^
      10 |     this.method = init?.method || 'GET';
      11 |     this.headers = new Map(Object.entries(init?.headers || {}));
      12 |     this.body = init?.body;

      at new Request (jest.setup.js:9:13)
      at new NextRequest (node_modules/next/src/server/web/spec-extension/request.ts:26:10)
      at Object.<anonymous> (src/__tests__/integration/api-packages.test.ts:124:23)

  ● Packages API Integration Tests › GET /api/packages › should return empty array when no packages exist

    TypeError: Cannot set property url of #<NextRequest> which has only a getter

       7 | global.Request = class Request {
       8 |   constructor(input, init) {
    >  9 |     this.url = input;
         |             ^
      10 |     this.method = init?.method || 'GET';
      11 |     this.headers = new Map(Object.entries(init?.headers || {}));
      12 |     this.body = init?.body;

      at new Request (jest.setup.js:9:13)
      at new NextRequest (node_modules/next/src/server/web/spec-extension/request.ts:26:10)
      at Object.<anonymous> (src/__tests__/integration/api-packages.test.ts:152:23)

  ● Packages API Integration Tests › GET /api/packages › should handle database errors gracefully

    TypeError: Cannot set property url of #<NextRequest> which has only a getter

       7 | global.Request = class Request {
       8 |   constructor(input, init) {
    >  9 |     this.url = input;
         |             ^
      10 |     this.method = init?.method || 'GET';
      11 |     this.headers = new Map(Object.entries(init?.headers || {}));
      12 |     this.body = init?.body;

      at new Request (jest.setup.js:9:13)
      at new NextRequest (node_modules/next/src/server/web/spec-extension/request.ts:26:10)
      at Object.<anonymous> (src/__tests__/integration/api-packages.test.ts:168:23)

  ● Packages API Integration Tests › GET /api/packages › should include all required package fields

    TypeError: Cannot set property url of #<NextRequest> which has only a getter

       7 | global.Request = class Request {
       8 |   constructor(input, init) {
    >  9 |     this.url = input;
         |             ^
      10 |     this.method = init?.method || 'GET';
      11 |     this.headers = new Map(Object.entries(init?.headers || {}));
      12 |     this.body = init?.body;

      at new Request (jest.setup.js:9:13)
      at new NextRequest (node_modules/next/src/server/web/spec-extension/request.ts:26:10)
      at Object.<anonymous> (src/__tests__/integration/api-packages.test.ts:184:23)

  ● Packages API Integration Tests › GET /api/packages › should handle packages with missing optional fields

    TypeError: Cannot set property url of #<NextRequest> which has only a getter

       7 | global.Request = class Request {
       8 |   constructor(input, init) {
    >  9 |     this.url = input;
         |             ^
      10 |     this.method = init?.method || 'GET';
      11 |     this.headers = new Map(Object.entries(init?.headers || {}));
      12 |     this.body = init?.body;

      at new Request (jest.setup.js:9:13)
      at new NextRequest (node_modules/next/src/server/web/spec-extension/request.ts:26:10)
      at Object.<anonymous> (src/__tests__/integration/api-packages.test.ts:215:23)

  ● Packages API Integration Tests › GET /api/packages › should return packages in correct format for frontend consumption

    TypeError: Cannot set property url of #<NextRequest> which has only a getter

       7 | global.Request = class Request {
       8 |   constructor(input, init) {
    >  9 |     this.url = input;
         |             ^
      10 |     this.method = init?.method || 'GET';
      11 |     this.headers = new Map(Object.entries(init?.headers || {}));
      12 |     this.body = init?.body;

      at new Request (jest.setup.js:9:13)
      at new NextRequest (node_modules/next/src/server/web/spec-extension/request.ts:26:10)
      at Object.<anonymous> (src/__tests__/integration/api-packages.test.ts:232:23)

  ● Packages API Integration Tests › GET /api/packages › should handle concurrent requests correctly

    TypeError: Cannot set property url of #<NextRequest> which has only a getter

       7 | global.Request = class Request {
       8 |   constructor(input, init) {
    >  9 |     this.url = input;
         |             ^
      10 |     this.method = init?.method || 'GET';
      11 |     this.headers = new Map(Object.entries(init?.headers || {}));
      12 |     this.body = init?.body;

      at new Request (jest.setup.js:9:13)
      at new NextRequest (node_modules/next/src/server/web/spec-extension/request.ts:26:10)
      at Object.<anonymous> (src/__tests__/integration/api-packages.test.ts:263:24)

  ● Packages API Integration Tests › GET /api/packages › should handle large datasets efficiently

    TypeError: Cannot set property url of #<NextRequest> which has only a getter

       7 | global.Request = class Request {
       8 |   constructor(input, init) {
    >  9 |     this.url = input;
         |             ^
      10 |     this.method = init?.method || 'GET';
      11 |     this.headers = new Map(Object.entries(init?.headers || {}));
      12 |     this.body = init?.body;

      at new Request (jest.setup.js:9:13)
      at new NextRequest (node_modules/next/src/server/web/spec-extension/request.ts:26:10)
      at Object.<anonymous> (src/__tests__/integration/api-packages.test.ts:293:23)

  ● Packages API Integration Tests › GET /api/packages › should properly serialize dates and complex objects

    TypeError: Cannot set property url of #<NextRequest> which has only a getter

       7 | global.Request = class Request {
       8 |   constructor(input, init) {
    >  9 |     this.url = input;
         |             ^
      10 |     this.method = init?.method || 'GET';
      11 |     this.headers = new Map(Object.entries(init?.headers || {}));
      12 |     this.body = init?.body;

      at new Request (jest.setup.js:9:13)
      at new NextRequest (node_modules/next/src/server/web/spec-extension/request.ts:26:10)
      at Object.<anonymous> (src/__tests__/integration/api-packages.test.ts:311:23)

  ● Packages API Integration Tests › GET /api/packages › should handle repository timeout gracefully

    TypeError: Cannot set property url of #<NextRequest> which has only a getter

       7 | global.Request = class Request {
       8 |   constructor(input, init) {
    >  9 |     this.url = input;
         |             ^
      10 |     this.method = init?.method || 'GET';
      11 |     this.headers = new Map(Object.entries(init?.headers || {}));
      12 |     this.body = init?.body;

      at new Request (jest.setup.js:9:13)
      at new NextRequest (node_modules/next/src/server/web/spec-extension/request.ts:26:10)
      at Object.<anonymous> (src/__tests__/integration/api-packages.test.ts:335:23)

  ● Packages API Integration Tests › GET /api/packages › should validate response schema

    TypeError: Cannot set property url of #<NextRequest> which has only a getter

       7 | global.Request = class Request {
       8 |   constructor(input, init) {
    >  9 |     this.url = input;
         |             ^
      10 |     this.method = init?.method || 'GET';
      11 |     this.headers = new Map(Object.entries(init?.headers || {}));
      12 |     this.body = init?.body;

      at new Request (jest.setup.js:9:13)
      at new NextRequest (node_modules/next/src/server/web/spec-extension/request.ts:26:10)
      at Object.<anonymous> (src/__tests__/integration/api-packages.test.ts:351:23)

  ● Packages API Integration Tests › Error Handling and Edge Cases › should handle malformed data from repository

    TypeError: Cannot set property url of #<NextRequest> which has only a getter

       7 | global.Request = class Request {
       8 |   constructor(input, init) {
    >  9 |     this.url = input;
         |             ^
      10 |     this.method = init?.method || 'GET';
      11 |     this.headers = new Map(Object.entries(init?.headers || {}));
      12 |     this.body = init?.body;

      at new Request (jest.setup.js:9:13)
      at new NextRequest (node_modules/next/src/server/web/spec-extension/request.ts:26:10)
      at Object.<anonymous> (src/__tests__/integration/api-packages.test.ts:383:23)

  ● Packages API Integration Tests › Error Handling and Edge Cases › should handle repository returning non-array data

    TypeError: Cannot set property url of #<NextRequest> which has only a getter

       7 | global.Request = class Request {
       8 |   constructor(input, init) {
    >  9 |     this.url = input;
         |             ^
      10 |     this.method = init?.method || 'GET';
      11 |     this.headers = new Map(Object.entries(init?.headers || {}));
      12 |     this.body = init?.body;

      at new Request (jest.setup.js:9:13)
      at new NextRequest (node_modules/next/src/server/web/spec-extension/request.ts:26:10)
      at Object.<anonymous> (src/__tests__/integration/api-packages.test.ts:395:23)

  ● Packages API Integration Tests › Error Handling and Edge Cases › should handle memory pressure with large responses

    TypeError: Cannot set property url of #<NextRequest> which has only a getter

       7 | global.Request = class Request {
       8 |   constructor(input, init) {
    >  9 |     this.url = input;
         |             ^
      10 |     this.method = init?.method || 'GET';
      11 |     this.headers = new Map(Object.entries(init?.headers || {}));
      12 |     this.body = init?.body;

      at new Request (jest.setup.js:9:13)
      at new NextRequest (node_modules/next/src/server/web/spec-extension/request.ts:26:10)
      at Object.<anonymous> (src/__tests__/integration/api-packages.test.ts:416:23)

  ● Packages API Integration Tests › Performance and Caching › should complete requests within acceptable time limits

    TypeError: Cannot set property url of #<NextRequest> which has only a getter

       7 | global.Request = class Request {
       8 |   constructor(input, init) {
    >  9 |     this.url = input;
         |             ^
      10 |     this.method = init?.method || 'GET';
      11 |     this.headers = new Map(Object.entries(init?.headers || {}));
      12 |     this.body = init?.body;

      at new Request (jest.setup.js:9:13)
      at new NextRequest (node_modules/next/src/server/web/spec-extension/request.ts:26:10)
      at Object.<anonymous> (src/__tests__/integration/api-packages.test.ts:429:23)

  ● Packages API Integration Tests › Performance and Caching › should handle multiple concurrent requests without degradation

    TypeError: Cannot set property url of #<NextRequest> which has only a getter

       7 | global.Request = class Request {
       8 |   constructor(input, init) {
    >  9 |     this.url = input;
         |             ^
      10 |     this.method = init?.method || 'GET';
      11 |     this.headers = new Map(Object.entries(init?.headers || {}));
      12 |     this.body = init?.body;

      at new Request (jest.setup.js:9:13)
      at new NextRequest (node_modules/next/src/server/web/spec-extension/request.ts:26:10)
      at src/__tests__/integration/api-packages.test.ts:447:9
          at Function.from (<anonymous>)
      at Object.from (src/__tests__/integration/api-packages.test.ts:446:30)

FAIL src/components/cart/__tests__/CartModal.test.tsx
  ● CartModal Component › authentication and checkout › should show checkout form when user is authenticated and clicks checkout

    TestingLibraryElementError: Unable to find an element by: [data-testid="checkout-form"]

    Ignored nodes: comments, script, style
    [36m<body>[39m
      [36m<div>[39m
        [36m<div[39m
          [33mclass[39m=[32m"fixed inset-0 z-50 overflow-hidden"[39m
        [36m>[39m
          [36m<div[39m
            [33mclass[39m=[32m"absolute inset-0 bg-black/50 backdrop-blur-sm"[39m
          [36m/>[39m
          [36m<div[39m
            [33mclass[39m=[32m"absolute right-0 top-0 h-full w-full max-w-md bg-white shadow-xl"[39m
          [36m>[39m
            [36m<div[39m
              [33mclass[39m=[32m"flex h-full flex-col"[39m
            [36m>[39m
              [36m<div[39m
                [33mclass[39m=[32m"flex items-center justify-between border-b border-neutral-200 p-4"[39m
              [36m>[39m
                [36m<div[39m
                  [33mclass[39m=[32m"flex items-center space-x-2"[39m
                [36m>[39m
                  [36m<span[39m
                    [33mdata-testid[39m=[32m"shopping-cart-icon"[39m
                  [36m>[39m
                    [0m🛒[0m
                  [36m</span>[39m
                  [36m<h2[39m
                    [33mclass[39m=[32m"text-lg font-semibold"[39m
                  [36m>[39m
                    [0mMeu Carrinho[0m
                  [36m</h2>[39m
                  [36m<span[39m
                    [33mclass[39m=[32m"text-sm text-neutral-500"[39m
                  [36m>[39m
                    [0m([0m
                    [0m1[0m
                    [0m [0m
                    [0mitem[0m
                    [0m)[0m
                  [36m</span>[39m
                [36m</div>[39m
                [36m<button[39m
                  [33mclass[39m=[32m"rounded-full p-1 hover:bg-neutral-100 transition-colors"[39m
                [36m>[39m
                  [36m<span[39m
                    [33mdata-testid[39m=[32m"close-icon"[39m
                  [36m>[39m
                    [0m×[0m
                  [36m</span>[39m
                [36m</button>[39m
              [36m</div>[39m
              [36m<div[39m
                [33mclass[39m=[32m"flex-1 overflow-hidden"[39m
              [36m>[39m
                [36m<div[39m
                  [33mclass[39m=[32m"flex-1 overflow-y-auto p-4 space-y-4"[39m
                [36m>[39m
                  [36m<div[39m
                    [33mclass[39m=[32m"p-4"[39m
                  [36m>[39m
                    [36m<div[39m
                      [33mclass[39m=[32m"flex items-start justify-between"[39m
                    [36m>[39m
                      [36m<div[39m
                        [33mclass[39m=[32m"flex-1"[39m
                      [36m>[39m
                        [36m<h3[39m
                          [33mclass[39m=[32m"font-medium text-neutral-900"[39m
                        [36m>[39m
                          [0mEscalada Iniciante[0m
                        [36m</h3>[39m
                        [36m<p[39m
                          [33mclass[39m=[32m"text-sm text-neutral-600 mt-1"[39m
                        [36m>[39m
                          [0mParticipante: [0m
                          [0mJoão Silva[0m
                        [36m</p>[39m
                        [36m<p[39m
                          [33mclass[39m=[32m"text-climb-600 font-semibold mt-2"[39m
                        [36m>[39m
                          [0mR$ 150.00[0m
                        [36m</p>[39m
                      [36m</div>[39m
                      [36m<div[39m
                        [33mclass[39m=[32m"flex items-center space-x-2 ml-4"[39m
                      [36m>[39m
                        [36m<button[39m
                          [33mclass[39m=[32m"rounded-full p-1 hover:bg-neutral-100 transition-colors"[39m
                          [33mdisabled[39m=[32m""[39m
                        [36m>[39m
                          [36m<span[39m
                            [33mdata-testid[39m=[32m"minus-icon"[39m
                          [36m>[39m
                            [0m-[0m
                          [36m</span>[39m
                        [36m</button>[39m
                        [36m<span[39m
                          [33mclass[39m=[32m"w-8 text-center font-medium"[39m
                        [36m>[39m
                          [0m1[0m
                        [36m</span>[39m
                        [36m<button[39m
                          [33mclass[39m=[32m"rounded-full p-1 hover:bg-neutral-100 transition-colors"[39m
                        [36m>[39m
                          [36m<span[39m
                            [33mdata-testid[39m=[32m"plus-icon"[39m
                          [36m>[39m
                            [0m+[0m
                          [36m</span>[39m
                        [36m</button>[39m
                      [36m</div>[39m
                    [36m</div>[39m
                    [36m<button[39m
                      [33mclass[39m=[32m"text-sm text-red-600 hover:text-red-700 mt-3 transition-colors"[39m
                    [36m>[39m
                      [0mRemover[0m
                    [36m</button>[39m
                  [36m</div>[39m
                [36m</div>[39m
                [36m<div[39m
                  [33mclass[39m=[32m"border-t border-neutral-200 p-4 space-y-4"[39m
                [36m>[39m
                  [36m<button[39m
                    [33mclass[39m=[32m"text-sm text-neutral-600 hover:text-neutral-700 transition-colors"[39m
                  [36m>[39m
                    [0mLimpar carrinho[0m
                  [36m</button>[39m
                  [36m<div[39m
                    [33mclass[39m=[32m"flex items-center justify-between text-lg font-semibold"[39m
                  [36m>[39m
                    [36m<span>[39m
                      [0mTotal:[0m
                    [36m</span>[39m
                    [36m<span[39m
                      [33mclass[39m=[32m"text-climb-600"[39m
                    [36m>[39m
                      [0mR$ 0.00[0m
                    [36m</span>[39m
                  [36m</div>[39m
                  [36m<button[39m
                    [33mclass[39m=[32m"w-full"[39m
                  [36m>[39m
                    [36m<span[39m
                      [33mdata-testid[39m=[32m"credit-card-icon"[39m
                    [36m>[39m
                      [0m💳[0m
                    [36m</span>[39m
                    [0mEntrar e Comprar[0m
                  [36m</button>[39m
                [36m</div>[39m
              [36m</div>[39m
            [36m</div>[39m
          [36m</div>[39m
        [36m</div>[39m
      [36m</div>[39m
    [36m</body>[39m

      293 |       fireEvent.click(checkoutButton);
      294 |
    > 295 |       expect(screen.getByTestId('checkout-form')).toBeInTheDocument();
          |                     ^
      296 |       expect(screen.getByText('Finalizar Compra')).toBeInTheDocument(); // Header changes
      297 |     });
      298 |   });

      at Object.getElementError (node_modules/@testing-library/dom/dist/config.js:37:19)
      at node_modules/@testing-library/dom/dist/query-helpers.js:76:38
      at node_modules/@testing-library/dom/dist/query-helpers.js:52:17
      at node_modules/@testing-library/dom/dist/query-helpers.js:95:19
      at Object.getByTestId (src/components/cart/__tests__/CartModal.test.tsx:295:21)

FAIL src/components/sections/__tests__/PackagesSection.test.tsx
  ● Console

    console.log
      🔍 useEffect executado - iniciando fetch dos pacotes

      at log (src/components/sections/PackagesSection.tsx:54:13)

    console.log
      📡 Iniciando fetch para /api/packages

      at log (src/components/sections/PackagesSection.tsx:58:17)

    console.log
      📨 Response recebida: undefined undefined

      at log (src/components/sections/PackagesSection.tsx:62:17)

    console.log
      📦 Dados recebidos: {
        success: true,
        data: [
          {
            id: 'pkg-1',
            name: 'Escalada Iniciante',
            price: 150,
            originalPrice: 200,
            description: 'Perfeito para iniciantes',
            features: [Array],
            bonus: [Array],
            shape: 'circle',
            color: 'climb-500',
            duration: '4 horas',
            maxParticipants: 8,
            popular: false,
            disabled: false
          },
          {
            id: 'pkg-2',
            name: 'Escalada Avançada',
            price: 250,
            description: 'Para escaladores experientes',
            features: [Array],
            bonus: [Array],
            shape: 'hexagon',
            color: 'orange-400',
            duration: '6 horas',
            maxParticipants: 6,
            popular: true,
            disabled: false
          },
          {
            id: 'pkg-3',
            name: 'Escalada Premium',
            price: 350,
            description: 'Experiência exclusiva',
            features: [Array],
            bonus: [Array],
            shape: 'triangle',
            color: 'purple-500',
            duration: '8 horas',
            maxParticipants: 4,
            popular: false,
            disabled: true
          }
        ]
      }

      at log (src/components/sections/PackagesSection.tsx:65:17)

    console.log
      ✅ Setando pacotes: 3 pacotes

      at log (src/components/sections/PackagesSection.tsx:68:19)

    console.error
      Warning: An update to PackagesSection inside a test was not wrapped in act(...).

      When testing, code that causes React state updates should be wrapped into act(...):

      act(() => {
        /* fire events that update state */
      });
      /* assert on the output */

      This ensures that you're testing the behavior the user would see in the browser. Learn more at https://reactjs.org/link/wrap-tests-with-act
          at useState (/app/src/components/sections/PackagesSection.tsx:48:47)

      67 |         if (result.success) {
      68 |           console.log('✅ Setando pacotes:', result.data.length, 'pacotes');
    > 69 |           setApiPackages(result.data);
         |           ^
      70 |         } else {
      71 |           console.error('❌ API retornou success: false');
      72 |         }

      at printWarning (node_modules/react-dom/cjs/react-dom.development.js:86:30)
      at error (node_modules/react-dom/cjs/react-dom.development.js:60:7)
      at warnIfUpdatesNotWrappedWithActDEV (node_modules/react-dom/cjs/react-dom.development.js:27628:9)
      at scheduleUpdateOnFiber (node_modules/react-dom/cjs/react-dom.development.js:25547:5)
      at dispatchSetState (node_modules/react-dom/cjs/react-dom.development.js:16708:7)
      at setApiPackages (src/components/sections/PackagesSection.tsx:69:11)

    console.log
      🏁 Finalizando loading

      at log (src/components/sections/PackagesSection.tsx:77:17)

    console.error
      Warning: An update to PackagesSection inside a test was not wrapped in act(...).

      When testing, code that causes React state updates should be wrapped into act(...):

      act(() => {
        /* fire events that update state */
      });
      /* assert on the output */

      This ensures that you're testing the behavior the user would see in the browser. Learn more at https://reactjs.org/link/wrap-tests-with-act
          at useState (/app/src/components/sections/PackagesSection.tsx:48:47)

      76 |       } finally {
      77 |         console.log('🏁 Finalizando loading');
    > 78 |         setLoading(false);
         |         ^
      79 |       }
      80 |     };
      81 |

      at printWarning (node_modules/react-dom/cjs/react-dom.development.js:86:30)
      at error (node_modules/react-dom/cjs/react-dom.development.js:60:7)
      at warnIfUpdatesNotWrappedWithActDEV (node_modules/react-dom/cjs/react-dom.development.js:27628:9)
      at scheduleUpdateOnFiber (node_modules/react-dom/cjs/react-dom.development.js:25547:5)
      at dispatchSetState (node_modules/react-dom/cjs/react-dom.development.js:16708:7)
      at setLoading (src/components/sections/PackagesSection.tsx:78:9)

    console.log
      🔍 useEffect executado - iniciando fetch dos pacotes

      at log (src/components/sections/PackagesSection.tsx:54:13)

    console.log
      📡 Iniciando fetch para /api/packages

      at log (src/components/sections/PackagesSection.tsx:58:17)

    console.log
      📨 Response recebida: undefined undefined

      at log (src/components/sections/PackagesSection.tsx:62:17)

    console.log
      📦 Dados recebidos: {
        success: true,
        data: [
          {
            id: 'pkg-1',
            name: 'Escalada Iniciante',
            price: 150,
            originalPrice: 200,
            description: 'Perfeito para iniciantes',
            features: [Array],
            bonus: [Array],
            shape: 'circle',
            color: 'climb-500',
            duration: '4 horas',
            maxParticipants: 8,
            popular: false,
            disabled: false
          },
          {
            id: 'pkg-2',
            name: 'Escalada Avançada',
            price: 250,
            description: 'Para escaladores experientes',
            features: [Array],
            bonus: [Array],
            shape: 'hexagon',
            color: 'orange-400',
            duration: '6 horas',
            maxParticipants: 6,
            popular: true,
            disabled: false
          },
          {
            id: 'pkg-3',
            name: 'Escalada Premium',
            price: 350,
            description: 'Experiência exclusiva',
            features: [Array],
            bonus: [Array],
            shape: 'triangle',
            color: 'purple-500',
            duration: '8 horas',
            maxParticipants: 4,
            popular: false,
            disabled: true
          }
        ]
      }

      at log (src/components/sections/PackagesSection.tsx:65:17)

    console.log
      ✅ Setando pacotes: 3 pacotes

      at log (src/components/sections/PackagesSection.tsx:68:19)

    console.log
      🏁 Finalizando loading

      at log (src/components/sections/PackagesSection.tsx:77:17)

    console.log
      🔍 useEffect executado - iniciando fetch dos pacotes

      at log (src/components/sections/PackagesSection.tsx:54:13)

    console.log
      📡 Iniciando fetch para /api/packages

      at log (src/components/sections/PackagesSection.tsx:58:17)

    console.log
      📨 Response recebida: undefined undefined

      at log (src/components/sections/PackagesSection.tsx:62:17)

    console.log
      📦 Dados recebidos: {
        success: true,
        data: [
          {
            id: 'pkg-1',
            name: 'Escalada Iniciante',
            price: 150,
            originalPrice: 200,
            description: 'Perfeito para iniciantes',
            features: [Array],
            bonus: [Array],
            shape: 'circle',
            color: 'climb-500',
            duration: '4 horas',
            maxParticipants: 8,
            popular: false,
            disabled: false
          },
          {
            id: 'pkg-2',
            name: 'Escalada Avançada',
            price: 250,
            description: 'Para escaladores experientes',
            features: [Array],
            bonus: [Array],
            shape: 'hexagon',
            color: 'orange-400',
            duration: '6 horas',
            maxParticipants: 6,
            popular: true,
            disabled: false
          },
          {
            id: 'pkg-3',
            name: 'Escalada Premium',
            price: 350,
            description: 'Experiência exclusiva',
            features: [Array],
            bonus: [Array],
            shape: 'triangle',
            color: 'purple-500',
            duration: '8 horas',
            maxParticipants: 4,
            popular: false,
            disabled: true
          }
        ]
      }

      at log (src/components/sections/PackagesSection.tsx:65:17)

    console.log
      ✅ Setando pacotes: 3 pacotes

      at log (src/components/sections/PackagesSection.tsx:68:19)

    console.log
      🏁 Finalizando loading

      at log (src/components/sections/PackagesSection.tsx:77:17)

    console.log
      🔍 useEffect executado - iniciando fetch dos pacotes

      at log (src/components/sections/PackagesSection.tsx:54:13)

    console.log
      📡 Iniciando fetch para /api/packages

      at log (src/components/sections/PackagesSection.tsx:58:17)

    console.log
      📨 Response recebida: undefined undefined

      at log (src/components/sections/PackagesSection.tsx:62:17)

    console.log
      📦 Dados recebidos: {
        success: true,
        data: [
          {
            id: 'pkg-1',
            name: 'Escalada Iniciante',
            price: 150,
            originalPrice: 200,
            description: 'Perfeito para iniciantes',
            features: [Array],
            bonus: [Array],
            shape: 'circle',
            color: 'climb-500',
            duration: '4 horas',
            maxParticipants: 8,
            popular: false,
            disabled: false
          },
          {
            id: 'pkg-2',
            name: 'Escalada Avançada',
            price: 250,
            description: 'Para escaladores experientes',
            features: [Array],
            bonus: [Array],
            shape: 'hexagon',
            color: 'orange-400',
            duration: '6 horas',
            maxParticipants: 6,
            popular: true,
            disabled: false
          },
          {
            id: 'pkg-3',
            name: 'Escalada Premium',
            price: 350,
            description: 'Experiência exclusiva',
            features: [Array],
            bonus: [Array],
            shape: 'triangle',
            color: 'purple-500',
            duration: '8 horas',
            maxParticipants: 4,
            popular: false,
            disabled: true
          }
        ]
      }

      at log (src/components/sections/PackagesSection.tsx:65:17)

    console.log
      ✅ Setando pacotes: 3 pacotes

      at log (src/components/sections/PackagesSection.tsx:68:19)

    console.log
      🏁 Finalizando loading

      at log (src/components/sections/PackagesSection.tsx:77:17)

    console.log
      🔍 useEffect executado - iniciando fetch dos pacotes

      at log (src/components/sections/PackagesSection.tsx:54:13)

    console.log
      📡 Iniciando fetch para /api/packages

      at log (src/components/sections/PackagesSection.tsx:58:17)

    console.log
      📨 Response recebida: undefined undefined

      at log (src/components/sections/PackagesSection.tsx:62:17)

    console.log
      📦 Dados recebidos: {
        success: true,
        data: [
          {
            id: 'pkg-1',
            name: 'Escalada Iniciante',
            price: 150,
            originalPrice: 200,
            description: 'Perfeito para iniciantes',
            features: [Array],
            bonus: [Array],
            shape: 'circle',
            color: 'climb-500',
            duration: '4 horas',
            maxParticipants: 8,
            popular: false,
            disabled: false
          },
          {
            id: 'pkg-2',
            name: 'Escalada Avançada',
            price: 250,
            description: 'Para escaladores experientes',
            features: [Array],
            bonus: [Array],
            shape: 'hexagon',
            color: 'orange-400',
            duration: '6 horas',
            maxParticipants: 6,
            popular: true,
            disabled: false
          },
          {
            id: 'pkg-3',
            name: 'Escalada Premium',
            price: 350,
            description: 'Experiência exclusiva',
            features: [Array],
            bonus: [Array],
            shape: 'triangle',
            color: 'purple-500',
            duration: '8 horas',
            maxParticipants: 4,
            popular: false,
            disabled: true
          }
        ]
      }

      at log (src/components/sections/PackagesSection.tsx:65:17)

    console.log
      ✅ Setando pacotes: 3 pacotes

      at log (src/components/sections/PackagesSection.tsx:68:19)

    console.log
      🏁 Finalizando loading

      at log (src/components/sections/PackagesSection.tsx:77:17)

    console.log
      🔍 useEffect executado - iniciando fetch dos pacotes

      at log (src/components/sections/PackagesSection.tsx:54:13)

    console.log
      📡 Iniciando fetch para /api/packages

      at log (src/components/sections/PackagesSection.tsx:58:17)

    console.log
      📨 Response recebida: undefined undefined

      at log (src/components/sections/PackagesSection.tsx:62:17)

    console.log
      📦 Dados recebidos: {
        success: true,
        data: [
          {
            id: 'pkg-1',
            name: 'Escalada Iniciante',
            price: 150,
            originalPrice: 200,
            description: 'Perfeito para iniciantes',
            features: [Array],
            bonus: [Array],
            shape: 'circle',
            color: 'climb-500',
            duration: '4 horas',
            maxParticipants: 8,
            popular: false,
            disabled: false
          },
          {
            id: 'pkg-2',
            name: 'Escalada Avançada',
            price: 250,
            description: 'Para escaladores experientes',
            features: [Array],
            bonus: [Array],
            shape: 'hexagon',
            color: 'orange-400',
            duration: '6 horas',
            maxParticipants: 6,
            popular: true,
            disabled: false
          },
          {
            id: 'pkg-3',
            name: 'Escalada Premium',
            price: 350,
            description: 'Experiência exclusiva',
            features: [Array],
            bonus: [Array],
            shape: 'triangle',
            color: 'purple-500',
            duration: '8 horas',
            maxParticipants: 4,
            popular: false,
            disabled: true
          }
        ]
      }

      at log (src/components/sections/PackagesSection.tsx:65:17)

    console.log
      ✅ Setando pacotes: 3 pacotes

      at log (src/components/sections/PackagesSection.tsx:68:19)

    console.log
      🏁 Finalizando loading

      at log (src/components/sections/PackagesSection.tsx:77:17)

    console.log
      🔍 useEffect executado - iniciando fetch dos pacotes

      at log (src/components/sections/PackagesSection.tsx:54:13)

    console.log
      📡 Iniciando fetch para /api/packages

      at log (src/components/sections/PackagesSection.tsx:58:17)

    console.log
      📨 Response recebida: undefined undefined

      at log (src/components/sections/PackagesSection.tsx:62:17)

    console.log
      📦 Dados recebidos: {
        success: true,
        data: [
          {
            id: 'pkg-1',
            name: 'Escalada Iniciante',
            price: 150,
            originalPrice: 200,
            description: 'Perfeito para iniciantes',
            features: [Array],
            bonus: [Array],
            shape: 'circle',
            color: 'climb-500',
            duration: '4 horas',
            maxParticipants: 8,
            popular: false,
            disabled: false
          },
          {
            id: 'pkg-2',
            name: 'Escalada Avançada',
            price: 250,
            description: 'Para escaladores experientes',
            features: [Array],
            bonus: [Array],
            shape: 'hexagon',
            color: 'orange-400',
            duration: '6 horas',
            maxParticipants: 6,
            popular: true,
            disabled: false
          },
          {
            id: 'pkg-3',
            name: 'Escalada Premium',
            price: 350,
            description: 'Experiência exclusiva',
            features: [Array],
            bonus: [Array],
            shape: 'triangle',
            color: 'purple-500',
            duration: '8 horas',
            maxParticipants: 4,
            popular: false,
            disabled: true
          }
        ]
      }

      at log (src/components/sections/PackagesSection.tsx:65:17)

    console.log
      ✅ Setando pacotes: 3 pacotes

      at log (src/components/sections/PackagesSection.tsx:68:19)

    console.log
      🏁 Finalizando loading

      at log (src/components/sections/PackagesSection.tsx:77:17)

    console.log
      🔍 useEffect executado - iniciando fetch dos pacotes

      at log (src/components/sections/PackagesSection.tsx:54:13)

    console.log
      📡 Iniciando fetch para /api/packages

      at log (src/components/sections/PackagesSection.tsx:58:17)

    console.log
      📨 Response recebida: undefined undefined

      at log (src/components/sections/PackagesSection.tsx:62:17)

    console.log
      📦 Dados recebidos: {
        success: true,
        data: [
          {
            id: 'pkg-1',
            name: 'Escalada Iniciante',
            price: 150,
            originalPrice: 200,
            description: 'Perfeito para iniciantes',
            features: [Array],
            bonus: [Array],
            shape: 'circle',
            color: 'climb-500',
            duration: '4 horas',
            maxParticipants: 8,
            popular: false,
            disabled: false
          },
          {
            id: 'pkg-2',
            name: 'Escalada Avançada',
            price: 250,
            description: 'Para escaladores experientes',
            features: [Array],
            bonus: [Array],
            shape: 'hexagon',
            color: 'orange-400',
            duration: '6 horas',
            maxParticipants: 6,
            popular: true,
            disabled: false
          },
          {
            id: 'pkg-3',
            name: 'Escalada Premium',
            price: 350,
            description: 'Experiência exclusiva',
            features: [Array],
            bonus: [Array],
            shape: 'triangle',
            color: 'purple-500',
            duration: '8 horas',
            maxParticipants: 4,
            popular: false,
            disabled: true
          }
        ]
      }

      at log (src/components/sections/PackagesSection.tsx:65:17)

    console.log
      ✅ Setando pacotes: 3 pacotes

      at log (src/components/sections/PackagesSection.tsx:68:19)

    console.log
      🏁 Finalizando loading

      at log (src/components/sections/PackagesSection.tsx:77:17)

    console.log
      🔍 useEffect executado - iniciando fetch dos pacotes

      at log (src/components/sections/PackagesSection.tsx:54:13)

    console.log
      📡 Iniciando fetch para /api/packages

      at log (src/components/sections/PackagesSection.tsx:58:17)

    console.log
      📨 Response recebida: undefined undefined

      at log (src/components/sections/PackagesSection.tsx:62:17)

    console.log
      📦 Dados recebidos: {
        success: true,
        data: [
          {
            id: 'pkg-1',
            name: 'Escalada Iniciante',
            price: 150,
            originalPrice: 200,
            description: 'Perfeito para iniciantes',
            features: [Array],
            bonus: [Array],
            shape: 'circle',
            color: 'climb-500',
            duration: '4 horas',
            maxParticipants: 8,
            popular: false,
            disabled: false
          },
          {
            id: 'pkg-2',
            name: 'Escalada Avançada',
            price: 250,
            description: 'Para escaladores experientes',
            features: [Array],
            bonus: [Array],
            shape: 'hexagon',
            color: 'orange-400',
            duration: '6 horas',
            maxParticipants: 6,
            popular: true,
            disabled: false
          },
          {
            id: 'pkg-3',
            name: 'Escalada Premium',
            price: 350,
            description: 'Experiência exclusiva',
            features: [Array],
            bonus: [Array],
            shape: 'triangle',
            color: 'purple-500',
            duration: '8 horas',
            maxParticipants: 4,
            popular: false,
            disabled: true
          }
        ]
      }

      at log (src/components/sections/PackagesSection.tsx:65:17)

    console.log
      ✅ Setando pacotes: 3 pacotes

      at log (src/components/sections/PackagesSection.tsx:68:19)

    console.log
      🏁 Finalizando loading

      at log (src/components/sections/PackagesSection.tsx:77:17)

    console.log
      🔍 useEffect executado - iniciando fetch dos pacotes

      at log (src/components/sections/PackagesSection.tsx:54:13)

    console.log
      📡 Iniciando fetch para /api/packages

      at log (src/components/sections/PackagesSection.tsx:58:17)

    console.log
      📨 Response recebida: undefined undefined

      at log (src/components/sections/PackagesSection.tsx:62:17)

    console.log
      📦 Dados recebidos: {
        success: true,
        data: [
          {
            id: 'pkg-1',
            name: 'Escalada Iniciante',
            price: 150,
            originalPrice: 200,
            description: 'Perfeito para iniciantes',
            features: [Array],
            bonus: [Array],
            shape: 'circle',
            color: 'climb-500',
            duration: '4 horas',
            maxParticipants: 8,
            popular: false,
            disabled: false
          },
          {
            id: 'pkg-2',
            name: 'Escalada Avançada',
            price: 250,
            description: 'Para escaladores experientes',
            features: [Array],
            bonus: [Array],
            shape: 'hexagon',
            color: 'orange-400',
            duration: '6 horas',
            maxParticipants: 6,
            popular: true,
            disabled: false
          },
          {
            id: 'pkg-3',
            name: 'Escalada Premium',
            price: 350,
            description: 'Experiência exclusiva',
            features: [Array],
            bonus: [Array],
            shape: 'triangle',
            color: 'purple-500',
            duration: '8 horas',
            maxParticipants: 4,
            popular: false,
            disabled: true
          }
        ]
      }

      at log (src/components/sections/PackagesSection.tsx:65:17)

    console.log
      ✅ Setando pacotes: 3 pacotes

      at log (src/components/sections/PackagesSection.tsx:68:19)

    console.log
      🏁 Finalizando loading

      at log (src/components/sections/PackagesSection.tsx:77:17)

    console.log
      🔍 useEffect executado - iniciando fetch dos pacotes

      at log (src/components/sections/PackagesSection.tsx:54:13)

    console.log
      📡 Iniciando fetch para /api/packages

      at log (src/components/sections/PackagesSection.tsx:58:17)

    console.log
      📨 Response recebida: undefined undefined

      at log (src/components/sections/PackagesSection.tsx:62:17)

    console.log
      📦 Dados recebidos: {
        success: true,
        data: [
          {
            id: 'pkg-1',
            name: 'Escalada Iniciante',
            price: 150,
            originalPrice: 200,
            description: 'Perfeito para iniciantes',
            features: [Array],
            bonus: [Array],
            shape: 'circle',
            color: 'climb-500',
            duration: '4 horas',
            maxParticipants: 8,
            popular: false,
            disabled: false
          },
          {
            id: 'pkg-2',
            name: 'Escalada Avançada',
            price: 250,
            description: 'Para escaladores experientes',
            features: [Array],
            bonus: [Array],
            shape: 'hexagon',
            color: 'orange-400',
            duration: '6 horas',
            maxParticipants: 6,
            popular: true,
            disabled: false
          },
          {
            id: 'pkg-3',
            name: 'Escalada Premium',
            price: 350,
            description: 'Experiência exclusiva',
            features: [Array],
            bonus: [Array],
            shape: 'triangle',
            color: 'purple-500',
            duration: '8 horas',
            maxParticipants: 4,
            popular: false,
            disabled: true
          }
        ]
      }

      at log (src/components/sections/PackagesSection.tsx:65:17)

    console.log
      ✅ Setando pacotes: 3 pacotes

      at log (src/components/sections/PackagesSection.tsx:68:19)

    console.log
      🏁 Finalizando loading

      at log (src/components/sections/PackagesSection.tsx:77:17)

    console.log
      🔍 useEffect executado - iniciando fetch dos pacotes

      at log (src/components/sections/PackagesSection.tsx:54:13)

    console.log
      📡 Iniciando fetch para /api/packages

      at log (src/components/sections/PackagesSection.tsx:58:17)

    console.log
      📨 Response recebida: undefined undefined

      at log (src/components/sections/PackagesSection.tsx:62:17)

    console.log
      📦 Dados recebidos: {
        success: true,
        data: [
          {
            id: 'pkg-1',
            name: 'Escalada Iniciante',
            price: 150,
            originalPrice: 200,
            description: 'Perfeito para iniciantes',
            features: [Array],
            bonus: [Array],
            shape: 'circle',
            color: 'climb-500',
            duration: '4 horas',
            maxParticipants: 8,
            popular: false,
            disabled: false
          },
          {
            id: 'pkg-2',
            name: 'Escalada Avançada',
            price: 250,
            description: 'Para escaladores experientes',
            features: [Array],
            bonus: [Array],
            shape: 'hexagon',
            color: 'orange-400',
            duration: '6 horas',
            maxParticipants: 6,
            popular: true,
            disabled: false
          },
          {
            id: 'pkg-3',
            name: 'Escalada Premium',
            price: 350,
            description: 'Experiência exclusiva',
            features: [Array],
            bonus: [Array],
            shape: 'triangle',
            color: 'purple-500',
            duration: '8 horas',
            maxParticipants: 4,
            popular: false,
            disabled: true
          }
        ]
      }

      at log (src/components/sections/PackagesSection.tsx:65:17)

    console.log
      ✅ Setando pacotes: 3 pacotes

      at log (src/components/sections/PackagesSection.tsx:68:19)

    console.log
      🏁 Finalizando loading

      at log (src/components/sections/PackagesSection.tsx:77:17)

    console.log
      🔍 useEffect executado - iniciando fetch dos pacotes

      at log (src/components/sections/PackagesSection.tsx:54:13)

    console.log
      📡 Iniciando fetch para /api/packages

      at log (src/components/sections/PackagesSection.tsx:58:17)

    console.log
      📨 Response recebida: undefined undefined

      at log (src/components/sections/PackagesSection.tsx:62:17)

    console.log
      📦 Dados recebidos: {
        success: true,
        data: [
          {
            id: 'pkg-1',
            name: 'Escalada Iniciante',
            price: 150,
            originalPrice: 200,
            description: 'Perfeito para iniciantes',
            features: [Array],
            bonus: [Array],
            shape: 'circle',
            color: 'climb-500',
            duration: '4 horas',
            maxParticipants: 8,
            popular: false,
            disabled: false
          },
          {
            id: 'pkg-2',
            name: 'Escalada Avançada',
            price: 250,
            description: 'Para escaladores experientes',
            features: [Array],
            bonus: [Array],
            shape: 'hexagon',
            color: 'orange-400',
            duration: '6 horas',
            maxParticipants: 6,
            popular: true,
            disabled: false
          },
          {
            id: 'pkg-3',
            name: 'Escalada Premium',
            price: 350,
            description: 'Experiência exclusiva',
            features: [Array],
            bonus: [Array],
            shape: 'triangle',
            color: 'purple-500',
            duration: '8 horas',
            maxParticipants: 4,
            popular: false,
            disabled: true
          }
        ]
      }

      at log (src/components/sections/PackagesSection.tsx:65:17)

    console.log
      ✅ Setando pacotes: 3 pacotes

      at log (src/components/sections/PackagesSection.tsx:68:19)

    console.log
      🏁 Finalizando loading

      at log (src/components/sections/PackagesSection.tsx:77:17)

    console.log
      🔍 useEffect executado - iniciando fetch dos pacotes

      at log (src/components/sections/PackagesSection.tsx:54:13)

    console.log
      📡 Iniciando fetch para /api/packages

      at log (src/components/sections/PackagesSection.tsx:58:17)

    console.log
      📨 Response recebida: undefined undefined

      at log (src/components/sections/PackagesSection.tsx:62:17)

    console.log
      📦 Dados recebidos: {
        success: true,
        data: [
          {
            id: 'pkg-1',
            name: 'Escalada Iniciante',
            price: 150,
            originalPrice: 200,
            description: 'Perfeito para iniciantes',
            features: [Array],
            bonus: [Array],
            shape: 'circle',
            color: 'climb-500',
            duration: '4 horas',
            maxParticipants: 8,
            popular: false,
            disabled: false
          },
          {
            id: 'pkg-2',
            name: 'Escalada Avançada',
            price: 250,
            description: 'Para escaladores experientes',
            features: [Array],
            bonus: [Array],
            shape: 'hexagon',
            color: 'orange-400',
            duration: '6 horas',
            maxParticipants: 6,
            popular: true,
            disabled: false
          },
          {
            id: 'pkg-3',
            name: 'Escalada Premium',
            price: 350,
            description: 'Experiência exclusiva',
            features: [Array],
            bonus: [Array],
            shape: 'triangle',
            color: 'purple-500',
            duration: '8 horas',
            maxParticipants: 4,
            popular: false,
            disabled: true
          }
        ]
      }

      at log (src/components/sections/PackagesSection.tsx:65:17)

    console.log
      ✅ Setando pacotes: 3 pacotes

      at log (src/components/sections/PackagesSection.tsx:68:19)

    console.log
      🏁 Finalizando loading

      at log (src/components/sections/PackagesSection.tsx:77:17)

    console.log
      🔍 useEffect executado - iniciando fetch dos pacotes

      at log (src/components/sections/PackagesSection.tsx:54:13)

    console.log
      📡 Iniciando fetch para /api/packages

      at log (src/components/sections/PackagesSection.tsx:58:17)

    console.log
      📨 Response recebida: undefined undefined

      at log (src/components/sections/PackagesSection.tsx:62:17)

    console.log
      📦 Dados recebidos: {
        success: true,
        data: [
          {
            id: 'pkg-1',
            name: 'Escalada Iniciante',
            price: 150,
            originalPrice: 200,
            description: 'Perfeito para iniciantes',
            features: [Array],
            bonus: [Array],
            shape: 'circle',
            color: 'climb-500',
            duration: '4 horas',
            maxParticipants: 8,
            popular: false,
            disabled: false
          },
          {
            id: 'pkg-2',
            name: 'Escalada Avançada',
            price: 250,
            description: 'Para escaladores experientes',
            features: [Array],
            bonus: [Array],
            shape: 'hexagon',
            color: 'orange-400',
            duration: '6 horas',
            maxParticipants: 6,
            popular: true,
            disabled: false
          },
          {
            id: 'pkg-3',
            name: 'Escalada Premium',
            price: 350,
            description: 'Experiência exclusiva',
            features: [Array],
            bonus: [Array],
            shape: 'triangle',
            color: 'purple-500',
            duration: '8 horas',
            maxParticipants: 4,
            popular: false,
            disabled: true
          }
        ]
      }

      at log (src/components/sections/PackagesSection.tsx:65:17)

    console.log
      ✅ Setando pacotes: 3 pacotes

      at log (src/components/sections/PackagesSection.tsx:68:19)

    console.log
      🏁 Finalizando loading

      at log (src/components/sections/PackagesSection.tsx:77:17)

    console.log
      🔍 useEffect executado - iniciando fetch dos pacotes

      at log (src/components/sections/PackagesSection.tsx:54:13)

    console.log
      📡 Iniciando fetch para /api/packages

      at log (src/components/sections/PackagesSection.tsx:58:17)

    console.log
      📨 Response recebida: undefined undefined

      at log (src/components/sections/PackagesSection.tsx:62:17)

    console.log
      📦 Dados recebidos: {
        success: true,
        data: [
          {
            id: 'pkg-1',
            name: 'Escalada Iniciante',
            price: 150,
            originalPrice: 200,
            description: 'Perfeito para iniciantes',
            features: [Array],
            bonus: [Array],
            shape: 'circle',
            color: 'climb-500',
            duration: '4 horas',
            maxParticipants: 8,
            popular: false,
            disabled: false
          },
          {
            id: 'pkg-2',
            name: 'Escalada Avançada',
            price: 250,
            description: 'Para escaladores experientes',
            features: [Array],
            bonus: [Array],
            shape: 'hexagon',
            color: 'orange-400',
            duration: '6 horas',
            maxParticipants: 6,
            popular: true,
            disabled: false
          },
          {
            id: 'pkg-3',
            name: 'Escalada Premium',
            price: 350,
            description: 'Experiência exclusiva',
            features: [Array],
            bonus: [Array],
            shape: 'triangle',
            color: 'purple-500',
            duration: '8 horas',
            maxParticipants: 4,
            popular: false,
            disabled: true
          }
        ]
      }

      at log (src/components/sections/PackagesSection.tsx:65:17)

    console.log
      ✅ Setando pacotes: 3 pacotes

      at log (src/components/sections/PackagesSection.tsx:68:19)

    console.log
      🏁 Finalizando loading

      at log (src/components/sections/PackagesSection.tsx:77:17)

    console.log
      Button clicked for package: pkg-1

      at log (src/components/sections/PackagesSection.tsx:226:35)

    console.log
      Adding to cart: pkg-1

      at log (src/components/sections/PackagesSection.tsx:86:13)

    console.log
      Found package: {
        id: 'pkg-1',
        name: 'Escalada Iniciante',
        price: 150,
        originalPrice: 200,
        description: 'Perfeito para iniciantes',
        features: [ 'Instrução básica', 'Equipamentos inclusos' ],
        bonus: [ 'Lanche', 'Fotos' ],
        shape: 'circle',
        color: 'climb-500',
        duration: '4 horas',
        maxParticipants: 8,
        popular: false,
        disabled: false
      }

      at log (src/components/sections/PackagesSection.tsx:88:13)

    console.log
      Item added, opening cart...

      at log (src/components/sections/PackagesSection.tsx:98:15)

    console.log
      🔍 useEffect executado - iniciando fetch dos pacotes

      at log (src/components/sections/PackagesSection.tsx:54:13)

    console.log
      📡 Iniciando fetch para /api/packages

      at log (src/components/sections/PackagesSection.tsx:58:17)

    console.log
      📨 Response recebida: undefined undefined

      at log (src/components/sections/PackagesSection.tsx:62:17)

    console.log
      📦 Dados recebidos: {
        success: true,
        data: [
          {
            id: 'pkg-1',
            name: 'Escalada Iniciante',
            price: 150,
            originalPrice: 200,
            description: 'Perfeito para iniciantes',
            features: [Array],
            bonus: [Array],
            shape: 'circle',
            color: 'climb-500',
            duration: '4 horas',
            maxParticipants: 8,
            popular: false,
            disabled: false
          },
          {
            id: 'pkg-2',
            name: 'Escalada Avançada',
            price: 250,
            description: 'Para escaladores experientes',
            features: [Array],
            bonus: [Array],
            shape: 'hexagon',
            color: 'orange-400',
            duration: '6 horas',
            maxParticipants: 6,
            popular: true,
            disabled: false
          },
          {
            id: 'pkg-3',
            name: 'Escalada Premium',
            price: 350,
            description: 'Experiência exclusiva',
            features: [Array],
            bonus: [Array],
            shape: 'triangle',
            color: 'purple-500',
            duration: '8 horas',
            maxParticipants: 4,
            popular: false,
            disabled: true
          }
        ]
      }

      at log (src/components/sections/PackagesSection.tsx:65:17)

    console.log
      ✅ Setando pacotes: 3 pacotes

      at log (src/components/sections/PackagesSection.tsx:68:19)

    console.log
      🏁 Finalizando loading

      at log (src/components/sections/PackagesSection.tsx:77:17)

    console.log
      Button clicked for package: pkg-1

      at log (src/components/sections/PackagesSection.tsx:226:35)

    console.log
      Adding to cart: pkg-1

      at log (src/components/sections/PackagesSection.tsx:86:13)

    console.log
      Found package: {
        id: 'pkg-1',
        name: 'Escalada Iniciante',
        price: 150,
        originalPrice: 200,
        description: 'Perfeito para iniciantes',
        features: [ 'Instrução básica', 'Equipamentos inclusos' ],
        bonus: [ 'Lanche', 'Fotos' ],
        shape: 'circle',
        color: 'climb-500',
        duration: '4 horas',
        maxParticipants: 8,
        popular: false,
        disabled: false
      }

      at log (src/components/sections/PackagesSection.tsx:88:13)

    console.log
      Item added, opening cart...

      at log (src/components/sections/PackagesSection.tsx:98:15)

    console.log
      🔍 useEffect executado - iniciando fetch dos pacotes

      at log (src/components/sections/PackagesSection.tsx:54:13)

    console.log
      📡 Iniciando fetch para /api/packages

      at log (src/components/sections/PackagesSection.tsx:58:17)

    console.log
      📨 Response recebida: undefined undefined

      at log (src/components/sections/PackagesSection.tsx:62:17)

    console.log
      📦 Dados recebidos: {
        success: true,
        data: [
          {
            id: 'pkg-1',
            name: 'Escalada Iniciante',
            price: 150,
            originalPrice: 200,
            description: 'Perfeito para iniciantes',
            features: [Array],
            bonus: [Array],
            shape: 'circle',
            color: 'climb-500',
            duration: '4 horas',
            maxParticipants: 8,
            popular: false,
            disabled: false
          },
          {
            id: 'pkg-2',
            name: 'Escalada Avançada',
            price: 250,
            description: 'Para escaladores experientes',
            features: [Array],
            bonus: [Array],
            shape: 'hexagon',
            color: 'orange-400',
            duration: '6 horas',
            maxParticipants: 6,
            popular: true,
            disabled: false
          },
          {
            id: 'pkg-3',
            name: 'Escalada Premium',
            price: 350,
            description: 'Experiência exclusiva',
            features: [Array],
            bonus: [Array],
            shape: 'triangle',
            color: 'purple-500',
            duration: '8 horas',
            maxParticipants: 4,
            popular: false,
            disabled: true
          }
        ]
      }

      at log (src/components/sections/PackagesSection.tsx:65:17)

    console.log
      ✅ Setando pacotes: 3 pacotes

      at log (src/components/sections/PackagesSection.tsx:68:19)

    console.log
      🏁 Finalizando loading

      at log (src/components/sections/PackagesSection.tsx:77:17)

    console.log
      🔍 useEffect executado - iniciando fetch dos pacotes

      at log (src/components/sections/PackagesSection.tsx:54:13)

    console.log
      📡 Iniciando fetch para /api/packages

      at log (src/components/sections/PackagesSection.tsx:58:17)

    console.log
      📨 Response recebida: undefined undefined

      at log (src/components/sections/PackagesSection.tsx:62:17)

    console.log
      📦 Dados recebidos: {
        success: true,
        data: [
          {
            id: 'pkg-1',
            name: 'Escalada Iniciante',
            price: 150,
            originalPrice: 200,
            description: 'Perfeito para iniciantes',
            features: [Array],
            bonus: [Array],
            shape: 'circle',
            color: 'climb-500',
            duration: '4 horas',
            maxParticipants: 8,
            popular: false,
            disabled: false
          },
          {
            id: 'pkg-2',
            name: 'Escalada Avançada',
            price: 250,
            description: 'Para escaladores experientes',
            features: [Array],
            bonus: [Array],
            shape: 'hexagon',
            color: 'orange-400',
            duration: '6 horas',
            maxParticipants: 6,
            popular: true,
            disabled: false
          },
          {
            id: 'pkg-3',
            name: 'Escalada Premium',
            price: 350,
            description: 'Experiência exclusiva',
            features: [Array],
            bonus: [Array],
            shape: 'triangle',
            color: 'purple-500',
            duration: '8 horas',
            maxParticipants: 4,
            popular: false,
            disabled: true
          }
        ]
      }

      at log (src/components/sections/PackagesSection.tsx:65:17)

    console.log
      ✅ Setando pacotes: 3 pacotes

      at log (src/components/sections/PackagesSection.tsx:68:19)

    console.log
      🏁 Finalizando loading

      at log (src/components/sections/PackagesSection.tsx:77:17)

    console.log
      Button clicked for package: pkg-1

      at log (src/components/sections/PackagesSection.tsx:226:35)

    console.log
      Adding to cart: pkg-1

      at log (src/components/sections/PackagesSection.tsx:86:13)

    console.log
      Found package: {
        id: 'pkg-1',
        name: 'Escalada Iniciante',
        price: 150,
        originalPrice: 200,
        description: 'Perfeito para iniciantes',
        features: [ 'Instrução básica', 'Equipamentos inclusos' ],
        bonus: [ 'Lanche', 'Fotos' ],
        shape: 'circle',
        color: 'climb-500',
        duration: '4 horas',
        maxParticipants: 8,
        popular: false,
        disabled: false
      }

      at log (src/components/sections/PackagesSection.tsx:88:13)

    console.log
      Item added, opening cart...

      at log (src/components/sections/PackagesSection.tsx:98:15)

    console.log
      Button clicked for package: pkg-1

      at log (src/components/sections/PackagesSection.tsx:226:35)

    console.log
      Adding to cart: pkg-1

      at log (src/components/sections/PackagesSection.tsx:86:13)

    console.log
      Found package: {
        id: 'pkg-1',
        name: 'Escalada Iniciante',
        price: 150,
        originalPrice: 200,
        description: 'Perfeito para iniciantes',
        features: [ 'Instrução básica', 'Equipamentos inclusos' ],
        bonus: [ 'Lanche', 'Fotos' ],
        shape: 'circle',
        color: 'climb-500',
        duration: '4 horas',
        maxParticipants: 8,
        popular: false,
        disabled: false
      }

      at log (src/components/sections/PackagesSection.tsx:88:13)

    console.log
      Item added, opening cart...

      at log (src/components/sections/PackagesSection.tsx:98:15)

    console.log
      🔍 useEffect executado - iniciando fetch dos pacotes

      at log (src/components/sections/PackagesSection.tsx:54:13)

    console.log
      📡 Iniciando fetch para /api/packages

      at log (src/components/sections/PackagesSection.tsx:58:17)

    console.log
      📨 Response recebida: undefined undefined

      at log (src/components/sections/PackagesSection.tsx:62:17)

    console.log
      📦 Dados recebidos: {
        success: true,
        data: [
          {
            id: 'pkg-1',
            name: 'Escalada Iniciante',
            price: 150,
            originalPrice: 200,
            description: 'Perfeito para iniciantes',
            features: [Array],
            bonus: [Array],
            shape: 'circle',
            color: 'climb-500',
            duration: '4 horas',
            maxParticipants: 8,
            popular: false,
            disabled: false
          },
          {
            id: 'pkg-2',
            name: 'Escalada Avançada',
            price: 250,
            description: 'Para escaladores experientes',
            features: [Array],
            bonus: [Array],
            shape: 'hexagon',
            color: 'orange-400',
            duration: '6 horas',
            maxParticipants: 6,
            popular: true,
            disabled: false
          },
          {
            id: 'pkg-3',
            name: 'Escalada Premium',
            price: 350,
            description: 'Experiência exclusiva',
            features: [Array],
            bonus: [Array],
            shape: 'triangle',
            color: 'purple-500',
            duration: '8 horas',
            maxParticipants: 4,
            popular: false,
            disabled: true
          }
        ]
      }

      at log (src/components/sections/PackagesSection.tsx:65:17)

    console.log
      ✅ Setando pacotes: 3 pacotes

      at log (src/components/sections/PackagesSection.tsx:68:19)

    console.log
      🏁 Finalizando loading

      at log (src/components/sections/PackagesSection.tsx:77:17)

    console.log
      🔍 useEffect executado - iniciando fetch dos pacotes

      at log (src/components/sections/PackagesSection.tsx:54:13)

    console.log
      📡 Iniciando fetch para /api/packages

      at log (src/components/sections/PackagesSection.tsx:58:17)

    console.log
      📨 Response recebida: undefined undefined

      at log (src/components/sections/PackagesSection.tsx:62:17)

    console.log
      📦 Dados recebidos: {
        success: true,
        data: [
          {
            id: 'pkg-1',
            name: 'Escalada Iniciante',
            price: 150,
            originalPrice: 200,
            description: 'Perfeito para iniciantes',
            features: [Array],
            bonus: [Array],
            shape: 'circle',
            color: 'climb-500',
            duration: '4 horas',
            maxParticipants: 8,
            popular: false,
            disabled: false
          },
          {
            id: 'pkg-2',
            name: 'Escalada Avançada',
            price: 250,
            description: 'Para escaladores experientes',
            features: [Array],
            bonus: [Array],
            shape: 'hexagon',
            color: 'orange-400',
            duration: '6 horas',
            maxParticipants: 6,
            popular: true,
            disabled: false
          },
          {
            id: 'pkg-3',
            name: 'Escalada Premium',
            price: 350,
            description: 'Experiência exclusiva',
            features: [Array],
            bonus: [Array],
            shape: 'triangle',
            color: 'purple-500',
            duration: '8 horas',
            maxParticipants: 4,
            popular: false,
            disabled: true
          }
        ]
      }

      at log (src/components/sections/PackagesSection.tsx:65:17)

    console.log
      ✅ Setando pacotes: 3 pacotes

      at log (src/components/sections/PackagesSection.tsx:68:19)

    console.log
      🏁 Finalizando loading

      at log (src/components/sections/PackagesSection.tsx:77:17)

    console.log
      🔍 useEffect executado - iniciando fetch dos pacotes

      at log (src/components/sections/PackagesSection.tsx:54:13)

    console.log
      📡 Iniciando fetch para /api/packages

      at log (src/components/sections/PackagesSection.tsx:58:17)

    console.error
      💥 Erro no fetch: Error: API Error
          at Object.<anonymous> (/app/src/components/sections/__tests__/PackagesSection.test.tsx:309:53)
          at Promise.then.completed (/app/node_modules/jest-circus/build/utils.js:298:28)
          at new Promise (<anonymous>)
          at callAsyncCircusFn (/app/node_modules/jest-circus/build/utils.js:231:10)
          at _callCircusTest (/app/node_modules/jest-circus/build/run.js:316:40)
          at _runTest (/app/node_modules/jest-circus/build/run.js:252:3)
          at _runTestsForDescribeBlock (/app/node_modules/jest-circus/build/run.js:126:9)
          at _runTestsForDescribeBlock (/app/node_modules/jest-circus/build/run.js:121:9)
          at _runTestsForDescribeBlock (/app/node_modules/jest-circus/build/run.js:121:9)
          at run (/app/node_modules/jest-circus/build/run.js:71:3)
          at runAndTransformResultsToJestFormat (/app/node_modules/jest-circus/build/legacy-code-todo-rewrite/jestAdapterInit.js:122:21)
          at jestAdapter (/app/node_modules/jest-circus/build/legacy-code-todo-rewrite/jestAdapter.js:79:19)
          at runTestInternal (/app/node_modules/jest-runner/build/runTest.js:367:16)
          at runTest (/app/node_modules/jest-runner/build/runTest.js:444:34)
          at Object.worker (/app/node_modules/jest-runner/build/testWorker.js:106:12)

      72 |         }
      73 |       } catch (error) {
    > 74 |         console.error('💥 Erro no fetch:', error);
         |                 ^
      75 |         // Let the error be visible - no masking with fallbacks
      76 |       } finally {
      77 |         console.log('🏁 Finalizando loading');

      at error (src/components/sections/PackagesSection.tsx:74:17)

    console.log
      🏁 Finalizando loading

      at log (src/components/sections/PackagesSection.tsx:77:17)

    console.log
      🔍 useEffect executado - iniciando fetch dos pacotes

      at log (src/components/sections/PackagesSection.tsx:54:13)

    console.log
      📡 Iniciando fetch para /api/packages

      at log (src/components/sections/PackagesSection.tsx:58:17)

    console.log
      📨 Response recebida: undefined undefined

      at log (src/components/sections/PackagesSection.tsx:62:17)

    console.log
      📦 Dados recebidos: { success: false, data: [] }

      at log (src/components/sections/PackagesSection.tsx:65:17)

    console.error
      ❌ API retornou success: false

      69 |           setApiPackages(result.data);
      70 |         } else {
    > 71 |           console.error('❌ API retornou success: false');
         |                   ^
      72 |         }
      73 |       } catch (error) {
      74 |         console.error('💥 Erro no fetch:', error);

      at error (src/components/sections/PackagesSection.tsx:71:19)

    console.log
      🏁 Finalizando loading

      at log (src/components/sections/PackagesSection.tsx:77:17)

    console.log
      🔍 useEffect executado - iniciando fetch dos pacotes

      at log (src/components/sections/PackagesSection.tsx:54:13)

    console.log
      📡 Iniciando fetch para /api/packages

      at log (src/components/sections/PackagesSection.tsx:58:17)

    console.log
      📨 Response recebida: undefined undefined

      at log (src/components/sections/PackagesSection.tsx:62:17)

    console.log
      📦 Dados recebidos: {
        success: true,
        data: [
          {
            id: 'pkg-1',
            name: 'Escalada Iniciante',
            price: 150,
            originalPrice: 200,
            description: 'Perfeito para iniciantes',
            features: [Array],
            bonus: [Array],
            shape: 'circle',
            color: 'climb-500',
            duration: '4 horas',
            maxParticipants: 8,
            popular: false,
            disabled: false
          },
          {
            id: 'pkg-2',
            name: 'Escalada Avançada',
            price: 250,
            description: 'Para escaladores experientes',
            features: [Array],
            bonus: [Array],
            shape: 'hexagon',
            color: 'orange-400',
            duration: '6 horas',
            maxParticipants: 6,
            popular: true,
            disabled: false
          },
          {
            id: 'pkg-3',
            name: 'Escalada Premium',
            price: 350,
            description: 'Experiência exclusiva',
            features: [Array],
            bonus: [Array],
            shape: 'triangle',
            color: 'purple-500',
            duration: '8 horas',
            maxParticipants: 4,
            popular: false,
            disabled: true
          }
        ]
      }

      at log (src/components/sections/PackagesSection.tsx:65:17)

    console.log
      ✅ Setando pacotes: 3 pacotes

      at log (src/components/sections/PackagesSection.tsx:68:19)

    console.log
      🏁 Finalizando loading

      at log (src/components/sections/PackagesSection.tsx:77:17)

    console.log
      🔍 useEffect executado - iniciando fetch dos pacotes

      at log (src/components/sections/PackagesSection.tsx:54:13)

    console.log
      📡 Iniciando fetch para /api/packages

      at log (src/components/sections/PackagesSection.tsx:58:17)

    console.log
      📨 Response recebida: undefined undefined

      at log (src/components/sections/PackagesSection.tsx:62:17)

    console.log
      📦 Dados recebidos: {
        success: true,
        data: [
          {
            id: 'pkg-1',
            name: 'Escalada Iniciante',
            price: 150,
            originalPrice: 200,
            description: 'Perfeito para iniciantes',
            features: [Array],
            bonus: [Array],
            shape: 'circle',
            color: 'climb-500',
            duration: '4 horas',
            maxParticipants: 8,
            popular: false,
            disabled: false
          },
          {
            id: 'pkg-2',
            name: 'Escalada Avançada',
            price: 250,
            description: 'Para escaladores experientes',
            features: [Array],
            bonus: [Array],
            shape: 'hexagon',
            color: 'orange-400',
            duration: '6 horas',
            maxParticipants: 6,
            popular: true,
            disabled: false
          },
          {
            id: 'pkg-3',
            name: 'Escalada Premium',
            price: 350,
            description: 'Experiência exclusiva',
            features: [Array],
            bonus: [Array],
            shape: 'triangle',
            color: 'purple-500',
            duration: '8 horas',
            maxParticipants: 4,
            popular: false,
            disabled: true
          }
        ]
      }

      at log (src/components/sections/PackagesSection.tsx:65:17)

    console.log
      ✅ Setando pacotes: 3 pacotes

      at log (src/components/sections/PackagesSection.tsx:68:19)

    console.log
      🏁 Finalizando loading

      at log (src/components/sections/PackagesSection.tsx:77:17)

    console.log
      🔍 useEffect executado - iniciando fetch dos pacotes

      at log (src/components/sections/PackagesSection.tsx:54:13)

    console.log
      📡 Iniciando fetch para /api/packages

      at log (src/components/sections/PackagesSection.tsx:58:17)

    console.log
      📨 Response recebida: undefined undefined

      at log (src/components/sections/PackagesSection.tsx:62:17)

    console.log
      📦 Dados recebidos: {
        success: true,
        data: [
          {
            id: 'pkg-1',
            name: 'Escalada Iniciante',
            price: 150,
            originalPrice: 200,
            description: 'Perfeito para iniciantes',
            features: [Array],
            bonus: [Array],
            shape: 'circle',
            color: 'climb-500',
            duration: '4 horas',
            maxParticipants: 8,
            popular: false,
            disabled: false
          },
          {
            id: 'pkg-2',
            name: 'Escalada Avançada',
            price: 250,
            description: 'Para escaladores experientes',
            features: [Array],
            bonus: [Array],
            shape: 'hexagon',
            color: 'orange-400',
            duration: '6 horas',
            maxParticipants: 6,
            popular: true,
            disabled: false
          },
          {
            id: 'pkg-3',
            name: 'Escalada Premium',
            price: 350,
            description: 'Experiência exclusiva',
            features: [Array],
            bonus: [Array],
            shape: 'triangle',
            color: 'purple-500',
            duration: '8 horas',
            maxParticipants: 4,
            popular: false,
            disabled: true
          }
        ]
      }

      at log (src/components/sections/PackagesSection.tsx:65:17)

    console.log
      ✅ Setando pacotes: 3 pacotes

      at log (src/components/sections/PackagesSection.tsx:68:19)

    console.log
      🏁 Finalizando loading

      at log (src/components/sections/PackagesSection.tsx:77:17)

    console.log
      🔍 useEffect executado - iniciando fetch dos pacotes

      at log (src/components/sections/PackagesSection.tsx:54:13)

    console.log
      📡 Iniciando fetch para /api/packages

      at log (src/components/sections/PackagesSection.tsx:58:17)

    console.log
      📨 Response recebida: undefined undefined

      at log (src/components/sections/PackagesSection.tsx:62:17)

    console.log
      📦 Dados recebidos: {
        success: true,
        data: [
          {
            id: 'pkg-1',
            name: 'Escalada Iniciante',
            price: 150,
            originalPrice: 200,
            description: 'Perfeito para iniciantes',
            features: [Array],
            bonus: [Array],
            shape: 'circle',
            color: 'climb-500',
            duration: '4 horas',
            maxParticipants: 8,
            popular: false,
            disabled: false
          },
          {
            id: 'pkg-2',
            name: 'Escalada Avançada',
            price: 250,
            description: 'Para escaladores experientes',
            features: [Array],
            bonus: [Array],
            shape: 'hexagon',
            color: 'orange-400',
            duration: '6 horas',
            maxParticipants: 6,
            popular: true,
            disabled: false
          },
          {
            id: 'pkg-3',
            name: 'Escalada Premium',
            price: 350,
            description: 'Experiência exclusiva',
            features: [Array],
            bonus: [Array],
            shape: 'triangle',
            color: 'purple-500',
            duration: '8 horas',
            maxParticipants: 4,
            popular: false,
            disabled: true
          }
        ]
      }

      at log (src/components/sections/PackagesSection.tsx:65:17)

    console.log
      ✅ Setando pacotes: 3 pacotes

      at log (src/components/sections/PackagesSection.tsx:68:19)

    console.log
      🏁 Finalizando loading

      at log (src/components/sections/PackagesSection.tsx:77:17)

    console.log
      🔍 useEffect executado - iniciando fetch dos pacotes

      at log (src/components/sections/PackagesSection.tsx:54:13)

    console.log
      📡 Iniciando fetch para /api/packages

      at log (src/components/sections/PackagesSection.tsx:58:17)

    console.log
      📨 Response recebida: undefined undefined

      at log (src/components/sections/PackagesSection.tsx:62:17)

    console.log
      📦 Dados recebidos: {
        success: true,
        data: [
          {
            id: 'pkg-1',
            name: 'Escalada Iniciante',
            price: 150,
            originalPrice: 200,
            description: 'Perfeito para iniciantes',
            features: [Array],
            bonus: [Array],
            shape: 'circle',
            color: 'climb-500',
            duration: '4 horas',
            maxParticipants: 8,
            popular: false,
            disabled: false
          },
          {
            id: 'pkg-2',
            name: 'Escalada Avançada',
            price: 250,
            description: 'Para escaladores experientes',
            features: [Array],
            bonus: [Array],
            shape: 'hexagon',
            color: 'orange-400',
            duration: '6 horas',
            maxParticipants: 6,
            popular: true,
            disabled: false
          },
          {
            id: 'pkg-3',
            name: 'Escalada Premium',
            price: 350,
            description: 'Experiência exclusiva',
            features: [Array],
            bonus: [Array],
            shape: 'triangle',
            color: 'purple-500',
            duration: '8 horas',
            maxParticipants: 4,
            popular: false,
            disabled: true
          }
        ]
      }

      at log (src/components/sections/PackagesSection.tsx:65:17)

    console.log
      ✅ Setando pacotes: 3 pacotes

      at log (src/components/sections/PackagesSection.tsx:68:19)

    console.log
      🏁 Finalizando loading

      at log (src/components/sections/PackagesSection.tsx:77:17)

    console.log
      🔍 useEffect executado - iniciando fetch dos pacotes

      at log (src/components/sections/PackagesSection.tsx:54:13)

    console.log
      📡 Iniciando fetch para /api/packages

      at log (src/components/sections/PackagesSection.tsx:58:17)

    console.log
      📨 Response recebida: undefined undefined

      at log (src/components/sections/PackagesSection.tsx:62:17)

    console.log
      📦 Dados recebidos: {
        success: true,
        data: [
          {
            id: 'pkg-1',
            name: 'Escalada Iniciante',
            price: 150,
            originalPrice: 200,
            description: 'Perfeito para iniciantes',
            features: [Array],
            bonus: [Array],
            shape: 'circle',
            color: 'climb-500',
            duration: '4 horas',
            maxParticipants: 8,
            popular: false,
            disabled: false
          },
          {
            id: 'pkg-2',
            name: 'Escalada Avançada',
            price: 250,
            description: 'Para escaladores experientes',
            features: [Array],
            bonus: [Array],
            shape: 'hexagon',
            color: 'orange-400',
            duration: '6 horas',
            maxParticipants: 6,
            popular: true,
            disabled: false
          },
          {
            id: 'pkg-3',
            name: 'Escalada Premium',
            price: 350,
            description: 'Experiência exclusiva',
            features: [Array],
            bonus: [Array],
            shape: 'triangle',
            color: 'purple-500',
            duration: '8 horas',
            maxParticipants: 4,
            popular: false,
            disabled: true
          }
        ]
      }

      at log (src/components/sections/PackagesSection.tsx:65:17)

    console.log
      ✅ Setando pacotes: 3 pacotes

      at log (src/components/sections/PackagesSection.tsx:68:19)

    console.log
      🏁 Finalizando loading

      at log (src/components/sections/PackagesSection.tsx:77:17)

    console.log
      🔍 useEffect executado - iniciando fetch dos pacotes

      at log (src/components/sections/PackagesSection.tsx:54:13)

    console.log
      📡 Iniciando fetch para /api/packages

      at log (src/components/sections/PackagesSection.tsx:58:17)

    console.log
      📨 Response recebida: undefined undefined

      at log (src/components/sections/PackagesSection.tsx:62:17)

    console.log
      📦 Dados recebidos: {
        success: true,
        data: [
          {
            id: 'pkg-1',
            name: 'Escalada Iniciante',
            price: 150,
            originalPrice: 200,
            description: 'Perfeito para iniciantes',
            features: [Array],
            bonus: [Array],
            shape: 'circle',
            color: 'climb-500',
            duration: '4 horas',
            maxParticipants: 8,
            popular: false,
            disabled: false
          },
          {
            id: 'pkg-2',
            name: 'Escalada Avançada',
            price: 250,
            description: 'Para escaladores experientes',
            features: [Array],
            bonus: [Array],
            shape: 'hexagon',
            color: 'orange-400',
            duration: '6 horas',
            maxParticipants: 6,
            popular: true,
            disabled: false
          },
          {
            id: 'pkg-3',
            name: 'Escalada Premium',
            price: 350,
            description: 'Experiência exclusiva',
            features: [Array],
            bonus: [Array],
            shape: 'triangle',
            color: 'purple-500',
            duration: '8 horas',
            maxParticipants: 4,
            popular: false,
            disabled: true
          }
        ]
      }

      at log (src/components/sections/PackagesSection.tsx:65:17)

    console.log
      ✅ Setando pacotes: 3 pacotes

      at log (src/components/sections/PackagesSection.tsx:68:19)

    console.log
      🏁 Finalizando loading

      at log (src/components/sections/PackagesSection.tsx:77:17)

  ● PackagesSection Component › disabled package handling › should apply disabled styling

    expect(element).toHaveClass("cursor-not-allowed opacity-60")

    Expected the element to have class:
      cursor-not-allowed opacity-60
    Received:
      relative overflow-hidden opacity-90 grayscale-[0.3]

      217 |       const disabledCard = screen.getByText('Indisponível').closest('div');
      218 |       const parentCard = disabledCard?.parentElement;
    > 219 |       expect(parentCard).toHaveClass('cursor-not-allowed', 'opacity-60');
          |                          ^
      220 |     });
      221 |
      222 |     it('should show disabled button text', () => {

      at Object.toHaveClass (src/components/sections/__tests__/PackagesSection.test.tsx:219:26)

  ● PackagesSection Component › disabled package handling › should show disabled button text

    TestingLibraryElementError: Unable to find an element with the text: Pacote Indisponível. This could be because the text is broken up by multiple elements. In this case, you can provide a function for your text matcher to make your matcher more flexible.

    Ignored nodes: comments, script, style
    [36m<body>[39m
      [36m<div>[39m
        [36m<section[39m
          [33mclass[39m=[32m"bg-neutral-50 py-20"[39m
          [33mid[39m=[32m"pacotes"[39m
        [36m>[39m
          [36m<div[39m
            [33mclass[39m=[32m"container mx-auto px-4"[39m
          [36m>[39m
            [36m<div[39m
              [33mclass[39m=[32m"mb-16 text-center"[39m
            [36m>[39m
              [36m<h2[39m
                [33mclass[39m=[32m"mb-6 text-4xl font-bold text-climb-600 md:text-5xl"[39m
              [36m>[39m
                [0mPacotes de Escalada[0m
              [36m</h2>[39m
              [36m<p[39m
                [33mclass[39m=[32m"mx-auto max-w-3xl text-xl text-neutral-700"[39m
              [36m>[39m
                [0mEscolha a experiência perfeita para o seu nível. Todos os pacotes incluem equipamentos de segurança e instrução profissional.[0m
              [36m</p>[39m
            [36m</div>[39m
            [36m<div[39m
              [33mclass[39m=[32m"mx-auto grid max-w-6xl grid-cols-1 gap-8 md:grid-cols-3"[39m
            [36m>[39m
              [36m<div[39m
                [33mclass[39m=[32m"relative overflow-hidden  "[39m
                [33mdata-interactive[39m=[32m"true"[39m
              [36m>[39m
                [36m<div>[39m
                  [36m<div[39m
                    [33mclass[39m=[32m"mx-auto mb-4 flex h-16 w-16 items-center justify-center text-2xl rounded-full bg-climb-500 text-white"[39m
                  [36m>[39m
                    [0m👑[0m
                  [36m</div>[39m
                  [36m<h3>[39m
                    [0mEscalada Iniciante[0m
                  [36m</h3>[39m
                  [36m<p>[39m
                    [0mPerfeito para iniciantes[0m
                  [36m</p>[39m
                [36m</div>[39m
                [36m<div>[39m
                  [36m<div[39m
                    [33mclass[39m=[32m"mb-6 text-center"[39m
                  [36m>[39m
                    [36m<div[39m
                      [33mclass[39m=[32m"flex items-center justify-center space-x-2"[39m
                    [36m>[39m
                      [36m<span[39m
                        [33mclass[39m=[32m"text-3xl font-bold text-climb-600"[39m
                      [36m>[39m
                        [0mR$ 150.00[0m
                      [36m</span>[39m
                      [36m<span[39m
                        [33mclass[39m=[32m"text-lg text-neutral-500 line-through"[39m
                      [36m>[39m
                        [0mR$ 200.00[0m
                      [36m</span>[39m
                    [36m</div>[39m
                    [36m<div[39m
                      [33mclass[39m=[32m"mt-1 text-sm text-neutral-600"[39m
                    [36m>[39m
                      [0m4 horas[0m
                    [36m</div>[39m
                  [36m</div>[39m
                  [36m<ul[39m
                    [33mclass[39m=[32m"space-y-3"[39m
                  [36m>[39m
                    [36m<li[39m
                      [33mclass[39m=[32m"flex items-start space-x-2"[39m
                    [36m>[39m
                      [36m<span[39m
                        [33mclass[39m=[32m"mt-1 text-climb-500"[39m
                      [36m>[39m
                        [0m✓[0m
                      [36m</span>[39m
                      [36m<span[39m
                        [33mclass[39m=[32m"text-neutral-700"[39m
                      [36m>[39m
                        [0mInstrução básica[0m
                      [36m</span>[39m
                    [36m</li>[39m
                    [36m<li[39m
                      [33mclass[39m=[32m"flex items-start space-x-2"[39m
                    [36m>[39m
                      [36m<span[39m
                        [33mclass[39m=[32m"mt-1 text-climb-500"[39m
                      [36m>[39m
                        [0m✓[0m
                      [36m</span>[39m
                      [36m<span[39m
                        [33mclass[39m=[32m"text-neutral-700"[39m
                      [36m>[39m
                        [0mEquipamentos inclusos[0m
                      [36m</span>[39m
                    [36m</li>[39m
                    [36m<li[39m
                      [33mclass[39m=[32m"border-t border-neutral-200 pt-2"[39m
                    [36m>[39m
                      [36m<span[39m
                        [33mclass[39m=[32m"text-sm font-semibold text-orange-600"[39m
                      [36m>[39m
                        [0m🎁 BÔNUS EXCLUSIVOS:[0m
                      [36m</span>[39m
                    [36m</li>[39m
                    [36m<li[39m
                      [33mclass[39m=[32m"flex items-start space-x-2"[39m
                    [36m>[39m
                      [36m<span[39m
                        [33mclass[39m=[32m"font-medium text-neutral-700"[39m
                      [36m>[39m
                        [0mLanche[0m
                      [36m</span>[39m
                    [36m</li>[39m
                    [36m<li[39m
                      [33mclass[39m=[32m"flex items-start space-x-2"[39m
                    [36m>[39m
                      [36m<span[39m
                        [33mclass[39m=[32m"font-medium text-neutral-700"[39m
                      [36m>[39m
                        [0mFotos[0m
                      [36m</span>[39m
                    [36m</li>[39m
                  [36m</ul>[39m
                [36m</div>[39m
                [36m<div>[39m
                  [36m<button[39m
                    [33mdata-size[39m=[32m"lg"[39m
                    [33mdata-variant[39m=[32m"outline"[39m
                  [36m>[39m
                    [0mAdicionar ao Carrinho[0m
                  [36m</button>[39m
                [36m</div>[39m
              [36m</div>[39m
              [36m<div[39m
                [33mclass[39m=[32m"relative overflow-hidden scale-105 ring-2 ring-orange-400 "[39m
                [33mdata-interactive[39m=[32m"true"[39m
              [36m>[39m
                [36m<div[39m
                  [33mclass[39m=[32m"absolute right-0 top-0 bg-orange-400 px-4 py-1 text-sm font-semibold text-white"[39m
                [36m>[39m
                  [0mMais Popular[0m
                [36m</div>[39m
                [36m<div>[39m
                  [36m<div[39m
                    [33mclass[39m=[32m"mx-auto mb-4 flex h-16 w-16 items-center justify-center text-2xl clip-hexagon bg-orange-400 text-white"[39m
                  [36m>[39m
                    [0m🏔️[0m
                  [36m</div>[39m
                  [36m<h3>[39m
                    [0mEscalada Avançada[0m
                  [36m</h3>[39m
                  [36m<p>[39m
                    [0mPara escaladores experientes[0m
                  [36m</p>[39m
                [36m</div>[39m
                [36m<div>[39m
                  [36m<div[39m
                    [33mclass[39m=[32m"mb-6 text-center"[39m
                  [36m>[39m
                    [36m<div[39m
                      [33mclass[39m=[32m"flex items-center justify-center space-x-2"[39m
                    [36m>[39m
                      [36m<span[39m
                        [33mclass[39m=[32m"text-3xl font-bold text-climb-600"[39m
                      [36m>[39m
                        [0mR$ 250.00[0m
                      [36m</span>[39m
                    [36m</div>[39m
                    [36m<div[39m
                      [33mclass[39m=[32m"mt-1 text-sm text-neutral-600"[39m
                    [36m>[39m
                      [0m6 horas[0m
                    [36m</div>[39m
                  [36m</div>[39m
                  [36m<ul[39m
                    [33mclass[39m=[32m"space-y-3"[39m
                  [36m>[39m
                    [36m<li[39m
                      [33mclass[39m=[32m"flex items-start space-x-2"[39m
                    [36m>[39m
                      [36m<span[39m
                        [33mclass[39m=[32m"mt-1 text-climb-500"[39m
                      [36m>[39m
                        [0m✓[0m
                      [36m</span>[39m
                      [36m<span[39m
                        [33mclass[39m=[32m"text-neutral-700"[39m
                      [36m>[39m
                        [0mRotas desafiadoras[0m
                      [36m</span>[39m
                    [36m</li>[39m
                    [36m<li[39m
                      [33mclass[39m=[32m"flex items-start space-x-2"[39m
                    [36m>[39m
                      [36m<span[39m
                        [33mclass[39m=[32m"mt-1 text-climb-500"[39m
                      [36m>[39m
                        [0m✓[0m
                      [36m</span>[39m
                      [36m<span[39m
                        [33mclass[39m=[32m"text-neutral-700"[39m
                      [36m>[39m
                        [0mEquipamentos profissionais[0m
                      [36m</span>[39m
                    [36m</li>[39m
                    [36m<li[39m
                      [33mclass[39m=[32m"border-t border-neutral-200 pt-2"[39m
                    [36m>[39m
                      [36m<span[39m
                        [33mclass[39m=[32m"text-sm font-semibold text-orange-600"[39m
                      [36m>[39m
                        [0m🎁 BÔNUS EXCLUSIVOS:[0m
                      [36m</span>[39m
                    [36m</li>[39m
                    [36m<li[39m
                      [33mclass[39m=[32m"flex items-start space-x-2"[39m
                    [36m>[39m
                      [36m<span[39m
                        [33mclass[39m=[32m"font-medium text-neutral-700"[39m
                      [36m>[39m
                        [0mAlmoço[0m
                      [36m</span>[39m
                    [36m</li>[39m
                    [36m<li[39m
                      [33mclass[39m=[32m"flex items-start space-x-2"[39m
                    [36m>[39m
                      [36m<span[39m
                        [33mclass[39m=[32m"font-medium text-neutral-700"[39m
                      [36m>[39m
                        [0mCertificado[0m
                      [36m</span>[39m
                    [36m</li>[39m
                  [36m</ul>[39m
                [36m</div>[39m
                [36m<div>[39m
                  [36m<button[39m
                    [33mdata-size[39m=[32m"lg"[39m
                    [33mdata-variant[39m=[32m"primary"[39m
                  [36m>[39m
                    [0mAdicionar ao Carrinho[0m
                  [36m</button>[39m
                [36m</div>[39m
              [36m</div>[39m
              [36m<div[39m
                [33mclass[39m=[32m"relative overflow-hidden  opacity-90 grayscale-[0.3]"[39m
                [33mdata-interactive[39m=[32m"true"[39m
              [36m>[39m
                [36m<div[39m
                  [33mclass[39m=[32m"absolute right-0 top-0 bg-gray-500 px-4 py-1 text-sm font-semibold text-white"[39m
                [36m>[39m
                  [0mIndisponível[0m
                [36m</div>[39m
                [36m<div>[39m
                  [36m<div[39m
                    [33mclass[39m=[32m"mx-auto mb-4 flex h-16 w-16 items-center justify-center text-2xl clip-triangle bg-purple-500 text-white"[39m
                  [36m>[39m
                    [0m⭐[0m
                  [36m</div>[39m
                  [36m<h3>[39m
                    [0mEscalada Premium[0m
                  [36m</h3>[39m
                  [36m<p>[39m
                    [0mExperiência exclusiva[0m
                  [36m</p>[39m
                [36m</div>[39m
                [36m<div>[39m
                  [36m<div[39m
                    [33mclass[39m=[32m"mb-6 text-center"[39m
                  [36m>[39m
                    [36m<div[39m
                      [33mclass[39m=[32m"flex items-center justify-center space-x-2"[39m
                    [36m>[39m
                      [36m<span[39m
                        [33mclass[39m=[32m"text-3xl font-bold text-climb-600"[39m
                      [36m>[39m
                        [0mR$ 350.00[0m
                      [36m</span>[39m
                    [36m</div>[39m
                    [36m<div[39m
                      [33mclass[39m=[32m"mt-1 text-sm text-neutral-600"[39m
                    [36m>[39m
                      [0m8 horas[0m
                    [36m</div>[39m
                  [36m</div>[39m
                  [36m<ul[39m
                    [33mclass[39m=[32m"space-y-3"[39m
                  [36m>[39m
                    [36m<li[39m
                      [33mclass[39m=[32m"flex items-start space-x-2"[39m
                    [36m>[39m
                      [36m<span[39m
                        [33mclass[39m=[32m"mt-1 text-climb-500"[39m
                      [36m>[39m
                        [0m✓[0m
                      [36m</span>[39m
                      [36m<span[39m
                        [33mclass[39m=[32m"text-neutral-700"[39m
                      [36m>[39m
                        [0mInstrutor particular[0m
                      [36m</span>[39m
                    [36m</li>[39m
                    [36m<li[39m
                      [33mclass[39m=[32m"flex items-start space-x-2"[39m
                    [36m>[39m
                      [36m<span[39m
                        [33mclass[39m=[32m"mt-1 text-climb-500"[39m
                      [36m>[39m
                        [0m✓[0m
                      [36m</span>[39m
                      [36m<span[39m
                        [33mclass[39m=[32m"text-neutral-700"[39m
                      [36m>[39m
                        [0mEquipamentos premium[0m
                      [36m</span>[39m
                    [36m</li>[39m
                    [36m<li[39m
                      [33mclass[39m=[32m"border-t border-neutral-200 pt-2"[39m
                    [36m>[39m
                      [36m<span[39m
                        [33mclass[39m=[32m"text-sm font-semibold text-orange-600"[39m
                      [36m>[39m
                        [0m🎁 BÔNUS EXCLUSIVOS:[0m
                      [36m</span>[39m
                    [36m</li>[39m
                    [36m<li[39m
                      [33mclass[39m=[32m"flex items-start space-x-2"[39m
                    [36m>[39m
                      [36m<span[39m
                        [33mclass[39m=[32m"font-medium text-neutral-700"[39m
                      [36m>[39m
                        [0mJantar[0m
                      [36m</span>[39m
                    [36m</li>[39m
                    [36m<li[39m
                      [33mclass[39m=[32m"flex items-start space-x-2"[39m
                    [36m>[39m
                      [36m<span[39m
                        [33mclass[39m=[32m"font-medium text-neutral-700"[39m
                      [36m>[39m
                        [0mVídeo profissional[0m
                      [36m</span>[39m
                    [36m</li>[39m
                  [36m</ul>[39m
                [36m</div>[39m
                [36m<div>[39m
                  [36m<button[39m
                    [33mdata-size[39m=[32m"lg"[39m
                    [33mdata-variant[39m=[32m"secondary"[39m
                  [36m>[39m
                    [0mEntrar na Lista de Espera[0m
                  [36m</button>[39m
                [36m</div>[39m
              [36m</div>[39m
            [36m</div>[39m
            [36m<div[39m
              [33mclass[39m=[32m"mt-12 text-center"[39m
            [36m>[39m
              [36m<p[39m
                [33mclass[39m=[32m"mb-4 text-neutral-600"[39m
              [36m>[39m
                [0mDúvidas sobre qual pacote escolher?[0m
              [36m</p>[39m
              [36m<button[39m
                [33mdata-size[39m=[32m"lg"[39m
                [33mdata-variant[39m=[32m"ghost"[39m
              [36m>[39m
                [0m📞 Fale Conosco[0m
              [36m</button>[39m
            [36m</div>[39m
          [36m</div>[39m
        [36m</section>[39m
      [36m</div>[39m
    [36m</body>[39m

      221 |
      222 |     it('should show disabled button text', () => {
    > 223 |       expect(screen.getByText('Pacote Indisponível')).toBeInTheDocument();
          |                     ^
      224 |     });
      225 |
      226 |     it('should disable button for unavailable packages', () => {

      at Object.getElementError (node_modules/@testing-library/dom/dist/config.js:37:19)
      at node_modules/@testing-library/dom/dist/query-helpers.js:76:38
      at node_modules/@testing-library/dom/dist/query-helpers.js:52:17
      at node_modules/@testing-library/dom/dist/query-helpers.js:95:19
      at Object.getByText (src/components/sections/__tests__/PackagesSection.test.tsx:223:21)

  ● PackagesSection Component › disabled package handling › should disable button for unavailable packages

    TestingLibraryElementError: Unable to find an element with the text: Pacote Indisponível. This could be because the text is broken up by multiple elements. In this case, you can provide a function for your text matcher to make your matcher more flexible.

    Ignored nodes: comments, script, style
    [36m<body>[39m
      [36m<div>[39m
        [36m<section[39m
          [33mclass[39m=[32m"bg-neutral-50 py-20"[39m
          [33mid[39m=[32m"pacotes"[39m
        [36m>[39m
          [36m<div[39m
            [33mclass[39m=[32m"container mx-auto px-4"[39m
          [36m>[39m
            [36m<div[39m
              [33mclass[39m=[32m"mb-16 text-center"[39m
            [36m>[39m
              [36m<h2[39m
                [33mclass[39m=[32m"mb-6 text-4xl font-bold text-climb-600 md:text-5xl"[39m
              [36m>[39m
                [0mPacotes de Escalada[0m
              [36m</h2>[39m
              [36m<p[39m
                [33mclass[39m=[32m"mx-auto max-w-3xl text-xl text-neutral-700"[39m
              [36m>[39m
                [0mEscolha a experiência perfeita para o seu nível. Todos os pacotes incluem equipamentos de segurança e instrução profissional.[0m
              [36m</p>[39m
            [36m</div>[39m
            [36m<div[39m
              [33mclass[39m=[32m"mx-auto grid max-w-6xl grid-cols-1 gap-8 md:grid-cols-3"[39m
            [36m>[39m
              [36m<div[39m
                [33mclass[39m=[32m"relative overflow-hidden  "[39m
                [33mdata-interactive[39m=[32m"true"[39m
              [36m>[39m
                [36m<div>[39m
                  [36m<div[39m
                    [33mclass[39m=[32m"mx-auto mb-4 flex h-16 w-16 items-center justify-center text-2xl rounded-full bg-climb-500 text-white"[39m
                  [36m>[39m
                    [0m👑[0m
                  [36m</div>[39m
                  [36m<h3>[39m
                    [0mEscalada Iniciante[0m
                  [36m</h3>[39m
                  [36m<p>[39m
                    [0mPerfeito para iniciantes[0m
                  [36m</p>[39m
                [36m</div>[39m
                [36m<div>[39m
                  [36m<div[39m
                    [33mclass[39m=[32m"mb-6 text-center"[39m
                  [36m>[39m
                    [36m<div[39m
                      [33mclass[39m=[32m"flex items-center justify-center space-x-2"[39m
                    [36m>[39m
                      [36m<span[39m
                        [33mclass[39m=[32m"text-3xl font-bold text-climb-600"[39m
                      [36m>[39m
                        [0mR$ 150.00[0m
                      [36m</span>[39m
                      [36m<span[39m
                        [33mclass[39m=[32m"text-lg text-neutral-500 line-through"[39m
                      [36m>[39m
                        [0mR$ 200.00[0m
                      [36m</span>[39m
                    [36m</div>[39m
                    [36m<div[39m
                      [33mclass[39m=[32m"mt-1 text-sm text-neutral-600"[39m
                    [36m>[39m
                      [0m4 horas[0m
                    [36m</div>[39m
                  [36m</div>[39m
                  [36m<ul[39m
                    [33mclass[39m=[32m"space-y-3"[39m
                  [36m>[39m
                    [36m<li[39m
                      [33mclass[39m=[32m"flex items-start space-x-2"[39m
                    [36m>[39m
                      [36m<span[39m
                        [33mclass[39m=[32m"mt-1 text-climb-500"[39m
                      [36m>[39m
                        [0m✓[0m
                      [36m</span>[39m
                      [36m<span[39m
                        [33mclass[39m=[32m"text-neutral-700"[39m
                      [36m>[39m
                        [0mInstrução básica[0m
                      [36m</span>[39m
                    [36m</li>[39m
                    [36m<li[39m
                      [33mclass[39m=[32m"flex items-start space-x-2"[39m
                    [36m>[39m
                      [36m<span[39m
                        [33mclass[39m=[32m"mt-1 text-climb-500"[39m
                      [36m>[39m
                        [0m✓[0m
                      [36m</span>[39m
                      [36m<span[39m
                        [33mclass[39m=[32m"text-neutral-700"[39m
                      [36m>[39m
                        [0mEquipamentos inclusos[0m
                      [36m</span>[39m
                    [36m</li>[39m
                    [36m<li[39m
                      [33mclass[39m=[32m"border-t border-neutral-200 pt-2"[39m
                    [36m>[39m
                      [36m<span[39m
                        [33mclass[39m=[32m"text-sm font-semibold text-orange-600"[39m
                      [36m>[39m
                        [0m🎁 BÔNUS EXCLUSIVOS:[0m
                      [36m</span>[39m
                    [36m</li>[39m
                    [36m<li[39m
                      [33mclass[39m=[32m"flex items-start space-x-2"[39m
                    [36m>[39m
                      [36m<span[39m
                        [33mclass[39m=[32m"font-medium text-neutral-700"[39m
                      [36m>[39m
                        [0mLanche[0m
                      [36m</span>[39m
                    [36m</li>[39m
                    [36m<li[39m
                      [33mclass[39m=[32m"flex items-start space-x-2"[39m
                    [36m>[39m
                      [36m<span[39m
                        [33mclass[39m=[32m"font-medium text-neutral-700"[39m
                      [36m>[39m
                        [0mFotos[0m
                      [36m</span>[39m
                    [36m</li>[39m
                  [36m</ul>[39m
                [36m</div>[39m
                [36m<div>[39m
                  [36m<button[39m
                    [33mdata-size[39m=[32m"lg"[39m
                    [33mdata-variant[39m=[32m"outline"[39m
                  [36m>[39m
                    [0mAdicionar ao Carrinho[0m
                  [36m</button>[39m
                [36m</div>[39m
              [36m</div>[39m
              [36m<div[39m
                [33mclass[39m=[32m"relative overflow-hidden scale-105 ring-2 ring-orange-400 "[39m
                [33mdata-interactive[39m=[32m"true"[39m
              [36m>[39m
                [36m<div[39m
                  [33mclass[39m=[32m"absolute right-0 top-0 bg-orange-400 px-4 py-1 text-sm font-semibold text-white"[39m
                [36m>[39m
                  [0mMais Popular[0m
                [36m</div>[39m
                [36m<div>[39m
                  [36m<div[39m
                    [33mclass[39m=[32m"mx-auto mb-4 flex h-16 w-16 items-center justify-center text-2xl clip-hexagon bg-orange-400 text-white"[39m
                  [36m>[39m
                    [0m🏔️[0m
                  [36m</div>[39m
                  [36m<h3>[39m
                    [0mEscalada Avançada[0m
                  [36m</h3>[39m
                  [36m<p>[39m
                    [0mPara escaladores experientes[0m
                  [36m</p>[39m
                [36m</div>[39m
                [36m<div>[39m
                  [36m<div[39m
                    [33mclass[39m=[32m"mb-6 text-center"[39m
                  [36m>[39m
                    [36m<div[39m
                      [33mclass[39m=[32m"flex items-center justify-center space-x-2"[39m
                    [36m>[39m
                      [36m<span[39m
                        [33mclass[39m=[32m"text-3xl font-bold text-climb-600"[39m
                      [36m>[39m
                        [0mR$ 250.00[0m
                      [36m</span>[39m
                    [36m</div>[39m
                    [36m<div[39m
                      [33mclass[39m=[32m"mt-1 text-sm text-neutral-600"[39m
                    [36m>[39m
                      [0m6 horas[0m
                    [36m</div>[39m
                  [36m</div>[39m
                  [36m<ul[39m
                    [33mclass[39m=[32m"space-y-3"[39m
                  [36m>[39m
                    [36m<li[39m
                      [33mclass[39m=[32m"flex items-start space-x-2"[39m
                    [36m>[39m
                      [36m<span[39m
                        [33mclass[39m=[32m"mt-1 text-climb-500"[39m
                      [36m>[39m
                        [0m✓[0m
                      [36m</span>[39m
                      [36m<span[39m
                        [33mclass[39m=[32m"text-neutral-700"[39m
                      [36m>[39m
                        [0mRotas desafiadoras[0m
                      [36m</span>[39m
                    [36m</li>[39m
                    [36m<li[39m
                      [33mclass[39m=[32m"flex items-start space-x-2"[39m
                    [36m>[39m
                      [36m<span[39m
                        [33mclass[39m=[32m"mt-1 text-climb-500"[39m
                      [36m>[39m
                        [0m✓[0m
                      [36m</span>[39m
                      [36m<span[39m
                        [33mclass[39m=[32m"text-neutral-700"[39m
                      [36m>[39m
                        [0mEquipamentos profissionais[0m
                      [36m</span>[39m
                    [36m</li>[39m
                    [36m<li[39m
                      [33mclass[39m=[32m"border-t border-neutral-200 pt-2"[39m
                    [36m>[39m
                      [36m<span[39m
                        [33mclass[39m=[32m"text-sm font-semibold text-orange-600"[39m
                      [36m>[39m
                        [0m🎁 BÔNUS EXCLUSIVOS:[0m
                      [36m</span>[39m
                    [36m</li>[39m
                    [36m<li[39m
                      [33mclass[39m=[32m"flex items-start space-x-2"[39m
                    [36m>[39m
                      [36m<span[39m
                        [33mclass[39m=[32m"font-medium text-neutral-700"[39m
                      [36m>[39m
                        [0mAlmoço[0m
                      [36m</span>[39m
                    [36m</li>[39m
                    [36m<li[39m
                      [33mclass[39m=[32m"flex items-start space-x-2"[39m
                    [36m>[39m
                      [36m<span[39m
                        [33mclass[39m=[32m"font-medium text-neutral-700"[39m
                      [36m>[39m
                        [0mCertificado[0m
                      [36m</span>[39m
                    [36m</li>[39m
                  [36m</ul>[39m
                [36m</div>[39m
                [36m<div>[39m
                  [36m<button[39m
                    [33mdata-size[39m=[32m"lg"[39m
                    [33mdata-variant[39m=[32m"primary"[39m
                  [36m>[39m
                    [0mAdicionar ao Carrinho[0m
                  [36m</button>[39m
                [36m</div>[39m
              [36m</div>[39m
              [36m<div[39m
                [33mclass[39m=[32m"relative overflow-hidden  opacity-90 grayscale-[0.3]"[39m
                [33mdata-interactive[39m=[32m"true"[39m
              [36m>[39m
                [36m<div[39m
                  [33mclass[39m=[32m"absolute right-0 top-0 bg-gray-500 px-4 py-1 text-sm font-semibold text-white"[39m
                [36m>[39m
                  [0mIndisponível[0m
                [36m</div>[39m
                [36m<div>[39m
                  [36m<div[39m
                    [33mclass[39m=[32m"mx-auto mb-4 flex h-16 w-16 items-center justify-center text-2xl clip-triangle bg-purple-500 text-white"[39m
                  [36m>[39m
                    [0m⭐[0m
                  [36m</div>[39m
                  [36m<h3>[39m
                    [0mEscalada Premium[0m
                  [36m</h3>[39m
                  [36m<p>[39m
                    [0mExperiência exclusiva[0m
                  [36m</p>[39m
                [36m</div>[39m
                [36m<div>[39m
                  [36m<div[39m
                    [33mclass[39m=[32m"mb-6 text-center"[39m
                  [36m>[39m
                    [36m<div[39m
                      [33mclass[39m=[32m"flex items-center justify-center space-x-2"[39m
                    [36m>[39m
                      [36m<span[39m
                        [33mclass[39m=[32m"text-3xl font-bold text-climb-600"[39m
                      [36m>[39m
                        [0mR$ 350.00[0m
                      [36m</span>[39m
                    [36m</div>[39m
                    [36m<div[39m
                      [33mclass[39m=[32m"mt-1 text-sm text-neutral-600"[39m
                    [36m>[39m
                      [0m8 horas[0m
                    [36m</div>[39m
                  [36m</div>[39m
                  [36m<ul[39m
                    [33mclass[39m=[32m"space-y-3"[39m
                  [36m>[39m
                    [36m<li[39m
                      [33mclass[39m=[32m"flex items-start space-x-2"[39m
                    [36m>[39m
                      [36m<span[39m
                        [33mclass[39m=[32m"mt-1 text-climb-500"[39m
                      [36m>[39m
                        [0m✓[0m
                      [36m</span>[39m
                      [36m<span[39m
                        [33mclass[39m=[32m"text-neutral-700"[39m
                      [36m>[39m
                        [0mInstrutor particular[0m
                      [36m</span>[39m
                    [36m</li>[39m
                    [36m<li[39m
                      [33mclass[39m=[32m"flex items-start space-x-2"[39m
                    [36m>[39m
                      [36m<span[39m
                        [33mclass[39m=[32m"mt-1 text-climb-500"[39m
                      [36m>[39m
                        [0m✓[0m
                      [36m</span>[39m
                      [36m<span[39m
                        [33mclass[39m=[32m"text-neutral-700"[39m
                      [36m>[39m
                        [0mEquipamentos premium[0m
                      [36m</span>[39m
                    [36m</li>[39m
                    [36m<li[39m
                      [33mclass[39m=[32m"border-t border-neutral-200 pt-2"[39m
                    [36m>[39m
                      [36m<span[39m
                        [33mclass[39m=[32m"text-sm font-semibold text-orange-600"[39m
                      [36m>[39m
                        [0m🎁 BÔNUS EXCLUSIVOS:[0m
                      [36m</span>[39m
                    [36m</li>[39m
                    [36m<li[39m
                      [33mclass[39m=[32m"flex items-start space-x-2"[39m
                    [36m>[39m
                      [36m<span[39m
                        [33mclass[39m=[32m"font-medium text-neutral-700"[39m
                      [36m>[39m
                        [0mJantar[0m
                      [36m</span>[39m
                    [36m</li>[39m
                    [36m<li[39m
                      [33mclass[39m=[32m"flex items-start space-x-2"[39m
                    [36m>[39m
                      [36m<span[39m
                        [33mclass[39m=[32m"font-medium text-neutral-700"[39m
                      [36m>[39m
                        [0mVídeo profissional[0m
                      [36m</span>[39m
                    [36m</li>[39m
                  [36m</ul>[39m
                [36m</div>[39m
                [36m<div>[39m
                  [36m<button[39m
                    [33mdata-size[39m=[32m"lg"[39m
                    [33mdata-variant[39m=[32m"secondary"[39m
                  [36m>[39m
                    [0mEntrar na Lista de Espera[0m
                  [36m</button>[39m
                [36m</div>[39m
              [36m</div>[39m
            [36m</div>[39m
            [36m<div[39m
              [33mclass[39m=[32m"mt-12 text-center"[39m
            [36m>[39m
              [36m<p[39m
                [33mclass[39m=[32m"mb-4 text-neutral-600"[39m
              [36m>[39m
                [0mDúvidas sobre qual pacote escolher?[0m
              [36m</p>[39m
              [36m<button[39m
                [33mdata-size[39m=[32m"lg"[39m
                [33mdata-variant[39m=[32m"ghost"[39m
              [36m>[39m
                [0m📞 Fale Conosco[0m
              [36m</button>[39m
            [36m</div>[39m
          [36m</div>[39m
        [36m</section>[39m
      [36m</div>[39m
    [36m</body>[39m

      225 |
      226 |     it('should disable button for unavailable packages', () => {
    > 227 |       const disabledButton = screen.getByText('Pacote Indisponível');
          |                                     ^
      228 |       expect(disabledButton).toBeDisabled();
      229 |     });
      230 |   });

      at Object.getElementError (node_modules/@testing-library/dom/dist/config.js:37:19)
      at node_modules/@testing-library/dom/dist/query-helpers.js:76:38
      at node_modules/@testing-library/dom/dist/query-helpers.js:52:17
      at node_modules/@testing-library/dom/dist/query-helpers.js:95:19
      at Object.getByText (src/components/sections/__tests__/PackagesSection.test.tsx:227:37)

  ● PackagesSection Component › add to cart functionality › should not add disabled packages to cart

    TestingLibraryElementError: Unable to find an element with the text: Pacote Indisponível. This could be because the text is broken up by multiple elements. In this case, you can provide a function for your text matcher to make your matcher more flexible.

    Ignored nodes: comments, script, style
    [36m<body>[39m
      [36m<div>[39m
        [36m<section[39m
          [33mclass[39m=[32m"bg-neutral-50 py-20"[39m
          [33mid[39m=[32m"pacotes"[39m
        [36m>[39m
          [36m<div[39m
            [33mclass[39m=[32m"container mx-auto px-4"[39m
          [36m>[39m
            [36m<div[39m
              [33mclass[39m=[32m"mb-16 text-center"[39m
            [36m>[39m
              [36m<h2[39m
                [33mclass[39m=[32m"mb-6 text-4xl font-bold text-climb-600 md:text-5xl"[39m
              [36m>[39m
                [0mPacotes de Escalada[0m
              [36m</h2>[39m
              [36m<p[39m
                [33mclass[39m=[32m"mx-auto max-w-3xl text-xl text-neutral-700"[39m
              [36m>[39m
                [0mEscolha a experiência perfeita para o seu nível. Todos os pacotes incluem equipamentos de segurança e instrução profissional.[0m
              [36m</p>[39m
            [36m</div>[39m
            [36m<div[39m
              [33mclass[39m=[32m"mx-auto grid max-w-6xl grid-cols-1 gap-8 md:grid-cols-3"[39m
            [36m>[39m
              [36m<div[39m
                [33mclass[39m=[32m"relative overflow-hidden  "[39m
                [33mdata-interactive[39m=[32m"true"[39m
              [36m>[39m
                [36m<div>[39m
                  [36m<div[39m
                    [33mclass[39m=[32m"mx-auto mb-4 flex h-16 w-16 items-center justify-center text-2xl rounded-full bg-climb-500 text-white"[39m
                  [36m>[39m
                    [0m👑[0m
                  [36m</div>[39m
                  [36m<h3>[39m
                    [0mEscalada Iniciante[0m
                  [36m</h3>[39m
                  [36m<p>[39m
                    [0mPerfeito para iniciantes[0m
                  [36m</p>[39m
                [36m</div>[39m
                [36m<div>[39m
                  [36m<div[39m
                    [33mclass[39m=[32m"mb-6 text-center"[39m
                  [36m>[39m
                    [36m<div[39m
                      [33mclass[39m=[32m"flex items-center justify-center space-x-2"[39m
                    [36m>[39m
                      [36m<span[39m
                        [33mclass[39m=[32m"text-3xl font-bold text-climb-600"[39m
                      [36m>[39m
                        [0mR$ 150.00[0m
                      [36m</span>[39m
                      [36m<span[39m
                        [33mclass[39m=[32m"text-lg text-neutral-500 line-through"[39m
                      [36m>[39m
                        [0mR$ 200.00[0m
                      [36m</span>[39m
                    [36m</div>[39m
                    [36m<div[39m
                      [33mclass[39m=[32m"mt-1 text-sm text-neutral-600"[39m
                    [36m>[39m
                      [0m4 horas[0m
                    [36m</div>[39m
                  [36m</div>[39m
                  [36m<ul[39m
                    [33mclass[39m=[32m"space-y-3"[39m
                  [36m>[39m
                    [36m<li[39m
                      [33mclass[39m=[32m"flex items-start space-x-2"[39m
                    [36m>[39m
                      [36m<span[39m
                        [33mclass[39m=[32m"mt-1 text-climb-500"[39m
                      [36m>[39m
                        [0m✓[0m
                      [36m</span>[39m
                      [36m<span[39m
                        [33mclass[39m=[32m"text-neutral-700"[39m
                      [36m>[39m
                        [0mInstrução básica[0m
                      [36m</span>[39m
                    [36m</li>[39m
                    [36m<li[39m
                      [33mclass[39m=[32m"flex items-start space-x-2"[39m
                    [36m>[39m
                      [36m<span[39m
                        [33mclass[39m=[32m"mt-1 text-climb-500"[39m
                      [36m>[39m
                        [0m✓[0m
                      [36m</span>[39m
                      [36m<span[39m
                        [33mclass[39m=[32m"text-neutral-700"[39m
                      [36m>[39m
                        [0mEquipamentos inclusos[0m
                      [36m</span>[39m
                    [36m</li>[39m
                    [36m<li[39m
                      [33mclass[39m=[32m"border-t border-neutral-200 pt-2"[39m
                    [36m>[39m
                      [36m<span[39m
                        [33mclass[39m=[32m"text-sm font-semibold text-orange-600"[39m
                      [36m>[39m
                        [0m🎁 BÔNUS EXCLUSIVOS:[0m
                      [36m</span>[39m
                    [36m</li>[39m
                    [36m<li[39m
                      [33mclass[39m=[32m"flex items-start space-x-2"[39m
                    [36m>[39m
                      [36m<span[39m
                        [33mclass[39m=[32m"font-medium text-neutral-700"[39m
                      [36m>[39m
                        [0mLanche[0m
                      [36m</span>[39m
                    [36m</li>[39m
                    [36m<li[39m
                      [33mclass[39m=[32m"flex items-start space-x-2"[39m
                    [36m>[39m
                      [36m<span[39m
                        [33mclass[39m=[32m"font-medium text-neutral-700"[39m
                      [36m>[39m
                        [0mFotos[0m
                      [36m</span>[39m
                    [36m</li>[39m
                  [36m</ul>[39m
                [36m</div>[39m
                [36m<div>[39m
                  [36m<button[39m
                    [33mdata-size[39m=[32m"lg"[39m
                    [33mdata-variant[39m=[32m"outline"[39m
                  [36m>[39m
                    [0mAdicionar ao Carrinho[0m
                  [36m</button>[39m
                [36m</div>[39m
              [36m</div>[39m
              [36m<div[39m
                [33mclass[39m=[32m"relative overflow-hidden scale-105 ring-2 ring-orange-400 "[39m
                [33mdata-interactive[39m=[32m"true"[39m
              [36m>[39m
                [36m<div[39m
                  [33mclass[39m=[32m"absolute right-0 top-0 bg-orange-400 px-4 py-1 text-sm font-semibold text-white"[39m
                [36m>[39m
                  [0mMais Popular[0m
                [36m</div>[39m
                [36m<div>[39m
                  [36m<div[39m
                    [33mclass[39m=[32m"mx-auto mb-4 flex h-16 w-16 items-center justify-center text-2xl clip-hexagon bg-orange-400 text-white"[39m
                  [36m>[39m
                    [0m🏔️[0m
                  [36m</div>[39m
                  [36m<h3>[39m
                    [0mEscalada Avançada[0m
                  [36m</h3>[39m
                  [36m<p>[39m
                    [0mPara escaladores experientes[0m
                  [36m</p>[39m
                [36m</div>[39m
                [36m<div>[39m
                  [36m<div[39m
                    [33mclass[39m=[32m"mb-6 text-center"[39m
                  [36m>[39m
                    [36m<div[39m
                      [33mclass[39m=[32m"flex items-center justify-center space-x-2"[39m
                    [36m>[39m
                      [36m<span[39m
                        [33mclass[39m=[32m"text-3xl font-bold text-climb-600"[39m
                      [36m>[39m
                        [0mR$ 250.00[0m
                      [36m</span>[39m
                    [36m</div>[39m
                    [36m<div[39m
                      [33mclass[39m=[32m"mt-1 text-sm text-neutral-600"[39m
                    [36m>[39m
                      [0m6 horas[0m
                    [36m</div>[39m
                  [36m</div>[39m
                  [36m<ul[39m
                    [33mclass[39m=[32m"space-y-3"[39m
                  [36m>[39m
                    [36m<li[39m
                      [33mclass[39m=[32m"flex items-start space-x-2"[39m
                    [36m>[39m
                      [36m<span[39m
                        [33mclass[39m=[32m"mt-1 text-climb-500"[39m
                      [36m>[39m
                        [0m✓[0m
                      [36m</span>[39m
                      [36m<span[39m
                        [33mclass[39m=[32m"text-neutral-700"[39m
                      [36m>[39m
                        [0mRotas desafiadoras[0m
                      [36m</span>[39m
                    [36m</li>[39m
                    [36m<li[39m
                      [33mclass[39m=[32m"flex items-start space-x-2"[39m
                    [36m>[39m
                      [36m<span[39m
                        [33mclass[39m=[32m"mt-1 text-climb-500"[39m
                      [36m>[39m
                        [0m✓[0m
                      [36m</span>[39m
                      [36m<span[39m
                        [33mclass[39m=[32m"text-neutral-700"[39m
                      [36m>[39m
                        [0mEquipamentos profissionais[0m
                      [36m</span>[39m
                    [36m</li>[39m
                    [36m<li[39m
                      [33mclass[39m=[32m"border-t border-neutral-200 pt-2"[39m
                    [36m>[39m
                      [36m<span[39m
                        [33mclass[39m=[32m"text-sm font-semibold text-orange-600"[39m
                      [36m>[39m
                        [0m🎁 BÔNUS EXCLUSIVOS:[0m
                      [36m</span>[39m
                    [36m</li>[39m
                    [36m<li[39m
                      [33mclass[39m=[32m"flex items-start space-x-2"[39m
                    [36m>[39m
                      [36m<span[39m
                        [33mclass[39m=[32m"font-medium text-neutral-700"[39m
                      [36m>[39m
                        [0mAlmoço[0m
                      [36m</span>[39m
                    [36m</li>[39m
                    [36m<li[39m
                      [33mclass[39m=[32m"flex items-start space-x-2"[39m
                    [36m>[39m
                      [36m<span[39m
                        [33mclass[39m=[32m"font-medium text-neutral-700"[39m
                      [36m>[39m
                        [0mCertificado[0m
                      [36m</span>[39m
                    [36m</li>[39m
                  [36m</ul>[39m
                [36m</div>[39m
                [36m<div>[39m
                  [36m<button[39m
                    [33mdata-size[39m=[32m"lg"[39m
                    [33mdata-variant[39m=[32m"primary"[39m
                  [36m>[39m
                    [0mAdicionar ao Carrinho[0m
                  [36m</button>[39m
                [36m</div>[39m
              [36m</div>[39m
              [36m<div[39m
                [33mclass[39m=[32m"relative overflow-hidden  opacity-90 grayscale-[0.3]"[39m
                [33mdata-interactive[39m=[32m"true"[39m
              [36m>[39m
                [36m<div[39m
                  [33mclass[39m=[32m"absolute right-0 top-0 bg-gray-500 px-4 py-1 text-sm font-semibold text-white"[39m
                [36m>[39m
                  [0mIndisponível[0m
                [36m</div>[39m
                [36m<div>[39m
                  [36m<div[39m
                    [33mclass[39m=[32m"mx-auto mb-4 flex h-16 w-16 items-center justify-center text-2xl clip-triangle bg-purple-500 text-white"[39m
                  [36m>[39m
                    [0m⭐[0m
                  [36m</div>[39m
                  [36m<h3>[39m
                    [0mEscalada Premium[0m
                  [36m</h3>[39m
                  [36m<p>[39m
                    [0mExperiência exclusiva[0m
                  [36m</p>[39m
                [36m</div>[39m
                [36m<div>[39m
                  [36m<div[39m
                    [33mclass[39m=[32m"mb-6 text-center"[39m
                  [36m>[39m
                    [36m<div[39m
                      [33mclass[39m=[32m"flex items-center justify-center space-x-2"[39m
                    [36m>[39m
                      [36m<span[39m
                        [33mclass[39m=[32m"text-3xl font-bold text-climb-600"[39m
                      [36m>[39m
                        [0mR$ 350.00[0m
                      [36m</span>[39m
                    [36m</div>[39m
                    [36m<div[39m
                      [33mclass[39m=[32m"mt-1 text-sm text-neutral-600"[39m
                    [36m>[39m
                      [0m8 horas[0m
                    [36m</div>[39m
                  [36m</div>[39m
                  [36m<ul[39m
                    [33mclass[39m=[32m"space-y-3"[39m
                  [36m>[39m
                    [36m<li[39m
                      [33mclass[39m=[32m"flex items-start space-x-2"[39m
                    [36m>[39m
                      [36m<span[39m
                        [33mclass[39m=[32m"mt-1 text-climb-500"[39m
                      [36m>[39m
                        [0m✓[0m
                      [36m</span>[39m
                      [36m<span[39m
                        [33mclass[39m=[32m"text-neutral-700"[39m
                      [36m>[39m
                        [0mInstrutor particular[0m
                      [36m</span>[39m
                    [36m</li>[39m
                    [36m<li[39m
                      [33mclass[39m=[32m"flex items-start space-x-2"[39m
                    [36m>[39m
                      [36m<span[39m
                        [33mclass[39m=[32m"mt-1 text-climb-500"[39m
                      [36m>[39m
                        [0m✓[0m
                      [36m</span>[39m
                      [36m<span[39m
                        [33mclass[39m=[32m"text-neutral-700"[39m
                      [36m>[39m
                        [0mEquipamentos premium[0m
                      [36m</span>[39m
                    [36m</li>[39m
                    [36m<li[39m
                      [33mclass[39m=[32m"border-t border-neutral-200 pt-2"[39m
                    [36m>[39m
                      [36m<span[39m
                        [33mclass[39m=[32m"text-sm font-semibold text-orange-600"[39m
                      [36m>[39m
                        [0m🎁 BÔNUS EXCLUSIVOS:[0m
                      [36m</span>[39m
                    [36m</li>[39m
                    [36m<li[39m
                      [33mclass[39m=[32m"flex items-start space-x-2"[39m
                    [36m>[39m
                      [36m<span[39m
                        [33mclass[39m=[32m"font-medium text-neutral-700"[39m
                      [36m>[39m
                        [0mJantar[0m
                      [36m</span>[39m
                    [36m</li>[39m
                    [36m<li[39m
                      [33mclass[39m=[32m"flex items-start space-x-2"[39m
                    [36m>[39m
                      [36m<span[39m
                        [33mclass[39m=[32m"font-medium text-neutral-700"[39m
                      [36m>[39m
                        [0mVídeo profissional[0m
                      [36m</span>[39m
                    [36m</li>[39m
                  [36m</ul>[39m
                [36m</div>[39m
                [36m<div>[39m
                  [36m<button[39m
                    [33mdata-size[39m=[32m"lg"[39m
                    [33mdata-variant[39m=[32m"secondary"[39m
                  [36m>[39m
                    [0mEntrar na Lista de Espera[0m
                  [36m</button>[39m
                [36m</div>[39m
              [36m</div>[39m
            [36m</div>[39m
            [36m<div[39m
              [33mclass[39m=[32m"mt-12 text-center"[39m
            [36m>[39m
              [36m<p[39m
                [33mclass[39m=[32m"mb-4 text-neutral-600"[39m
              [36m>[39m
                [0mDúvidas sobre qual pacote escolher?[0m
              [36m</p>[39m
              [36m<button[39m
                [33mdata-size[39m=[32m"lg"[39m
                [33mdata-variant[39m=[32m"ghost"[39m
              [36m>[39m
                [0m📞 Fale Conosco[0m
              [36m</button>[39m
            [36m</div>[39m
          [36m</div>[39m
        [36m</section>[39m
      [36m</div>[39m
    [36m</body>[39m

      259 |
      260 |     it('should not add disabled packages to cart', () => {
    > 261 |       const disabledButton = screen.getByText('Pacote Indisponível');
          |                                     ^
      262 |       fireEvent.click(disabledButton);
      263 |
      264 |       expect(mockCartStore.addItem).not.toHaveBeenCalled();

      at Object.getElementError (node_modules/@testing-library/dom/dist/config.js:37:19)
      at node_modules/@testing-library/dom/dist/query-helpers.js:76:38
      at node_modules/@testing-library/dom/dist/query-helpers.js:52:17
      at node_modules/@testing-library/dom/dist/query-helpers.js:95:19
      at Object.getByText (src/components/sections/__tests__/PackagesSection.test.tsx:261:37)

  ● PackagesSection Component › accessibility › should have accessible buttons

    expect(element).toHaveTextContent()

    Expected element to have text content:
      /adicionar ao carrinho|pacote indisponível|fale conosco/i
    Received:
      Entrar na Lista de Espera

      401 |
      402 |       buttons.forEach(button => {
    > 403 |         expect(button).toHaveTextContent(/adicionar ao carrinho|pacote indisponível|fale conosco/i);
          |                        ^
      404 |       });
      405 |     });
      406 |

      at toHaveTextContent (src/components/sections/__tests__/PackagesSection.test.tsx:403:24)
          at Array.forEach (<anonymous>)
      at Object.forEach (src/components/sections/__tests__/PackagesSection.test.tsx:402:15)

  ● PackagesSection Component › accessibility › should have proper button states

    TestingLibraryElementError: Unable to find an element with the text: Pacote Indisponível. This could be because the text is broken up by multiple elements. In this case, you can provide a function for your text matcher to make your matcher more flexible.

    Ignored nodes: comments, script, style
    [36m<body>[39m
      [36m<div>[39m
        [36m<section[39m
          [33mclass[39m=[32m"bg-neutral-50 py-20"[39m
          [33mid[39m=[32m"pacotes"[39m
        [36m>[39m
          [36m<div[39m
            [33mclass[39m=[32m"container mx-auto px-4"[39m
          [36m>[39m
            [36m<div[39m
              [33mclass[39m=[32m"mb-16 text-center"[39m
            [36m>[39m
              [36m<h2[39m
                [33mclass[39m=[32m"mb-6 text-4xl font-bold text-climb-600 md:text-5xl"[39m
              [36m>[39m
                [0mPacotes de Escalada[0m
              [36m</h2>[39m
              [36m<p[39m
                [33mclass[39m=[32m"mx-auto max-w-3xl text-xl text-neutral-700"[39m
              [36m>[39m
                [0mEscolha a experiência perfeita para o seu nível. Todos os pacotes incluem equipamentos de segurança e instrução profissional.[0m
              [36m</p>[39m
            [36m</div>[39m
            [36m<div[39m
              [33mclass[39m=[32m"mx-auto grid max-w-6xl grid-cols-1 gap-8 md:grid-cols-3"[39m
            [36m>[39m
              [36m<div[39m
                [33mclass[39m=[32m"relative overflow-hidden  "[39m
                [33mdata-interactive[39m=[32m"true"[39m
              [36m>[39m
                [36m<div>[39m
                  [36m<div[39m
                    [33mclass[39m=[32m"mx-auto mb-4 flex h-16 w-16 items-center justify-center text-2xl rounded-full bg-climb-500 text-white"[39m
                  [36m>[39m
                    [0m👑[0m
                  [36m</div>[39m
                  [36m<h3>[39m
                    [0mEscalada Iniciante[0m
                  [36m</h3>[39m
                  [36m<p>[39m
                    [0mPerfeito para iniciantes[0m
                  [36m</p>[39m
                [36m</div>[39m
                [36m<div>[39m
                  [36m<div[39m
                    [33mclass[39m=[32m"mb-6 text-center"[39m
                  [36m>[39m
                    [36m<div[39m
                      [33mclass[39m=[32m"flex items-center justify-center space-x-2"[39m
                    [36m>[39m
                      [36m<span[39m
                        [33mclass[39m=[32m"text-3xl font-bold text-climb-600"[39m
                      [36m>[39m
                        [0mR$ 150.00[0m
                      [36m</span>[39m
                      [36m<span[39m
                        [33mclass[39m=[32m"text-lg text-neutral-500 line-through"[39m
                      [36m>[39m
                        [0mR$ 200.00[0m
                      [36m</span>[39m
                    [36m</div>[39m
                    [36m<div[39m
                      [33mclass[39m=[32m"mt-1 text-sm text-neutral-600"[39m
                    [36m>[39m
                      [0m4 horas[0m
                    [36m</div>[39m
                  [36m</div>[39m
                  [36m<ul[39m
                    [33mclass[39m=[32m"space-y-3"[39m
                  [36m>[39m
                    [36m<li[39m
                      [33mclass[39m=[32m"flex items-start space-x-2"[39m
                    [36m>[39m
                      [36m<span[39m
                        [33mclass[39m=[32m"mt-1 text-climb-500"[39m
                      [36m>[39m
                        [0m✓[0m
                      [36m</span>[39m
                      [36m<span[39m
                        [33mclass[39m=[32m"text-neutral-700"[39m
                      [36m>[39m
                        [0mInstrução básica[0m
                      [36m</span>[39m
                    [36m</li>[39m
                    [36m<li[39m
                      [33mclass[39m=[32m"flex items-start space-x-2"[39m
                    [36m>[39m
                      [36m<span[39m
                        [33mclass[39m=[32m"mt-1 text-climb-500"[39m
                      [36m>[39m
                        [0m✓[0m
                      [36m</span>[39m
                      [36m<span[39m
                        [33mclass[39m=[32m"text-neutral-700"[39m
                      [36m>[39m
                        [0mEquipamentos inclusos[0m
                      [36m</span>[39m
                    [36m</li>[39m
                    [36m<li[39m
                      [33mclass[39m=[32m"border-t border-neutral-200 pt-2"[39m
                    [36m>[39m
                      [36m<span[39m
                        [33mclass[39m=[32m"text-sm font-semibold text-orange-600"[39m
                      [36m>[39m
                        [0m🎁 BÔNUS EXCLUSIVOS:[0m
                      [36m</span>[39m
                    [36m</li>[39m
                    [36m<li[39m
                      [33mclass[39m=[32m"flex items-start space-x-2"[39m
                    [36m>[39m
                      [36m<span[39m
                        [33mclass[39m=[32m"font-medium text-neutral-700"[39m
                      [36m>[39m
                        [0mLanche[0m
                      [36m</span>[39m
                    [36m</li>[39m
                    [36m<li[39m
                      [33mclass[39m=[32m"flex items-start space-x-2"[39m
                    [36m>[39m
                      [36m<span[39m
                        [33mclass[39m=[32m"font-medium text-neutral-700"[39m
                      [36m>[39m
                        [0mFotos[0m
                      [36m</span>[39m
                    [36m</li>[39m
                  [36m</ul>[39m
                [36m</div>[39m
                [36m<div>[39m
                  [36m<button[39m
                    [33mdata-size[39m=[32m"lg"[39m
                    [33mdata-variant[39m=[32m"outline"[39m
                  [36m>[39m
                    [0mAdicionar ao Carrinho[0m
                  [36m</button>[39m
                [36m</div>[39m
              [36m</div>[39m
              [36m<div[39m
                [33mclass[39m=[32m"relative overflow-hidden scale-105 ring-2 ring-orange-400 "[39m
                [33mdata-interactive[39m=[32m"true"[39m
              [36m>[39m
                [36m<div[39m
                  [33mclass[39m=[32m"absolute right-0 top-0 bg-orange-400 px-4 py-1 text-sm font-semibold text-white"[39m
                [36m>[39m
                  [0mMais Popular[0m
                [36m</div>[39m
                [36m<div>[39m
                  [36m<div[39m
                    [33mclass[39m=[32m"mx-auto mb-4 flex h-16 w-16 items-center justify-center text-2xl clip-hexagon bg-orange-400 text-white"[39m
                  [36m>[39m
                    [0m🏔️[0m
                  [36m</div>[39m
                  [36m<h3>[39m
                    [0mEscalada Avançada[0m
                  [36m</h3>[39m
                  [36m<p>[39m
                    [0mPara escaladores experientes[0m
                  [36m</p>[39m
                [36m</div>[39m
                [36m<div>[39m
                  [36m<div[39m
                    [33mclass[39m=[32m"mb-6 text-center"[39m
                  [36m>[39m
                    [36m<div[39m
                      [33mclass[39m=[32m"flex items-center justify-center space-x-2"[39m
                    [36m>[39m
                      [36m<span[39m
                        [33mclass[39m=[32m"text-3xl font-bold text-climb-600"[39m
                      [36m>[39m
                        [0mR$ 250.00[0m
                      [36m</span>[39m
                    [36m</div>[39m
                    [36m<div[39m
                      [33mclass[39m=[32m"mt-1 text-sm text-neutral-600"[39m
                    [36m>[39m
                      [0m6 horas[0m
                    [36m</div>[39m
                  [36m</div>[39m
                  [36m<ul[39m
                    [33mclass[39m=[32m"space-y-3"[39m
                  [36m>[39m
                    [36m<li[39m
                      [33mclass[39m=[32m"flex items-start space-x-2"[39m
                    [36m>[39m
                      [36m<span[39m
                        [33mclass[39m=[32m"mt-1 text-climb-500"[39m
                      [36m>[39m
                        [0m✓[0m
                      [36m</span>[39m
                      [36m<span[39m
                        [33mclass[39m=[32m"text-neutral-700"[39m
                      [36m>[39m
                        [0mRotas desafiadoras[0m
                      [36m</span>[39m
                    [36m</li>[39m
                    [36m<li[39m
                      [33mclass[39m=[32m"flex items-start space-x-2"[39m
                    [36m>[39m
                      [36m<span[39m
                        [33mclass[39m=[32m"mt-1 text-climb-500"[39m
                      [36m>[39m
                        [0m✓[0m
                      [36m</span>[39m
                      [36m<span[39m
                        [33mclass[39m=[32m"text-neutral-700"[39m
                      [36m>[39m
                        [0mEquipamentos profissionais[0m
                      [36m</span>[39m
                    [36m</li>[39m
                    [36m<li[39m
                      [33mclass[39m=[32m"border-t border-neutral-200 pt-2"[39m
                    [36m>[39m
                      [36m<span[39m
                        [33mclass[39m=[32m"text-sm font-semibold text-orange-600"[39m
                      [36m>[39m
                        [0m🎁 BÔNUS EXCLUSIVOS:[0m
                      [36m</span>[39m
                    [36m</li>[39m
                    [36m<li[39m
                      [33mclass[39m=[32m"flex items-start space-x-2"[39m
                    [36m>[39m
                      [36m<span[39m
                        [33mclass[39m=[32m"font-medium text-neutral-700"[39m
                      [36m>[39m
                        [0mAlmoço[0m
                      [36m</span>[39m
                    [36m</li>[39m
                    [36m<li[39m
                      [33mclass[39m=[32m"flex items-start space-x-2"[39m
                    [36m>[39m
                      [36m<span[39m
                        [33mclass[39m=[32m"font-medium text-neutral-700"[39m
                      [36m>[39m
                        [0mCertificado[0m
                      [36m</span>[39m
                    [36m</li>[39m
                  [36m</ul>[39m
                [36m</div>[39m
                [36m<div>[39m
                  [36m<button[39m
                    [33mdata-size[39m=[32m"lg"[39m
                    [33mdata-variant[39m=[32m"primary"[39m
                  [36m>[39m
                    [0mAdicionar ao Carrinho[0m
                  [36m</button>[39m
                [36m</div>[39m
              [36m</div>[39m
              [36m<div[39m
                [33mclass[39m=[32m"relative overflow-hidden  opacity-90 grayscale-[0.3]"[39m
                [33mdata-interactive[39m=[32m"true"[39m
              [36m>[39m
                [36m<div[39m
                  [33mclass[39m=[32m"absolute right-0 top-0 bg-gray-500 px-4 py-1 text-sm font-semibold text-white"[39m
                [36m>[39m
                  [0mIndisponível[0m
                [36m</div>[39m
                [36m<div>[39m
                  [36m<div[39m
                    [33mclass[39m=[32m"mx-auto mb-4 flex h-16 w-16 items-center justify-center text-2xl clip-triangle bg-purple-500 text-white"[39m
                  [36m>[39m
                    [0m⭐[0m
                  [36m</div>[39m
                  [36m<h3>[39m
                    [0mEscalada Premium[0m
                  [36m</h3>[39m
                  [36m<p>[39m
                    [0mExperiência exclusiva[0m
                  [36m</p>[39m
                [36m</div>[39m
                [36m<div>[39m
                  [36m<div[39m
                    [33mclass[39m=[32m"mb-6 text-center"[39m
                  [36m>[39m
                    [36m<div[39m
                      [33mclass[39m=[32m"flex items-center justify-center space-x-2"[39m
                    [36m>[39m
                      [36m<span[39m
                        [33mclass[39m=[32m"text-3xl font-bold text-climb-600"[39m
                      [36m>[39m
                        [0mR$ 350.00[0m
                      [36m</span>[39m
                    [36m</div>[39m
                    [36m<div[39m
                      [33mclass[39m=[32m"mt-1 text-sm text-neutral-600"[39m
                    [36m>[39m
                      [0m8 horas[0m
                    [36m</div>[39m
                  [36m</div>[39m
                  [36m<ul[39m
                    [33mclass[39m=[32m"space-y-3"[39m
                  [36m>[39m
                    [36m<li[39m
                      [33mclass[39m=[32m"flex items-start space-x-2"[39m
                    [36m>[39m
                      [36m<span[39m
                        [33mclass[39m=[32m"mt-1 text-climb-500"[39m
                      [36m>[39m
                        [0m✓[0m
                      [36m</span>[39m
                      [36m<span[39m
                        [33mclass[39m=[32m"text-neutral-700"[39m
                      [36m>[39m
                        [0mInstrutor particular[0m
                      [36m</span>[39m
                    [36m</li>[39m
                    [36m<li[39m
                      [33mclass[39m=[32m"flex items-start space-x-2"[39m
                    [36m>[39m
                      [36m<span[39m
                        [33mclass[39m=[32m"mt-1 text-climb-500"[39m
                      [36m>[39m
                        [0m✓[0m
                      [36m</span>[39m
                      [36m<span[39m
                        [33mclass[39m=[32m"text-neutral-700"[39m
                      [36m>[39m
                        [0mEquipamentos premium[0m
                      [36m</span>[39m
                    [36m</li>[39m
                    [36m<li[39m
                      [33mclass[39m=[32m"border-t border-neutral-200 pt-2"[39m
                    [36m>[39m
                      [36m<span[39m
                        [33mclass[39m=[32m"text-sm font-semibold text-orange-600"[39m
                      [36m>[39m
                        [0m🎁 BÔNUS EXCLUSIVOS:[0m
                      [36m</span>[39m
                    [36m</li>[39m
                    [36m<li[39m
                      [33mclass[39m=[32m"flex items-start space-x-2"[39m
                    [36m>[39m
                      [36m<span[39m
                        [33mclass[39m=[32m"font-medium text-neutral-700"[39m
                      [36m>[39m
                        [0mJantar[0m
                      [36m</span>[39m
                    [36m</li>[39m
                    [36m<li[39m
                      [33mclass[39m=[32m"flex items-start space-x-2"[39m
                    [36m>[39m
                      [36m<span[39m
                        [33mclass[39m=[32m"font-medium text-neutral-700"[39m
                      [36m>[39m
                        [0mVídeo profissional[0m
                      [36m</span>[39m
                    [36m</li>[39m
                  [36m</ul>[39m
                [36m</div>[39m
                [36m<div>[39m
                  [36m<button[39m
                    [33mdata-size[39m=[32m"lg"[39m
                    [33mdata-variant[39m=[32m"secondary"[39m
                  [36m>[39m
                    [0mEntrar na Lista de Espera[0m
                  [36m</button>[39m
                [36m</div>[39m
              [36m</div>[39m
            [36m</div>[39m
            [36m<div[39m
              [33mclass[39m=[32m"mt-12 text-center"[39m
            [36m>[39m
              [36m<p[39m
                [33mclass[39m=[32m"mb-4 text-neutral-600"[39m
              [36m>[39m
                [0mDúvidas sobre qual pacote escolher?[0m
              [36m</p>[39m
              [36m<button[39m
                [33mdata-size[39m=[32m"lg"[39m
                [33mdata-variant[39m=[32m"ghost"[39m
              [36m>[39m
                [0m📞 Fale Conosco[0m
              [36m</button>[39m
            [36m</div>[39m
          [36m</div>[39m
        [36m</section>[39m
      [36m</div>[39m
    [36m</body>[39m

      411 |       });
      412 |
    > 413 |       const disabledButton = screen.getByText('Pacote Indisponível');
          |                                     ^
      414 |       expect(disabledButton).toBeDisabled();
      415 |     });
      416 |   });

      at Object.getElementError (node_modules/@testing-library/dom/dist/config.js:37:19)
      at node_modules/@testing-library/dom/dist/query-helpers.js:76:38
      at node_modules/@testing-library/dom/dist/query-helpers.js:52:17
      at node_modules/@testing-library/dom/dist/query-helpers.js:95:19
      at Object.getByText (src/components/sections/__tests__/PackagesSection.test.tsx:413:37)

PASS src/hooks/__tests__/usePackages.test.ts
  ● Console

    console.error
      Warning: An update to TestComponent inside a test was not wrapped in act(...).

      When testing, code that causes React state updates should be wrapped into act(...):

      act(() => {
        /* fire events that update state */
      });
      /* assert on the output */

      This ensures that you're testing the behavior the user would see in the browser. Learn more at https://reactjs.org/link/wrap-tests-with-act
          at TestComponent (/app/node_modules/@testing-library/react/dist/pure.js:329:5)

      24 |
      25 |         const packagesData = await getAllPackagesUseCase.execute();
    > 26 |         setPackages(packagesData);
         |         ^
      27 |       } catch (err) {
      28 |         setError(err instanceof Error ? err.message : 'Failed to fetch packages');
      29 |         console.error('Error fetching packages:', err);

      at printWarning (node_modules/react-dom/cjs/react-dom.development.js:86:30)
      at error (node_modules/react-dom/cjs/react-dom.development.js:60:7)
      at warnIfUpdatesNotWrappedWithActDEV (node_modules/react-dom/cjs/react-dom.development.js:27628:9)
      at scheduleUpdateOnFiber (node_modules/react-dom/cjs/react-dom.development.js:25547:5)
      at dispatchSetState (node_modules/react-dom/cjs/react-dom.development.js:16708:7)
      at setPackages (src/hooks/usePackages.ts:26:9)

    console.error
      Warning: An update to TestComponent inside a test was not wrapped in act(...).

      When testing, code that causes React state updates should be wrapped into act(...):

      act(() => {
        /* fire events that update state */
      });
      /* assert on the output */

      This ensures that you're testing the behavior the user would see in the browser. Learn more at https://reactjs.org/link/wrap-tests-with-act
          at TestComponent (/app/node_modules/@testing-library/react/dist/pure.js:329:5)

      29 |         console.error('Error fetching packages:', err);
      30 |       } finally {
    > 31 |         setLoading(false);
         |         ^
      32 |       }
      33 |     };
      34 |

      at printWarning (node_modules/react-dom/cjs/react-dom.development.js:86:30)
      at error (node_modules/react-dom/cjs/react-dom.development.js:60:7)
      at warnIfUpdatesNotWrappedWithActDEV (node_modules/react-dom/cjs/react-dom.development.js:27628:9)
      at scheduleUpdateOnFiber (node_modules/react-dom/cjs/react-dom.development.js:25547:5)
      at dispatchSetState (node_modules/react-dom/cjs/react-dom.development.js:16708:7)
      at setLoading (src/hooks/usePackages.ts:31:9)

    console.error
      Error fetching packages: Error: Failed to fetch packages
          at Object.<anonymous> (/app/src/hooks/__tests__/usePackages.test.ts:137:52)
          at Promise.then.completed (/app/node_modules/jest-circus/build/utils.js:298:28)
          at new Promise (<anonymous>)
          at callAsyncCircusFn (/app/node_modules/jest-circus/build/utils.js:231:10)
          at _callCircusTest (/app/node_modules/jest-circus/build/run.js:316:40)
          at _runTest (/app/node_modules/jest-circus/build/run.js:252:3)
          at _runTestsForDescribeBlock (/app/node_modules/jest-circus/build/run.js:126:9)
          at _runTestsForDescribeBlock (/app/node_modules/jest-circus/build/run.js:121:9)
          at _runTestsForDescribeBlock (/app/node_modules/jest-circus/build/run.js:121:9)
          at run (/app/node_modules/jest-circus/build/run.js:71:3)
          at runAndTransformResultsToJestFormat (/app/node_modules/jest-circus/build/legacy-code-todo-rewrite/jestAdapterInit.js:122:21)
          at jestAdapter (/app/node_modules/jest-circus/build/legacy-code-todo-rewrite/jestAdapter.js:79:19)
          at runTestInternal (/app/node_modules/jest-runner/build/runTest.js:367:16)
          at runTest (/app/node_modules/jest-runner/build/runTest.js:444:34)
          at Object.worker (/app/node_modules/jest-runner/build/testWorker.js:106:12)

      27 |       } catch (err) {
      28 |         setError(err instanceof Error ? err.message : 'Failed to fetch packages');
    > 29 |         console.error('Error fetching packages:', err);
         |                 ^
      30 |       } finally {
      31 |         setLoading(false);
      32 |       }

      at error (src/hooks/usePackages.ts:29:17)

    console.error
      Error fetching packages: String error

      27 |       } catch (err) {
      28 |         setError(err instanceof Error ? err.message : 'Failed to fetch packages');
    > 29 |         console.error('Error fetching packages:', err);
         |                 ^
      30 |       } finally {
      31 |         setLoading(false);
      32 |       }

      at error (src/hooks/usePackages.ts:29:17)

    console.error
      Error checking availability: Error: Availability error
          at Object.<anonymous> (/app/src/hooks/__tests__/usePackages.test.ts:194:60)
          at Promise.then.completed (/app/node_modules/jest-circus/build/utils.js:298:28)
          at new Promise (<anonymous>)
          at callAsyncCircusFn (/app/node_modules/jest-circus/build/utils.js:231:10)
          at _callCircusTest (/app/node_modules/jest-circus/build/run.js:316:40)
          at _runTest (/app/node_modules/jest-circus/build/run.js:252:3)
          at _runTestsForDescribeBlock (/app/node_modules/jest-circus/build/run.js:126:9)
          at _runTestsForDescribeBlock (/app/node_modules/jest-circus/build/run.js:121:9)
          at _runTestsForDescribeBlock (/app/node_modules/jest-circus/build/run.js:121:9)
          at run (/app/node_modules/jest-circus/build/run.js:71:3)
          at runAndTransformResultsToJestFormat (/app/node_modules/jest-circus/build/legacy-code-todo-rewrite/jestAdapterInit.js:122:21)
          at jestAdapter (/app/node_modules/jest-circus/build/legacy-code-todo-rewrite/jestAdapter.js:79:19)
          at runTestInternal (/app/node_modules/jest-runner/build/runTest.js:367:16)
          at runTest (/app/node_modules/jest-runner/build/runTest.js:444:34)
          at Object.worker (/app/node_modules/jest-runner/build/testWorker.js:106:12)

      40 |       return await getPackageAvailabilityUseCase.execute(packageId, date);
      41 |     } catch (error) {
    > 42 |       console.error('Error checking availability:', error);
         |               ^
      43 |       return {
      44 |         available: false,
      45 |         spotsLeft: 0,

      at Object.error [as checkAvailability] (src/hooks/usePackages.ts:42:15)
      at Object.<anonymous> (src/hooks/__tests__/usePackages.test.ts:202:28)

    console.error
      Warning: An update to TestComponent inside a test was not wrapped in act(...).

      When testing, code that causes React state updates should be wrapped into act(...):

      act(() => {
        /* fire events that update state */
      });
      /* assert on the output */

      This ensures that you're testing the behavior the user would see in the browser. Learn more at https://reactjs.org/link/wrap-tests-with-act
          at TestComponent (/app/node_modules/@testing-library/react/dist/pure.js:329:5)

      68 |     refetch: async () => {
      69 |       try {
    > 70 |         setLoading(true);
         |         ^
      71 |         const packagesData = await getAllPackagesUseCase.execute();
      72 |         setPackages(packagesData);
      73 |       } catch (err) {

      at printWarning (node_modules/react-dom/cjs/react-dom.development.js:86:30)
      at error (node_modules/react-dom/cjs/react-dom.development.js:60:7)
      at warnIfUpdatesNotWrappedWithActDEV (node_modules/react-dom/cjs/react-dom.development.js:27628:9)
      at scheduleUpdateOnFiber (node_modules/react-dom/cjs/react-dom.development.js:25547:5)
      at dispatchSetState (node_modules/react-dom/cjs/react-dom.development.js:16708:7)
      at Object.setLoading [as refetch] (src/hooks/usePackages.ts:70:9)
      at Object.refetch (src/hooks/__tests__/usePackages.test.ts:223:28)

    console.error
      Warning: An update to TestComponent inside a test was not wrapped in act(...).

      When testing, code that causes React state updates should be wrapped into act(...):

      act(() => {
        /* fire events that update state */
      });
      /* assert on the output */

      This ensures that you're testing the behavior the user would see in the browser. Learn more at https://reactjs.org/link/wrap-tests-with-act
          at TestComponent (/app/node_modules/@testing-library/react/dist/pure.js:329:5)

      70 |         setLoading(true);
      71 |         const packagesData = await getAllPackagesUseCase.execute();
    > 72 |         setPackages(packagesData);
         |         ^
      73 |       } catch (err) {
      74 |         setError(err instanceof Error ? err.message : 'Failed to fetch packages');
      75 |       } finally {

      at printWarning (node_modules/react-dom/cjs/react-dom.development.js:86:30)
      at error (node_modules/react-dom/cjs/react-dom.development.js:60:7)
      at warnIfUpdatesNotWrappedWithActDEV (node_modules/react-dom/cjs/react-dom.development.js:27628:9)
      at scheduleUpdateOnFiber (node_modules/react-dom/cjs/react-dom.development.js:25547:5)
      at dispatchSetState (node_modules/react-dom/cjs/react-dom.development.js:16708:7)
      at Object.setPackages [as refetch] (src/hooks/usePackages.ts:72:9)
      at Object.<anonymous> (src/hooks/__tests__/usePackages.test.ts:223:7)

    console.error
      Warning: An update to TestComponent inside a test was not wrapped in act(...).

      When testing, code that causes React state updates should be wrapped into act(...):

      act(() => {
        /* fire events that update state */
      });
      /* assert on the output */

      This ensures that you're testing the behavior the user would see in the browser. Learn more at https://reactjs.org/link/wrap-tests-with-act
          at TestComponent (/app/node_modules/@testing-library/react/dist/pure.js:329:5)

      74 |         setError(err instanceof Error ? err.message : 'Failed to fetch packages');
      75 |       } finally {
    > 76 |         setLoading(false);
         |         ^
      77 |       }
      78 |     }
      79 |   };

      at printWarning (node_modules/react-dom/cjs/react-dom.development.js:86:30)
      at error (node_modules/react-dom/cjs/react-dom.development.js:60:7)
      at warnIfUpdatesNotWrappedWithActDEV (node_modules/react-dom/cjs/react-dom.development.js:27628:9)
      at scheduleUpdateOnFiber (node_modules/react-dom/cjs/react-dom.development.js:25547:5)
      at dispatchSetState (node_modules/react-dom/cjs/react-dom.development.js:16708:7)
      at Object.setLoading [as refetch] (src/hooks/usePackages.ts:76:9)
      at Object.<anonymous> (src/hooks/__tests__/usePackages.test.ts:223:7)

    console.error
      Warning: An update to TestComponent inside a test was not wrapped in act(...).

      When testing, code that causes React state updates should be wrapped into act(...):

      act(() => {
        /* fire events that update state */
      });
      /* assert on the output */

      This ensures that you're testing the behavior the user would see in the browser. Learn more at https://reactjs.org/link/wrap-tests-with-act
          at TestComponent (/app/node_modules/@testing-library/react/dist/pure.js:329:5)

      68 |     refetch: async () => {
      69 |       try {
    > 70 |         setLoading(true);
         |         ^
      71 |         const packagesData = await getAllPackagesUseCase.execute();
      72 |         setPackages(packagesData);
      73 |       } catch (err) {

      at printWarning (node_modules/react-dom/cjs/react-dom.development.js:86:30)
      at error (node_modules/react-dom/cjs/react-dom.development.js:60:7)
      at warnIfUpdatesNotWrappedWithActDEV (node_modules/react-dom/cjs/react-dom.development.js:27628:9)
      at scheduleUpdateOnFiber (node_modules/react-dom/cjs/react-dom.development.js:25547:5)
      at dispatchSetState (node_modules/react-dom/cjs/react-dom.development.js:16708:7)
      at Object.setLoading [as refetch] (src/hooks/usePackages.ts:70:9)
      at Object.refetch (src/hooks/__tests__/usePackages.test.ts:238:28)

    console.error
      Warning: An update to TestComponent inside a test was not wrapped in act(...).

      When testing, code that causes React state updates should be wrapped into act(...):

      act(() => {
        /* fire events that update state */
      });
      /* assert on the output */

      This ensures that you're testing the behavior the user would see in the browser. Learn more at https://reactjs.org/link/wrap-tests-with-act
          at TestComponent (/app/node_modules/@testing-library/react/dist/pure.js:329:5)

      72 |         setPackages(packagesData);
      73 |       } catch (err) {
    > 74 |         setError(err instanceof Error ? err.message : 'Failed to fetch packages');
         |         ^
      75 |       } finally {
      76 |         setLoading(false);
      77 |       }

      at printWarning (node_modules/react-dom/cjs/react-dom.development.js:86:30)
      at error (node_modules/react-dom/cjs/react-dom.development.js:60:7)
      at warnIfUpdatesNotWrappedWithActDEV (node_modules/react-dom/cjs/react-dom.development.js:27628:9)
      at scheduleUpdateOnFiber (node_modules/react-dom/cjs/react-dom.development.js:25547:5)
      at dispatchSetState (node_modules/react-dom/cjs/react-dom.development.js:16708:7)
      at Object.setError [as refetch] (src/hooks/usePackages.ts:74:9)
      at Object.<anonymous> (src/hooks/__tests__/usePackages.test.ts:238:7)

    console.error
      Warning: An update to TestComponent inside a test was not wrapped in act(...).

      When testing, code that causes React state updates should be wrapped into act(...):

      act(() => {
        /* fire events that update state */
      });
      /* assert on the output */

      This ensures that you're testing the behavior the user would see in the browser. Learn more at https://reactjs.org/link/wrap-tests-with-act
          at TestComponent (/app/node_modules/@testing-library/react/dist/pure.js:329:5)

      74 |         setError(err instanceof Error ? err.message : 'Failed to fetch packages');
      75 |       } finally {
    > 76 |         setLoading(false);
         |         ^
      77 |       }
      78 |     }
      79 |   };

      at printWarning (node_modules/react-dom/cjs/react-dom.development.js:86:30)
      at error (node_modules/react-dom/cjs/react-dom.development.js:60:7)
      at warnIfUpdatesNotWrappedWithActDEV (node_modules/react-dom/cjs/react-dom.development.js:27628:9)
      at scheduleUpdateOnFiber (node_modules/react-dom/cjs/react-dom.development.js:25547:5)
      at dispatchSetState (node_modules/react-dom/cjs/react-dom.development.js:16708:7)
      at Object.setLoading [as refetch] (src/hooks/usePackages.ts:76:9)
      at Object.<anonymous> (src/hooks/__tests__/usePackages.test.ts:238:7)

    console.error
      Warning: An update to TestComponent inside a test was not wrapped in act(...).

      When testing, code that causes React state updates should be wrapped into act(...):

      act(() => {
        /* fire events that update state */
      });
      /* assert on the output */

      This ensures that you're testing the behavior the user would see in the browser. Learn more at https://reactjs.org/link/wrap-tests-with-act
          at TestComponent (/app/node_modules/@testing-library/react/dist/pure.js:329:5)

      24 |
      25 |         const packagesData = await getAllPackagesUseCase.execute();
    > 26 |         setPackages(packagesData);
         |         ^
      27 |       } catch (err) {
      28 |         setError(err instanceof Error ? err.message : 'Failed to fetch packages');
      29 |         console.error('Error fetching packages:', err);

      at printWarning (node_modules/react-dom/cjs/react-dom.development.js:86:30)
      at error (node_modules/react-dom/cjs/react-dom.development.js:60:7)
      at warnIfUpdatesNotWrappedWithActDEV (node_modules/react-dom/cjs/react-dom.development.js:27628:9)
      at scheduleUpdateOnFiber (node_modules/react-dom/cjs/react-dom.development.js:25547:5)
      at dispatchSetState (node_modules/react-dom/cjs/react-dom.development.js:16708:7)
      at setPackages (src/hooks/usePackages.ts:26:9)

    console.error
      Warning: An update to TestComponent inside a test was not wrapped in act(...).

      When testing, code that causes React state updates should be wrapped into act(...):

      act(() => {
        /* fire events that update state */
      });
      /* assert on the output */

      This ensures that you're testing the behavior the user would see in the browser. Learn more at https://reactjs.org/link/wrap-tests-with-act
          at TestComponent (/app/node_modules/@testing-library/react/dist/pure.js:329:5)

      29 |         console.error('Error fetching packages:', err);
      30 |       } finally {
    > 31 |         setLoading(false);
         |         ^
      32 |       }
      33 |     };
      34 |

      at printWarning (node_modules/react-dom/cjs/react-dom.development.js:86:30)
      at error (node_modules/react-dom/cjs/react-dom.development.js:60:7)
      at warnIfUpdatesNotWrappedWithActDEV (node_modules/react-dom/cjs/react-dom.development.js:27628:9)
      at scheduleUpdateOnFiber (node_modules/react-dom/cjs/react-dom.development.js:25547:5)
      at dispatchSetState (node_modules/react-dom/cjs/react-dom.development.js:16708:7)
      at setLoading (src/hooks/usePackages.ts:31:9)

PASS src/components/auth/__tests__/LoginButton.test.tsx
PASS src/components/cart/__tests__/CartButton.test.tsx
PASS src/components/auth/__tests__/AuthGuard.test.tsx
PASS src/store/__tests__/useCartStore.test.ts
PASS src/components/cart/__tests__/index.test.ts
PASS src/hooks/__tests__/useAuth.test.ts
  ● Console

    console.warn
      Failed to read user preferences from localStorage: Error: localStorage error
          at Object.<anonymous> (/app/src/hooks/__tests__/useAuth.test.ts:194:15)
          at /app/node_modules/jest-mock/build/index.js:397:39
          at Object.<anonymous> (/app/node_modules/jest-mock/build/index.js:404:13)
          at Object.mockConstructor [as getItem] (/app/node_modules/jest-mock/build/index.js:148:19)
          at getItem (/app/src/hooks/useAuth.ts:18:24)
          at mountMemo (/app/node_modules/react-dom/cjs/react-dom.development.js:16406:19)
          at Object.useMemo (/app/node_modules/react-dom/cjs/react-dom.development.js:16851:16)
          at useMemo (/app/node_modules/react/cjs/react.development.js:1650:21)
          at useAuth (/app/src/hooks/useAuth.ts:11:42)
          at /app/src/hooks/__tests__/useAuth.test.ts:197:50
          at TestComponent (/app/node_modules/@testing-library/react/dist/pure.js:331:27)
          at renderWithHooks (/app/node_modules/react-dom/cjs/react-dom.development.js:15486:18)
          at mountIndeterminateComponent (/app/node_modules/react-dom/cjs/react-dom.development.js:20103:13)
          at beginWork (/app/node_modules/react-dom/cjs/react-dom.development.js:21626:16)
          at beginWork$1 (/app/node_modules/react-dom/cjs/react-dom.development.js:27465:14)
          at performUnitOfWork (/app/node_modules/react-dom/cjs/react-dom.development.js:26599:12)
          at workLoopSync (/app/node_modules/react-dom/cjs/react-dom.development.js:26505:5)
          at renderRootSync (/app/node_modules/react-dom/cjs/react-dom.development.js:26473:7)
          at performConcurrentWorkOnRoot (/app/node_modules/react-dom/cjs/react-dom.development.js:25777:74)
          at flushActQueue (/app/node_modules/react/cjs/react.development.js:2667:24)
          at act (/app/node_modules/react/cjs/react.development.js:2582:11)
          at /app/node_modules/@testing-library/react/dist/act-compat.js:47:25
          at renderRoot (/app/node_modules/@testing-library/react/dist/pure.js:190:26)
          at render (/app/node_modules/@testing-library/react/dist/pure.js:292:10)
          at renderHook (/app/node_modules/@testing-library/react/dist/pure.js:340:7)
          at Object.<anonymous> (/app/src/hooks/__tests__/useAuth.test.ts:197:36)
          at Promise.then.completed (/app/node_modules/jest-circus/build/utils.js:298:28)
          at new Promise (<anonymous>)
          at callAsyncCircusFn (/app/node_modules/jest-circus/build/utils.js:231:10)
          at _callCircusTest (/app/node_modules/jest-circus/build/run.js:316:40)
          at _runTest (/app/node_modules/jest-circus/build/run.js:252:3)
          at _runTestsForDescribeBlock (/app/node_modules/jest-circus/build/run.js:126:9)
          at _runTestsForDescribeBlock (/app/node_modules/jest-circus/build/run.js:121:9)
          at _runTestsForDescribeBlock (/app/node_modules/jest-circus/build/run.js:121:9)
          at run (/app/node_modules/jest-circus/build/run.js:71:3)
          at runAndTransformResultsToJestFormat (/app/node_modules/jest-circus/build/legacy-code-todo-rewrite/jestAdapterInit.js:122:21)
          at jestAdapter (/app/node_modules/jest-circus/build/legacy-code-todo-rewrite/jestAdapter.js:79:19)
          at runTestInternal (/app/node_modules/jest-runner/build/runTest.js:367:16)
          at runTest (/app/node_modules/jest-runner/build/runTest.js:444:34)
          at Object.worker (/app/node_modules/jest-runner/build/testWorker.js:106:12)

      135 |       return;
      136 |     }
    > 137 |     originalWarn.call(console, ...args);
          |                  ^
      138 |   };
      139 | });
      140 |

      at console.call (jest.setup.js:137:18)
      at warn (src/hooks/useAuth.ts:21:15)
      at mountMemo (node_modules/react-dom/cjs/react-dom.development.js:16406:19)
      at Object.useMemo (node_modules/react-dom/cjs/react-dom.development.js:16851:16)
      at useMemo (node_modules/react/cjs/react.development.js:1650:21)
      at useAuth (src/hooks/useAuth.ts:11:42)
      at src/hooks/__tests__/useAuth.test.ts:197:50
      at TestComponent (node_modules/@testing-library/react/dist/pure.js:331:27)
      at renderWithHooks (node_modules/react-dom/cjs/react-dom.development.js:15486:18)
      at mountIndeterminateComponent (node_modules/react-dom/cjs/react-dom.development.js:20103:13)
      at beginWork (node_modules/react-dom/cjs/react-dom.development.js:21626:16)
      at beginWork$1 (node_modules/react-dom/cjs/react-dom.development.js:27465:14)
      at performUnitOfWork (node_modules/react-dom/cjs/react-dom.development.js:26599:12)
      at workLoopSync (node_modules/react-dom/cjs/react-dom.development.js:26505:5)
      at renderRootSync (node_modules/react-dom/cjs/react-dom.development.js:26473:7)
      at performConcurrentWorkOnRoot (node_modules/react-dom/cjs/react-dom.development.js:25777:74)
      at flushActQueue (node_modules/react/cjs/react.development.js:2667:24)
      at act (node_modules/react/cjs/react.development.js:2582:11)
      at node_modules/@testing-library/react/dist/act-compat.js:47:25
      at renderRoot (node_modules/@testing-library/react/dist/pure.js:190:26)
      at render (node_modules/@testing-library/react/dist/pure.js:292:10)
      at renderHook (node_modules/@testing-library/react/dist/pure.js:340:7)
      at Object.<anonymous> (src/hooks/__tests__/useAuth.test.ts:197:36)

PASS src/lib/__tests__/utils.test.ts
PASS src/__tests__/integration/payment-flow.test.ts
  ● Console

    console.error
      Error processing PIX payment: Error: PIX payment timeout
          at Object.<anonymous> (/app/src/__tests__/integration/payment-flow.test.ts:162:9)
          at Promise.then.completed (/app/node_modules/jest-circus/build/utils.js:298:28)
          at new Promise (<anonymous>)
          at callAsyncCircusFn (/app/node_modules/jest-circus/build/utils.js:231:10)
          at _callCircusTest (/app/node_modules/jest-circus/build/run.js:316:40)
          at processTicksAndRejections (node:internal/process/task_queues:105:5)
          at _runTest (/app/node_modules/jest-circus/build/run.js:252:3)
          at _runTestsForDescribeBlock (/app/node_modules/jest-circus/build/run.js:126:9)
          at _runTestsForDescribeBlock (/app/node_modules/jest-circus/build/run.js:121:9)
          at _runTestsForDescribeBlock (/app/node_modules/jest-circus/build/run.js:121:9)
          at run (/app/node_modules/jest-circus/build/run.js:71:3)
          at runAndTransformResultsToJestFormat (/app/node_modules/jest-circus/build/legacy-code-todo-rewrite/jestAdapterInit.js:122:21)
          at jestAdapter (/app/node_modules/jest-circus/build/legacy-code-todo-rewrite/jestAdapter.js:79:19)
          at runTestInternal (/app/node_modules/jest-runner/build/runTest.js:367:16)
          at runTest (/app/node_modules/jest-runner/build/runTest.js:444:34)
          at Object.worker (/app/node_modules/jest-runner/build/testWorker.js:106:12)

      53 |       };
      54 |     } catch (error) {
    > 55 |       console.error('Error processing PIX payment:', error);
         |               ^
      56 |       return {
      57 |         success: false,
      58 |         error: 'Erro ao processar pagamento PIX. Tente novamente.'

      at ProcessPixPayment.error [as execute] (src/core/use-cases/payments/ProcessPixPayment.ts:55:15)
      at CreateOrder.processPixPayment (src/core/use-cases/orders/CreateOrder.ts:183:20)

    console.error
      Error creating order: Error: Erro ao processar pagamento PIX. Tente novamente.
          at CreateOrder.processPixPayment (/app/src/core/use-cases/orders/CreateOrder.ts:197:13)
          at processTicksAndRejections (node:internal/process/task_queues:105:5)
          at CreateOrder.execute (/app/src/core/use-cases/orders/CreateOrder.ts:120:14)
          at Object.<anonymous> (/app/src/__tests__/integration/payment-flow.test.ts:174:22)

      121 |
      122 |     } catch (error) {
    > 123 |       console.error('Error creating order:', error);
          |               ^
      124 |       return {
      125 |         success: false,
      126 |         error: error instanceof Error ? error.message : 'Failed to create order',

      at CreateOrder.error [as execute] (src/core/use-cases/orders/CreateOrder.ts:123:15)
      at Object.<anonymous> (src/__tests__/integration/payment-flow.test.ts:174:22)

    console.error
      Error creating order: Error: MercadoPago API error: Invalid credentials
          at Object.<anonymous> (/app/src/__tests__/integration/payment-flow.test.ts:365:9)
          at Promise.then.completed (/app/node_modules/jest-circus/build/utils.js:298:28)
          at new Promise (<anonymous>)
          at callAsyncCircusFn (/app/node_modules/jest-circus/build/utils.js:231:10)
          at _callCircusTest (/app/node_modules/jest-circus/build/run.js:316:40)
          at processTicksAndRejections (node:internal/process/task_queues:105:5)
          at _runTest (/app/node_modules/jest-circus/build/run.js:252:3)
          at _runTestsForDescribeBlock (/app/node_modules/jest-circus/build/run.js:126:9)
          at _runTestsForDescribeBlock (/app/node_modules/jest-circus/build/run.js:121:9)
          at _runTestsForDescribeBlock (/app/node_modules/jest-circus/build/run.js:121:9)
          at run (/app/node_modules/jest-circus/build/run.js:71:3)
          at runAndTransformResultsToJestFormat (/app/node_modules/jest-circus/build/legacy-code-todo-rewrite/jestAdapterInit.js:122:21)
          at jestAdapter (/app/node_modules/jest-circus/build/legacy-code-todo-rewrite/jestAdapter.js:79:19)
          at runTestInternal (/app/node_modules/jest-runner/build/runTest.js:367:16)
          at runTest (/app/node_modules/jest-runner/build/runTest.js:444:34)
          at Object.worker (/app/node_modules/jest-runner/build/testWorker.js:106:12)

      121 |
      122 |     } catch (error) {
    > 123 |       console.error('Error creating order:', error);
          |               ^
      124 |       return {
      125 |         success: false,
      126 |         error: error instanceof Error ? error.message : 'Failed to create order',

      at CreateOrder.error [as execute] (src/core/use-cases/orders/CreateOrder.ts:123:15)
      at Object.<anonymous> (src/__tests__/integration/payment-flow.test.ts:377:22)

    console.error
      Error creating order: Error: User ID is required
          at CreateOrder.validateRequest (/app/src/core/use-cases/orders/CreateOrder.ts:227:13)
          at CreateOrder.validateRequest [as execute] (/app/src/core/use-cases/orders/CreateOrder.ts:45:12)
          at Object.execute (/app/src/__tests__/integration/payment-flow.test.ts:543:47)
          at Promise.then.completed (/app/node_modules/jest-circus/build/utils.js:298:28)
          at new Promise (<anonymous>)
          at callAsyncCircusFn (/app/node_modules/jest-circus/build/utils.js:231:10)
          at _callCircusTest (/app/node_modules/jest-circus/build/run.js:316:40)
          at processTicksAndRejections (node:internal/process/task_queues:105:5)
          at _runTest (/app/node_modules/jest-circus/build/run.js:252:3)
          at _runTestsForDescribeBlock (/app/node_modules/jest-circus/build/run.js:126:9)
          at _runTestsForDescribeBlock (/app/node_modules/jest-circus/build/run.js:121:9)
          at _runTestsForDescribeBlock (/app/node_modules/jest-circus/build/run.js:121:9)
          at run (/app/node_modules/jest-circus/build/run.js:71:3)
          at runAndTransformResultsToJestFormat (/app/node_modules/jest-circus/build/legacy-code-todo-rewrite/jestAdapterInit.js:122:21)
          at jestAdapter (/app/node_modules/jest-circus/build/legacy-code-todo-rewrite/jestAdapter.js:79:19)
          at runTestInternal (/app/node_modules/jest-runner/build/runTest.js:367:16)
          at runTest (/app/node_modules/jest-runner/build/runTest.js:444:34)
          at Object.worker (/app/node_modules/jest-runner/build/testWorker.js:106:12)

      121 |
      122 |     } catch (error) {
    > 123 |       console.error('Error creating order:', error);
          |               ^
      124 |       return {
      125 |         success: false,
      126 |         error: error instanceof Error ? error.message : 'Failed to create order',

      at CreateOrder.error [as execute] (src/core/use-cases/orders/CreateOrder.ts:123:15)
      at Object.execute (src/__tests__/integration/payment-flow.test.ts:543:47)

    console.error
      Error creating order: Error: Complete participant details required for Escalada Iniciante
          at CreateOrder.validateRequest (/app/src/core/use-cases/orders/CreateOrder.ts:251:15)
          at CreateOrder.validateRequest [as execute] (/app/src/core/use-cases/orders/CreateOrder.ts:45:12)
          at Object.execute (/app/src/__tests__/integration/payment-flow.test.ts:568:47)
          at Promise.then.completed (/app/node_modules/jest-circus/build/utils.js:298:28)
          at new Promise (<anonymous>)
          at callAsyncCircusFn (/app/node_modules/jest-circus/build/utils.js:231:10)
          at _callCircusTest (/app/node_modules/jest-circus/build/run.js:316:40)
          at processTicksAndRejections (node:internal/process/task_queues:105:5)
          at _runTest (/app/node_modules/jest-circus/build/run.js:252:3)
          at _runTestsForDescribeBlock (/app/node_modules/jest-circus/build/run.js:126:9)
          at _runTestsForDescribeBlock (/app/node_modules/jest-circus/build/run.js:121:9)
          at _runTestsForDescribeBlock (/app/node_modules/jest-circus/build/run.js:121:9)
          at run (/app/node_modules/jest-circus/build/run.js:71:3)
          at runAndTransformResultsToJestFormat (/app/node_modules/jest-circus/build/legacy-code-todo-rewrite/jestAdapterInit.js:122:21)
          at jestAdapter (/app/node_modules/jest-circus/build/legacy-code-todo-rewrite/jestAdapter.js:79:19)
          at runTestInternal (/app/node_modules/jest-runner/build/runTest.js:367:16)
          at runTest (/app/node_modules/jest-runner/build/runTest.js:444:34)
          at Object.worker (/app/node_modules/jest-runner/build/testWorker.js:106:12)

      121 |
      122 |     } catch (error) {
    > 123 |       console.error('Error creating order:', error);
          |               ^
      124 |       return {
      125 |         success: false,
      126 |         error: error instanceof Error ? error.message : 'Failed to create order',

      at CreateOrder.error [as execute] (src/core/use-cases/orders/CreateOrder.ts:123:15)
      at Object.execute (src/__tests__/integration/payment-flow.test.ts:568:47)

    console.error
      Error creating order: Error: Climbing date must be in the future
          at CreateOrder.validateRequest (/app/src/core/use-cases/orders/CreateOrder.ts:240:13)
          at CreateOrder.validateRequest [as execute] (/app/src/core/use-cases/orders/CreateOrder.ts:45:12)
          at Object.execute (/app/src/__tests__/integration/payment-flow.test.ts:591:47)
          at Promise.then.completed (/app/node_modules/jest-circus/build/utils.js:298:28)
          at new Promise (<anonymous>)
          at callAsyncCircusFn (/app/node_modules/jest-circus/build/utils.js:231:10)
          at _callCircusTest (/app/node_modules/jest-circus/build/run.js:316:40)
          at processTicksAndRejections (node:internal/process/task_queues:105:5)
          at _runTest (/app/node_modules/jest-circus/build/run.js:252:3)
          at _runTestsForDescribeBlock (/app/node_modules/jest-circus/build/run.js:126:9)
          at _runTestsForDescribeBlock (/app/node_modules/jest-circus/build/run.js:121:9)
          at _runTestsForDescribeBlock (/app/node_modules/jest-circus/build/run.js:121:9)
          at run (/app/node_modules/jest-circus/build/run.js:71:3)
          at runAndTransformResultsToJestFormat (/app/node_modules/jest-circus/build/legacy-code-todo-rewrite/jestAdapterInit.js:122:21)
          at jestAdapter (/app/node_modules/jest-circus/build/legacy-code-todo-rewrite/jestAdapter.js:79:19)
          at runTestInternal (/app/node_modules/jest-runner/build/runTest.js:367:16)
          at runTest (/app/node_modules/jest-runner/build/runTest.js:444:34)
          at Object.worker (/app/node_modules/jest-runner/build/testWorker.js:106:12)

      121 |
      122 |     } catch (error) {
    > 123 |       console.error('Error creating order:', error);
          |               ^
      124 |       return {
      125 |         success: false,
      126 |         error: error instanceof Error ? error.message : 'Failed to create order',

      at CreateOrder.error [as execute] (src/core/use-cases/orders/CreateOrder.ts:123:15)
      at Object.execute (src/__tests__/integration/payment-flow.test.ts:591:47)

    console.error
      Error processing PIX payment: Error: Temporary service unavailable
          at Object.<anonymous> (/app/src/__tests__/integration/payment-flow.test.ts:603:32)
          at Promise.then.completed (/app/node_modules/jest-circus/build/utils.js:298:28)
          at new Promise (<anonymous>)
          at callAsyncCircusFn (/app/node_modules/jest-circus/build/utils.js:231:10)
          at _callCircusTest (/app/node_modules/jest-circus/build/run.js:316:40)
          at processTicksAndRejections (node:internal/process/task_queues:105:5)
          at _runTest (/app/node_modules/jest-circus/build/run.js:252:3)
          at _runTestsForDescribeBlock (/app/node_modules/jest-circus/build/run.js:126:9)
          at _runTestsForDescribeBlock (/app/node_modules/jest-circus/build/run.js:121:9)
          at _runTestsForDescribeBlock (/app/node_modules/jest-circus/build/run.js:121:9)
          at run (/app/node_modules/jest-circus/build/run.js:71:3)
          at runAndTransformResultsToJestFormat (/app/node_modules/jest-circus/build/legacy-code-todo-rewrite/jestAdapterInit.js:122:21)
          at jestAdapter (/app/node_modules/jest-circus/build/legacy-code-todo-rewrite/jestAdapter.js:79:19)
          at runTestInternal (/app/node_modules/jest-runner/build/runTest.js:367:16)
          at runTest (/app/node_modules/jest-runner/build/runTest.js:444:34)
          at Object.worker (/app/node_modules/jest-runner/build/testWorker.js:106:12)

      53 |       };
      54 |     } catch (error) {
    > 55 |       console.error('Error processing PIX payment:', error);
         |               ^
      56 |       return {
      57 |         success: false,
      58 |         error: 'Erro ao processar pagamento PIX. Tente novamente.'

      at ProcessPixPayment.error [as execute] (src/core/use-cases/payments/ProcessPixPayment.ts:55:15)
      at CreateOrder.processPixPayment (src/core/use-cases/orders/CreateOrder.ts:183:20)

    console.error
      Error creating order: Error: Erro ao processar pagamento PIX. Tente novamente.
          at CreateOrder.processPixPayment (/app/src/core/use-cases/orders/CreateOrder.ts:197:13)
          at processTicksAndRejections (node:internal/process/task_queues:105:5)
          at CreateOrder.execute (/app/src/core/use-cases/orders/CreateOrder.ts:120:14)
          at Object.<anonymous> (/app/src/__tests__/integration/payment-flow.test.ts:621:23)

      121 |
      122 |     } catch (error) {
    > 123 |       console.error('Error creating order:', error);
          |               ^
      124 |       return {
      125 |         success: false,
      126 |         error: error instanceof Error ? error.message : 'Failed to create order',

      at CreateOrder.error [as execute] (src/core/use-cases/orders/CreateOrder.ts:123:15)
      at Object.<anonymous> (src/__tests__/integration/payment-flow.test.ts:621:23)

    console.error
      Error processing PIX payment: Error: Payment service unavailable
          at Object.<anonymous> (/app/src/__tests__/integration/payment-flow.test.ts:633:9)
          at Promise.then.completed (/app/node_modules/jest-circus/build/utils.js:298:28)
          at new Promise (<anonymous>)
          at callAsyncCircusFn (/app/node_modules/jest-circus/build/utils.js:231:10)
          at _callCircusTest (/app/node_modules/jest-circus/build/run.js:316:40)
          at processTicksAndRejections (node:internal/process/task_queues:105:5)
          at _runTest (/app/node_modules/jest-circus/build/run.js:252:3)
          at _runTestsForDescribeBlock (/app/node_modules/jest-circus/build/run.js:126:9)
          at _runTestsForDescribeBlock (/app/node_modules/jest-circus/build/run.js:121:9)
          at _runTestsForDescribeBlock (/app/node_modules/jest-circus/build/run.js:121:9)
          at run (/app/node_modules/jest-circus/build/run.js:71:3)
          at runAndTransformResultsToJestFormat (/app/node_modules/jest-circus/build/legacy-code-todo-rewrite/jestAdapterInit.js:122:21)
          at jestAdapter (/app/node_modules/jest-circus/build/legacy-code-todo-rewrite/jestAdapter.js:79:19)
          at runTestInternal (/app/node_modules/jest-runner/build/runTest.js:367:16)
          at runTest (/app/node_modules/jest-runner/build/runTest.js:444:34)
          at Object.worker (/app/node_modules/jest-runner/build/testWorker.js:106:12)

      53 |       };
      54 |     } catch (error) {
    > 55 |       console.error('Error processing PIX payment:', error);
         |               ^
      56 |       return {
      57 |         success: false,
      58 |         error: 'Erro ao processar pagamento PIX. Tente novamente.'

      at ProcessPixPayment.error [as execute] (src/core/use-cases/payments/ProcessPixPayment.ts:55:15)
      at CreateOrder.processPixPayment (src/core/use-cases/orders/CreateOrder.ts:183:20)

    console.error
      Error creating order: Error: Erro ao processar pagamento PIX. Tente novamente.
          at CreateOrder.processPixPayment (/app/src/core/use-cases/orders/CreateOrder.ts:197:13)
          at processTicksAndRejections (node:internal/process/task_queues:105:5)
          at CreateOrder.execute (/app/src/core/use-cases/orders/CreateOrder.ts:120:14)
          at Object.<anonymous> (/app/src/__tests__/integration/payment-flow.test.ts:645:22)

      121 |
      122 |     } catch (error) {
    > 123 |       console.error('Error creating order:', error);
          |               ^
      124 |       return {
      125 |         success: false,
      126 |         error: error instanceof Error ? error.message : 'Failed to create order',

      at CreateOrder.error [as execute] (src/core/use-cases/orders/CreateOrder.ts:123:15)
      at Object.<anonymous> (src/__tests__/integration/payment-flow.test.ts:645:22)

PASS src/components/sections/__tests__/InsuranceSection.test.tsx
PASS src/infrastructure/services/__tests__/TourService.test.ts
PASS src/app/api/packages/__tests__/route.test.ts
PASS src/core/use-cases/__tests__/GetAllPackages.test.ts
PASS src/infrastructure/services/__tests__/AuthService.test.ts
  ● Console

    console.error
      Error during logout: Error: AuthService.logout should be called through Privy hooks in React components
          at AuthService.logout (/app/src/infrastructure/services/AuthService.ts:23:13)
          at Object.logout (/app/src/infrastructure/services/__tests__/AuthService.test.ts:54:32)
          at Promise.then.completed (/app/node_modules/jest-circus/build/utils.js:298:28)
          at new Promise (<anonymous>)
          at callAsyncCircusFn (/app/node_modules/jest-circus/build/utils.js:231:10)
          at _callCircusTest (/app/node_modules/jest-circus/build/run.js:316:40)
          at processTicksAndRejections (node:internal/process/task_queues:105:5)
          at _runTest (/app/node_modules/jest-circus/build/run.js:252:3)
          at _runTestsForDescribeBlock (/app/node_modules/jest-circus/build/run.js:126:9)
          at _runTestsForDescribeBlock (/app/node_modules/jest-circus/build/run.js:121:9)
          at _runTestsForDescribeBlock (/app/node_modules/jest-circus/build/run.js:121:9)
          at run (/app/node_modules/jest-circus/build/run.js:71:3)
          at runAndTransformResultsToJestFormat (/app/node_modules/jest-circus/build/legacy-code-todo-rewrite/jestAdapterInit.js:122:21)
          at jestAdapter (/app/node_modules/jest-circus/build/legacy-code-todo-rewrite/jestAdapter.js:79:19)
          at runTestInternal (/app/node_modules/jest-runner/build/runTest.js:367:16)
          at runTest (/app/node_modules/jest-runner/build/runTest.js:444:34)
          at Object.worker (/app/node_modules/jest-runner/build/testWorker.js:106:12)

      23 |       throw new Error('AuthService.logout should be called through Privy hooks in React components');
      24 |     } catch (error) {
    > 25 |       console.error('Error during logout:', error);
         |               ^
      26 |       throw error;
      27 |     }
      28 |   }

      at AuthService.error [as logout] (src/infrastructure/services/AuthService.ts:25:15)
      at Object.logout (src/infrastructure/services/__tests__/AuthService.test.ts:54:32)

    console.error
      Error during logout: Error: AuthService.logout should be called through Privy hooks in React components
          at AuthService.logout (/app/src/infrastructure/services/AuthService.ts:23:13)
          at Object.logout (/app/src/infrastructure/services/__tests__/AuthService.test.ts:77:32)
          at Promise.then.completed (/app/node_modules/jest-circus/build/utils.js:298:28)
          at new Promise (<anonymous>)
          at callAsyncCircusFn (/app/node_modules/jest-circus/build/utils.js:231:10)
          at _callCircusTest (/app/node_modules/jest-circus/build/run.js:316:40)
          at processTicksAndRejections (node:internal/process/task_queues:105:5)
          at _runTest (/app/node_modules/jest-circus/build/run.js:252:3)
          at _runTestsForDescribeBlock (/app/node_modules/jest-circus/build/run.js:126:9)
          at _runTestsForDescribeBlock (/app/node_modules/jest-circus/build/run.js:121:9)
          at _runTestsForDescribeBlock (/app/node_modules/jest-circus/build/run.js:121:9)
          at run (/app/node_modules/jest-circus/build/run.js:71:3)
          at runAndTransformResultsToJestFormat (/app/node_modules/jest-circus/build/legacy-code-todo-rewrite/jestAdapterInit.js:122:21)
          at jestAdapter (/app/node_modules/jest-circus/build/legacy-code-todo-rewrite/jestAdapter.js:79:19)
          at runTestInternal (/app/node_modules/jest-runner/build/runTest.js:367:16)
          at runTest (/app/node_modules/jest-runner/build/runTest.js:444:34)
          at Object.worker (/app/node_modules/jest-runner/build/testWorker.js:106:12)

      23 |       throw new Error('AuthService.logout should be called through Privy hooks in React components');
      24 |     } catch (error) {
    > 25 |       console.error('Error during logout:', error);
         |               ^
      26 |       throw error;
      27 |     }
      28 |   }

      at AuthService.error [as logout] (src/infrastructure/services/AuthService.ts:25:15)
      at Object.logout (src/infrastructure/services/__tests__/AuthService.test.ts:77:32)

    console.error
      Error during logout: Error: AuthService.logout should be called through Privy hooks in React components
          at AuthService.logout (/app/src/infrastructure/services/AuthService.ts:23:13)
          at Object.logout (/app/src/infrastructure/services/__tests__/AuthService.test.ts:211:27)
          at Promise.then.completed (/app/node_modules/jest-circus/build/utils.js:298:28)
          at new Promise (<anonymous>)
          at callAsyncCircusFn (/app/node_modules/jest-circus/build/utils.js:231:10)
          at _callCircusTest (/app/node_modules/jest-circus/build/run.js:316:40)
          at processTicksAndRejections (node:internal/process/task_queues:105:5)
          at _runTest (/app/node_modules/jest-circus/build/run.js:252:3)
          at _runTestsForDescribeBlock (/app/node_modules/jest-circus/build/run.js:126:9)
          at _runTestsForDescribeBlock (/app/node_modules/jest-circus/build/run.js:121:9)
          at _runTestsForDescribeBlock (/app/node_modules/jest-circus/build/run.js:121:9)
          at run (/app/node_modules/jest-circus/build/run.js:71:3)
          at runAndTransformResultsToJestFormat (/app/node_modules/jest-circus/build/legacy-code-todo-rewrite/jestAdapterInit.js:122:21)
          at jestAdapter (/app/node_modules/jest-circus/build/legacy-code-todo-rewrite/jestAdapter.js:79:19)
          at runTestInternal (/app/node_modules/jest-runner/build/runTest.js:367:16)
          at runTest (/app/node_modules/jest-runner/build/runTest.js:444:34)
          at Object.worker (/app/node_modules/jest-runner/build/testWorker.js:106:12)

      23 |       throw new Error('AuthService.logout should be called through Privy hooks in React components');
      24 |     } catch (error) {
    > 25 |       console.error('Error during logout:', error);
         |               ^
      26 |       throw error;
      27 |     }
      28 |   }

      at AuthService.error [as logout] (src/infrastructure/services/AuthService.ts:25:15)
      at Object.logout (src/infrastructure/services/__tests__/AuthService.test.ts:211:27)

PASS src/__tests__/theme-query-params.test.ts
PASS src/core/use-cases/__tests__/LoginUser.test.ts
PASS src/components/cart/__tests__/CheckoutForm.test.tsx
  ● Console

    console.warn
      NEXT_PUBLIC_MERCADOPAGO_PUBLIC_KEY not configured

      135 |       return;
      136 |     }
    > 137 |     originalWarn.call(console, ...args);
          |                  ^
      138 |   };
      139 | });
      140 |

      at console.call (jest.setup.js:137:18)
      at new warn (src/infrastructure/services/PaymentService.ts:19:15)
      at new OrderRepository (src/infrastructure/repositories/OrderRepository.ts:12:27)
      at handleSubmit (src/components/cart/CheckoutForm.tsx:114:31)
      at HTMLUnknownElement.callCallback (node_modules/react-dom/cjs/react-dom.development.js:4164:14)
      at HTMLUnknownElement.callTheUserObjectsOperation (node_modules/jsdom/lib/jsdom/living/generated/EventListener.js:26:30)
      at innerInvokeEventListeners (node_modules/jsdom/lib/jsdom/living/events/EventTarget-impl.js:350:25)
      at invokeEventListeners (node_modules/jsdom/lib/jsdom/living/events/EventTarget-impl.js:286:3)
      at HTMLUnknownElementImpl._dispatch (node_modules/jsdom/lib/jsdom/living/events/EventTarget-impl.js:233:9)
      at HTMLUnknownElementImpl.dispatchEvent (node_modules/jsdom/lib/jsdom/living/events/EventTarget-impl.js:104:17)
      at HTMLUnknownElement.dispatchEvent (node_modules/jsdom/lib/jsdom/living/generated/EventTarget.js:241:34)
      at Object.invokeGuardedCallbackDev (node_modules/react-dom/cjs/react-dom.development.js:4213:16)
      at invokeGuardedCallback (node_modules/react-dom/cjs/react-dom.development.js:4277:31)
      at invokeGuardedCallbackAndCatchFirstError (node_modules/react-dom/cjs/react-dom.development.js:4291:25)
      at executeDispatch (node_modules/react-dom/cjs/react-dom.development.js:9041:3)
      at processDispatchQueueItemsInOrder (node_modules/react-dom/cjs/react-dom.development.js:9073:7)
      at processDispatchQueue (node_modules/react-dom/cjs/react-dom.development.js:9086:5)
      at dispatchEventsForPlugins (node_modules/react-dom/cjs/react-dom.development.js:9097:3)
      at node_modules/react-dom/cjs/react-dom.development.js:9288:12
      at batchedUpdates$1 (node_modules/react-dom/cjs/react-dom.development.js:26179:12)
      at batchedUpdates (node_modules/react-dom/cjs/react-dom.development.js:3991:12)
      at dispatchEventForPluginEventSystem (node_modules/react-dom/cjs/react-dom.development.js:9287:3)
      at dispatchEventWithEnableCapturePhaseSelectiveHydrationWithoutDiscreteEventReplay (node_modules/react-dom/cjs/react-dom.development.js:6465:5)
      at dispatchEvent (node_modules/react-dom/cjs/react-dom.development.js:6457:5)
      at dispatchDiscreteEvent (node_modules/react-dom/cjs/react-dom.development.js:6430:5)
      at HTMLDivElement.callTheUserObjectsOperation (node_modules/jsdom/lib/jsdom/living/generated/EventListener.js:26:30)
      at innerInvokeEventListeners (node_modules/jsdom/lib/jsdom/living/events/EventTarget-impl.js:350:25)
      at invokeEventListeners (node_modules/jsdom/lib/jsdom/living/events/EventTarget-impl.js:286:3)
      at HTMLButtonElementImpl._dispatch (node_modules/jsdom/lib/jsdom/living/events/EventTarget-impl.js:233:9)
      at HTMLButtonElementImpl.dispatchEvent (node_modules/jsdom/lib/jsdom/living/events/EventTarget-impl.js:104:17)
      at HTMLButtonElement.dispatchEvent (node_modules/jsdom/lib/jsdom/living/generated/EventTarget.js:241:34)
      at node_modules/@testing-library/dom/dist/events.js:19:20
      at node_modules/@testing-library/react/dist/pure.js:108:16
      at node_modules/@testing-library/react/dist/act-compat.js:48:24
      at act (node_modules/react/cjs/react.development.js:2512:16)
      at node_modules/@testing-library/react/dist/act-compat.js:47:25
      at Object.eventWrapper (node_modules/@testing-library/react/dist/pure.js:107:28)
      at fireEvent (node_modules/@testing-library/dom/dist/events.js:12:35)
      at Function.fireEvent.<computed> [as click] (node_modules/@testing-library/dom/dist/events.js:110:36)
      at Function.fireEvent.<computed> [as click] (node_modules/@testing-library/react/dist/fire-event.js:15:52)
      at Object.click (src/components/cart/__tests__/CheckoutForm.test.tsx:326:17)

    console.log
      WhatsApp message formatted: 🧗‍♂️ *NOVA RESERVA CONFIRMADA* 🧗‍♂️

      📋 *Dados do Pedido:*
      • ID: slxopfeb68mlz72cxa
      • Data: 23/02/2026, 13:10:22
      • Status: Aguardando Pagamento
      • Total: R$ 150,00

      💳 *Pagamento:*
      • ID Transação: whatsapp_slxopfeb68mlz72cxa
      • Status: Aguardando via WhatsApp
      • Aguardando pagamento via WhatsApp

      📅 *Detalhes da Escalada:*
      • Data: sábado, 14 de março de 2026

      👥 *Participantes (1):*

      1. *João Silva*
         • Pacote: Escalada Iniciante
         • Idade: 25 anos
         • Nível: Iniciante
         • Declaração saúde: ✅ Sim

      🚨 *INFORMAÇÕES NECESSÁRIAS PARA COMPLETAR A RESERVA:*
      Por favor, responda com as seguintes informações para cada participante:

      *1. João Silva:*
      • Número do tênis: Não informado
      • Nome do contato de emergência:
      • Telefone do contato de emergência:
      • Relacionamento (pai/mãe/cônjuge/etc):

      📱 *Responda este WhatsApp com essas informações para confirmarmos sua reserva!*

      🔔 *Próximos passos:* Após recebermos os dados, confirmaremos presença e enviaremos detalhes sobre equipamentos.

      at WhatsAppService.log [as sendMessage] (src/infrastructure/services/WhatsAppService.ts:112:13)

    console.log
      WhatsApp URL: https://api.whatsapp.com/send?phone=5511995413539&text=%F0%9F%A7%97%E2%80%8D%E2%99%82%EF%B8%8F%20*NOVA%20RESERVA%20CONFIRMADA*%20%F0%9F%A7%97%E2%80%8D%E2%99%82%EF%B8%8F%0A%0A%F0%9F%93%8B%20*Dados%20do%20Pedido%3A*%0A%E2%80%A2%20ID%3A%20slxopfeb68mlz72cxa%0A%E2%80%A2%20Data%3A%2023%2F02%2F2026%2C%2013%3A10%3A22%0A%E2%80%A2%20Status%3A%20Aguardando%20Pagamento%0A%E2%80%A2%20Total%3A%20R%24%C2%A0150%2C00%0A%0A%F0%9F%92%B3%20*Pagamento%3A*%0A%E2%80%A2%20ID%20Transa%C3%A7%C3%A3o%3A%20whatsapp_slxopfeb68mlz72cxa%0A%E2%80%A2%20Status%3A%20Aguardando%20via%20WhatsApp%0A%E2%80%A2%20Aguardando%20pagamento%20via%20WhatsApp%0A%0A%F0%9F%93%85%20*Detalhes%20da%20Escalada%3A*%0A%E2%80%A2%20Data%3A%20s%C3%A1bado%2C%2014%20de%20mar%C3%A7o%20de%202026%0A%0A%F0%9F%91%A5%20*Participantes%20(1)%3A*%0A%0A1.%20*Jo%C3%A3o%20Silva*%0A%20%20%20%E2%80%A2%20Pacote%3A%20Escalada%20Iniciante%0A%20%20%20%E2%80%A2%20Idade%3A%2025%20anos%0A%20%20%20%E2%80%A2%20N%C3%ADvel%3A%20Iniciante%0A%20%20%20%E2%80%A2%20Declara%C3%A7%C3%A3o%20sa%C3%BAde%3A%20%E2%9C%85%20Sim%0A%0A%F0%9F%9A%A8%20*INFORMA%C3%87%C3%95ES%20NECESS%C3%81RIAS%20PARA%20COMPLETAR%20A%20RESERVA%3A*%0APor%20favor%2C%20responda%20com%20as%20seguintes%20informa%C3%A7%C3%B5es%20para%20cada%20participante%3A%0A%0A*1.%20Jo%C3%A3o%20Silva%3A*%0A%E2%80%A2%20N%C3%BAmero%20do%20t%C3%AAnis%3A%20N%C3%A3o%20informado%0A%E2%80%A2%20Nome%20do%20contato%20de%20emerg%C3%AAncia%3A%0A%E2%80%A2%20Telefone%20do%20contato%20de%20emerg%C3%AAncia%3A%0A%E2%80%A2%20Relacionamento%20(pai%2Fm%C3%A3e%2Fc%C3%B4njuge%2Fetc)%3A%0A%0A%F0%9F%93%B1%20*Responda%20este%20WhatsApp%20com%20essas%20informa%C3%A7%C3%B5es%20para%20confirmarmos%20sua%20reserva!*%0A%0A%F0%9F%94%94%20*Pr%C3%B3ximos%20passos%3A*%20Ap%C3%B3s%20recebermos%20os%20dados%2C%20confirmaremos%20presen%C3%A7a%20e%20enviaremos%20detalhes%20sobre%20equipamentos.

      at WhatsAppService.log [as sendMessage] (src/infrastructure/services/WhatsAppService.ts:113:13)

    console.log
      WhatsApp order created: slxopfeb68mlz72cxa

      at OrderRepository.log [as createWhatsAppOrder] (src/infrastructure/repositories/OrderRepository.ts:69:15)

    console.error
      Warning: An update to CheckoutForm inside a test was not wrapped in act(...).

      When testing, code that causes React state updates should be wrapped into act(...):

      act(() => {
        /* fire events that update state */
      });
      /* assert on the output */

      This ensures that you're testing the behavior the user would see in the browser. Learn more at https://reactjs.org/link/wrap-tests-with-act
          at cartItems (/app/src/components/cart/CheckoutForm.tsx:25:32)

      147 |       alert('Erro ao processar pedido. Tente novamente.');
      148 |     } finally {
    > 149 |       setIsSubmitting(false);
          |       ^
      150 |     }
      151 |   };
      152 |

      at printWarning (node_modules/react-dom/cjs/react-dom.development.js:86:30)
      at error (node_modules/react-dom/cjs/react-dom.development.js:60:7)
      at warnIfUpdatesNotWrappedWithActDEV (node_modules/react-dom/cjs/react-dom.development.js:27628:9)
      at scheduleUpdateOnFiber (node_modules/react-dom/cjs/react-dom.development.js:25547:5)
      at dispatchSetState (node_modules/react-dom/cjs/react-dom.development.js:16708:7)
      at setIsSubmitting (src/components/cart/CheckoutForm.tsx:149:7)


Summary of all failing tests
FAIL src/infrastructure/services/__tests__/PaymentService.test.ts
  ● PaymentService › constructor › should warn when access token is missing

    expect(jest.fn()).toHaveBeenCalledWith(...expected)

    Expected: "MERCADOPAGO_ACCESS_TOKEN not configured"

    Number of calls: 0

      57 |       new PaymentService();
      58 |
    > 59 |       expect(warnSpy).toHaveBeenCalledWith('MERCADOPAGO_ACCESS_TOKEN not configured');
         |                       ^
      60 |
      61 |       // Restore
      62 |       warnSpy.mockRestore();

      at Object.toHaveBeenCalledWith (src/infrastructure/services/__tests__/PaymentService.test.ts:59:23)

FAIL src/__tests__/integration/api-packages.test.ts
  ● Packages API Integration Tests › GET /api/packages › should return all active packages successfully

    TypeError: Cannot set property url of #<NextRequest> which has only a getter

       7 | global.Request = class Request {
       8 |   constructor(input, init) {
    >  9 |     this.url = input;
         |             ^
      10 |     this.method = init?.method || 'GET';
      11 |     this.headers = new Map(Object.entries(init?.headers || {}));
      12 |     this.body = init?.body;

      at new Request (jest.setup.js:9:13)
      at new NextRequest (node_modules/next/src/server/web/spec-extension/request.ts:26:10)
      at Object.<anonymous> (src/__tests__/integration/api-packages.test.ts:124:23)

  ● Packages API Integration Tests › GET /api/packages › should return empty array when no packages exist

    TypeError: Cannot set property url of #<NextRequest> which has only a getter

       7 | global.Request = class Request {
       8 |   constructor(input, init) {
    >  9 |     this.url = input;
         |             ^
      10 |     this.method = init?.method || 'GET';
      11 |     this.headers = new Map(Object.entries(init?.headers || {}));
      12 |     this.body = init?.body;

      at new Request (jest.setup.js:9:13)
      at new NextRequest (node_modules/next/src/server/web/spec-extension/request.ts:26:10)
      at Object.<anonymous> (src/__tests__/integration/api-packages.test.ts:152:23)

  ● Packages API Integration Tests › GET /api/packages › should handle database errors gracefully

    TypeError: Cannot set property url of #<NextRequest> which has only a getter

       7 | global.Request = class Request {
       8 |   constructor(input, init) {
    >  9 |     this.url = input;
         |             ^
      10 |     this.method = init?.method || 'GET';
      11 |     this.headers = new Map(Object.entries(init?.headers || {}));
      12 |     this.body = init?.body;

      at new Request (jest.setup.js:9:13)
      at new NextRequest (node_modules/next/src/server/web/spec-extension/request.ts:26:10)
      at Object.<anonymous> (src/__tests__/integration/api-packages.test.ts:168:23)

  ● Packages API Integration Tests › GET /api/packages › should include all required package fields

    TypeError: Cannot set property url of #<NextRequest> which has only a getter

       7 | global.Request = class Request {
       8 |   constructor(input, init) {
    >  9 |     this.url = input;
         |             ^
      10 |     this.method = init?.method || 'GET';
      11 |     this.headers = new Map(Object.entries(init?.headers || {}));
      12 |     this.body = init?.body;

      at new Request (jest.setup.js:9:13)
      at new NextRequest (node_modules/next/src/server/web/spec-extension/request.ts:26:10)
      at Object.<anonymous> (src/__tests__/integration/api-packages.test.ts:184:23)

  ● Packages API Integration Tests › GET /api/packages › should handle packages with missing optional fields

    TypeError: Cannot set property url of #<NextRequest> which has only a getter

       7 | global.Request = class Request {
       8 |   constructor(input, init) {
    >  9 |     this.url = input;
         |             ^
      10 |     this.method = init?.method || 'GET';
      11 |     this.headers = new Map(Object.entries(init?.headers || {}));
      12 |     this.body = init?.body;

      at new Request (jest.setup.js:9:13)
      at new NextRequest (node_modules/next/src/server/web/spec-extension/request.ts:26:10)
      at Object.<anonymous> (src/__tests__/integration/api-packages.test.ts:215:23)

  ● Packages API Integration Tests › GET /api/packages › should return packages in correct format for frontend consumption

    TypeError: Cannot set property url of #<NextRequest> which has only a getter

       7 | global.Request = class Request {
       8 |   constructor(input, init) {
    >  9 |     this.url = input;
         |             ^
      10 |     this.method = init?.method || 'GET';
      11 |     this.headers = new Map(Object.entries(init?.headers || {}));
      12 |     this.body = init?.body;

      at new Request (jest.setup.js:9:13)
      at new NextRequest (node_modules/next/src/server/web/spec-extension/request.ts:26:10)
      at Object.<anonymous> (src/__tests__/integration/api-packages.test.ts:232:23)

  ● Packages API Integration Tests › GET /api/packages › should handle concurrent requests correctly

    TypeError: Cannot set property url of #<NextRequest> which has only a getter

       7 | global.Request = class Request {
       8 |   constructor(input, init) {
    >  9 |     this.url = input;
         |             ^
      10 |     this.method = init?.method || 'GET';
      11 |     this.headers = new Map(Object.entries(init?.headers || {}));
      12 |     this.body = init?.body;

      at new Request (jest.setup.js:9:13)
      at new NextRequest (node_modules/next/src/server/web/spec-extension/request.ts:26:10)
      at Object.<anonymous> (src/__tests__/integration/api-packages.test.ts:263:24)

  ● Packages API Integration Tests › GET /api/packages › should handle large datasets efficiently

    TypeError: Cannot set property url of #<NextRequest> which has only a getter

       7 | global.Request = class Request {
       8 |   constructor(input, init) {
    >  9 |     this.url = input;
         |             ^
      10 |     this.method = init?.method || 'GET';
      11 |     this.headers = new Map(Object.entries(init?.headers || {}));
      12 |     this.body = init?.body;

      at new Request (jest.setup.js:9:13)
      at new NextRequest (node_modules/next/src/server/web/spec-extension/request.ts:26:10)
      at Object.<anonymous> (src/__tests__/integration/api-packages.test.ts:293:23)

  ● Packages API Integration Tests › GET /api/packages › should properly serialize dates and complex objects

    TypeError: Cannot set property url of #<NextRequest> which has only a getter

       7 | global.Request = class Request {
       8 |   constructor(input, init) {
    >  9 |     this.url = input;
         |             ^
      10 |     this.method = init?.method || 'GET';
      11 |     this.headers = new Map(Object.entries(init?.headers || {}));
      12 |     this.body = init?.body;

      at new Request (jest.setup.js:9:13)
      at new NextRequest (node_modules/next/src/server/web/spec-extension/request.ts:26:10)
      at Object.<anonymous> (src/__tests__/integration/api-packages.test.ts:311:23)

  ● Packages API Integration Tests › GET /api/packages › should handle repository timeout gracefully

    TypeError: Cannot set property url of #<NextRequest> which has only a getter

       7 | global.Request = class Request {
       8 |   constructor(input, init) {
    >  9 |     this.url = input;
         |             ^
      10 |     this.method = init?.method || 'GET';
      11 |     this.headers = new Map(Object.entries(init?.headers || {}));
      12 |     this.body = init?.body;

      at new Request (jest.setup.js:9:13)
      at new NextRequest (node_modules/next/src/server/web/spec-extension/request.ts:26:10)
      at Object.<anonymous> (src/__tests__/integration/api-packages.test.ts:335:23)

  ● Packages API Integration Tests › GET /api/packages › should validate response schema

    TypeError: Cannot set property url of #<NextRequest> which has only a getter

       7 | global.Request = class Request {
       8 |   constructor(input, init) {
    >  9 |     this.url = input;
         |             ^
      10 |     this.method = init?.method || 'GET';
      11 |     this.headers = new Map(Object.entries(init?.headers || {}));
      12 |     this.body = init?.body;

      at new Request (jest.setup.js:9:13)
      at new NextRequest (node_modules/next/src/server/web/spec-extension/request.ts:26:10)
      at Object.<anonymous> (src/__tests__/integration/api-packages.test.ts:351:23)

  ● Packages API Integration Tests › Error Handling and Edge Cases › should handle malformed data from repository

    TypeError: Cannot set property url of #<NextRequest> which has only a getter

       7 | global.Request = class Request {
       8 |   constructor(input, init) {
    >  9 |     this.url = input;
         |             ^
      10 |     this.method = init?.method || 'GET';
      11 |     this.headers = new Map(Object.entries(init?.headers || {}));
      12 |     this.body = init?.body;

      at new Request (jest.setup.js:9:13)
      at new NextRequest (node_modules/next/src/server/web/spec-extension/request.ts:26:10)
      at Object.<anonymous> (src/__tests__/integration/api-packages.test.ts:383:23)

  ● Packages API Integration Tests › Error Handling and Edge Cases › should handle repository returning non-array data

    TypeError: Cannot set property url of #<NextRequest> which has only a getter

       7 | global.Request = class Request {
       8 |   constructor(input, init) {
    >  9 |     this.url = input;
         |             ^
      10 |     this.method = init?.method || 'GET';
      11 |     this.headers = new Map(Object.entries(init?.headers || {}));
      12 |     this.body = init?.body;

      at new Request (jest.setup.js:9:13)
      at new NextRequest (node_modules/next/src/server/web/spec-extension/request.ts:26:10)
      at Object.<anonymous> (src/__tests__/integration/api-packages.test.ts:395:23)

  ● Packages API Integration Tests › Error Handling and Edge Cases › should handle memory pressure with large responses

    TypeError: Cannot set property url of #<NextRequest> which has only a getter

       7 | global.Request = class Request {
       8 |   constructor(input, init) {
    >  9 |     this.url = input;
         |             ^
      10 |     this.method = init?.method || 'GET';
      11 |     this.headers = new Map(Object.entries(init?.headers || {}));
      12 |     this.body = init?.body;

      at new Request (jest.setup.js:9:13)
      at new NextRequest (node_modules/next/src/server/web/spec-extension/request.ts:26:10)
      at Object.<anonymous> (src/__tests__/integration/api-packages.test.ts:416:23)

  ● Packages API Integration Tests › Performance and Caching › should complete requests within acceptable time limits

    TypeError: Cannot set property url of #<NextRequest> which has only a getter

       7 | global.Request = class Request {
       8 |   constructor(input, init) {
    >  9 |     this.url = input;
         |             ^
      10 |     this.method = init?.method || 'GET';
      11 |     this.headers = new Map(Object.entries(init?.headers || {}));
      12 |     this.body = init?.body;

      at new Request (jest.setup.js:9:13)
      at new NextRequest (node_modules/next/src/server/web/spec-extension/request.ts:26:10)
      at Object.<anonymous> (src/__tests__/integration/api-packages.test.ts:429:23)

  ● Packages API Integration Tests › Performance and Caching › should handle multiple concurrent requests without degradation

    TypeError: Cannot set property url of #<NextRequest> which has only a getter

       7 | global.Request = class Request {
       8 |   constructor(input, init) {
    >  9 |     this.url = input;
         |             ^
      10 |     this.method = init?.method || 'GET';
      11 |     this.headers = new Map(Object.entries(init?.headers || {}));
      12 |     this.body = init?.body;

      at new Request (jest.setup.js:9:13)
      at new NextRequest (node_modules/next/src/server/web/spec-extension/request.ts:26:10)
      at src/__tests__/integration/api-packages.test.ts:447:9
          at Function.from (<anonymous>)
      at Object.from (src/__tests__/integration/api-packages.test.ts:446:30)

FAIL src/components/cart/__tests__/CartModal.test.tsx
  ● CartModal Component › authentication and checkout › should show checkout form when user is authenticated and clicks checkout

    TestingLibraryElementError: Unable to find an element by: [data-testid="checkout-form"]

    Ignored nodes: comments, script, style
    [36m<body>[39m
      [36m<div>[39m
        [36m<div[39m
          [33mclass[39m=[32m"fixed inset-0 z-50 overflow-hidden"[39m
        [36m>[39m
          [36m<div[39m
            [33mclass[39m=[32m"absolute inset-0 bg-black/50 backdrop-blur-sm"[39m
          [36m/>[39m
          [36m<div[39m
            [33mclass[39m=[32m"absolute right-0 top-0 h-full w-full max-w-md bg-white shadow-xl"[39m
          [36m>[39m
            [36m<div[39m
              [33mclass[39m=[32m"flex h-full flex-col"[39m
            [36m>[39m
              [36m<div[39m
                [33mclass[39m=[32m"flex items-center justify-between border-b border-neutral-200 p-4"[39m
              [36m>[39m
                [36m<div[39m
                  [33mclass[39m=[32m"flex items-center space-x-2"[39m
                [36m>[39m
                  [36m<span[39m
                    [33mdata-testid[39m=[32m"shopping-cart-icon"[39m
                  [36m>[39m
                    [0m��[0m
                  [36m</span>[39m
                  [36m<h2[39m
                    [33mclass[39m=[32m"text-lg font-semibold"[39m
                  [36m>[39m
                    [0mMeu Carrinho[0m
                  [36m</h2>[39m
                  [36m<span[39m
                    [33mclass[39m=[32m"text-sm text-neutral-500"[39m
                  [36m>[39m
                    [0m([0m
                    [0m1[0m
                    [0m [0m
                    [0mitem[0m
                    [0m)[0m
                  [36m</span>[39m
                [36m</div>[39m
                [36m<button[39m
                  [33mclass[39m=[32m"rounded-full p-1 hover:bg-neutral-100 transition-colors"[39m
                [36m>[39m
                  [36m<span[39m
                    [33mdata-testid[39m=[32m"close-icon"[39m
                  [36m>[39m
                    [0m×[0m
                  [36m</span>[39m
                [36m</button>[39m
              [36m</div>[39m
              [36m<div[39m
                [33mclass[39m=[32m"flex-1 overflow-hidden"[39m
              [36m>[39m
                [36m<div[39m
                  [33mclass[39m=[32m"flex-1 overflow-y-auto p-4 space-y-4"[39m
                [36m>[39m
                  [36m<div[39m
                    [33mclass[39m=[32m"p-4"[39m
                  [36m>[39m
                    [36m<div[39m
                      [33mclass[39m=[32m"flex items-start justify-between"[39m
                    [36m>[39m
                      [36m<div[39m
                        [33mclass[39m=[32m"flex-1"[39m
                      [36m>[39m
                        [36m<h3[39m
                          [33mclass[39m=[32m"font-medium text-neutral-900"[39m
                        [36m>[39m
                          [0mEscalada Iniciante[0m
                        [36m</h3>[39m
                        [36m<p[39m
                          [33mclass[39m=[32m"text-sm text-neutral-600 mt-1"[39m
                        [36m>[39m
                          [0mParticipante: [0m
                          [0mJoão Silva[0m
                        [36m</p>[39m
                        [36m<p[39m
                          [33mclass[39m=[32m"text-climb-600 font-semibold mt-2"[39m
                        [36m>[39m
                          [0mR$ 150.00[0m
                        [36m</p>[39m
                      [36m</div>[39m
                      [36m<div[39m
                        [33mclass[39m=[32m"flex items-center space-x-2 ml-4"[39m
                      [36m>[39m
                        [36m<button[39m
                          [33mclass[39m=[32m"rounded-full p-1 hover:bg-neutral-100 transition-colors"[39m
                          [33mdisabled[39m=[32m""[39m
                        [36m>[39m
                          [36m<span[39m
                            [33mdata-testid[39m=[32m"minus-icon"[39m
                          [36m>[39m
                            [0m-[0m
                          [36m</span>[39m
                        [36m</button>[39m
                        [36m<span[39m
                          [33mclass[39m=[32m"w-8 text-center font-medium"[39m
                        [36m>[39m
                          [0m1[0m
                        [36m</span>[39m
                        [36m<button[39m
                          [33mclass[39m=[32m"rounded-full p-1 hover:bg-neutral-100 transition-colors"[39m
                        [36m>[39m
                          [36m<span[39m
                            [33mdata-testid[39m=[32m"plus-icon"[39m
                          [36m>[39m
                            [0m+[0m
                          [36m</span>[39m
                        [36m</button>[39m
                      [36m</div>[39m
                    [36m</div>[39m
                    [36m<button[39m
                      [33mclass[39m=[32m"text-sm text-red-600 hover:text-red-700 mt-3 transition-colors"[39m
                    [36m>[39m
                      [0mRemover[0m
                    [36m</button>[39m
                  [36m</div>[39m
                [36m</div>[39m
                [36m<div[39m
                  [33mclass[39m=[32m"border-t border-neutral-200 p-4 space-y-4"[39m
                [36m>[39m
                  [36m<button[39m
                    [33mclass[39m=[32m"text-sm text-neutral-600 hover:text-neutral-700 transition-colors"[39m
                  [36m>[39m
                    [0mLimpar carrinho[0m
                  [36m</button>[39m
                  [36m<div[39m
                    [33mclass[39m=[32m"flex items-center justify-between text-lg font-semibold"[39m
                  [36m>[39m
                    [36m<span>[39m
                      [0mTotal:[0m
                    [36m</span>[39m
                    [36m<span[39m
                      [33mclass[39m=[32m"text-climb-600"[39m
                    [36m>[39m
                      [0mR$ 0.00[0m
                    [36m</span>[39m
                  [36m</div>[39m
                  [36m<button[39m
                    [33mclass[39m=[32m"w-full"[39m
                  [36m>[39m
                    [36m<span[39m
                      [33mdata-testid[39m=[32m"credit-card-icon"[39m
                    [36m>[39m
                      [0m��[0m
                    [36m</span>[39m
                    [0mEntrar e Comprar[0m
                  [36m</button>[39m
                [36m</div>[39m
              [36m</div>[39m
            [36m</div>[39m
          [36m</div>[39m
        [36m</div>[39m
      [36m</div>[39m
    [36m</body>[39m

      293 |       fireEvent.click(checkoutButton);
      294 |
    > 295 |       expect(screen.getByTestId('checkout-form')).toBeInTheDocument();
          |                     ^
      296 |       expect(screen.getByText('Finalizar Compra')).toBeInTheDocument(); // Header changes
      297 |     });
      298 |   });

      at Object.getElementError (node_modules/@testing-library/dom/dist/config.js:37:19)
      at node_modules/@testing-library/dom/dist/query-helpers.js:76:38
      at node_modules/@testing-library/dom/dist/query-helpers.js:52:17
      at node_modules/@testing-library/dom/dist/query-helpers.js:95:19
      at Object.getByTestId (src/components/cart/__tests__/CartModal.test.tsx:295:21)

FAIL src/components/sections/__tests__/PackagesSection.test.tsx
  ● PackagesSection Component › disabled package handling › should apply disabled styling

    expect(element).toHaveClass("cursor-not-allowed opacity-60")

    Expected the element to have class:
      cursor-not-allowed opacity-60
    Received:
      relative overflow-hidden opacity-90 grayscale-[0.3]

      217 |       const disabledCard = screen.getByText('Indisponível').closest('div');
      218 |       const parentCard = disabledCard?.parentElement;
    > 219 |       expect(parentCard).toHaveClass('cursor-not-allowed', 'opacity-60');
          |                          ^
      220 |     });
      221 |
      222 |     it('should show disabled button text', () => {

      at Object.toHaveClass (src/components/sections/__tests__/PackagesSection.test.tsx:219:26)

  ● PackagesSection Component › disabled package handling › should show disabled button text

    TestingLibraryElementError: Unable to find an element with the text: Pacote Indisponível. This could be because the text is broken up by multiple elements. In this case, you can provide a function for your text matcher to make your matcher more flexible.

    Ignored nodes: comments, script, style
    [36m<body>[39m
      [36m<div>[39m
        [36m<section[39m
          [33mclass[39m=[32m"bg-neutral-50 py-20"[39m
          [33mid[39m=[32m"pacotes"[39m
        [36m>[39m
          [36m<div[39m
            [33mclass[39m=[32m"container mx-auto px-4"[39m
          [36m>[39m
            [36m<div[39m
              [33mclass[39m=[32m"mb-16 text-center"[39m
            [36m>[39m
              [36m<h2[39m
                [33mclass[39m=[32m"mb-6 text-4xl font-bold text-climb-600 md:text-5xl"[39m
              [36m>[39m
                [0mPacotes de Escalada[0m
              [36m</h2>[39m
              [36m<p[39m
                [33mclass[39m=[32m"mx-auto max-w-3xl text-xl text-neutral-700"[39m
              [36m>[39m
                [0mEscolha a experiência perfeita para o seu nível. Todos os pacotes incluem equipamentos de segurança e instrução profissional.[0m
              [36m</p>[39m
            [36m</div>[39m
            [36m<div[39m
              [33mclass[39m=[32m"mx-auto grid max-w-6xl grid-cols-1 gap-8 md:grid-cols-3"[39m
            [36m>[39m
              [36m<div[39m
                [33mclass[39m=[32m"relative overflow-hidden  "[39m
                [33mdata-interactive[39m=[32m"true"[39m
              [36m>[39m
                [36m<div>[39m
                  [36m<div[39m
                    [33mclass[39m=[32m"mx-auto mb-4 flex h-16 w-16 items-center justify-center text-2xl rounded-full bg-climb-500 text-white"[39m
                  [36m>[39m
                    [0m��[0m
                  [36m</div>[39m
                  [36m<h3>[39m
                    [0mEscalada Iniciante[0m
                  [36m</h3>[39m
                  [36m<p>[39m
                    [0mPerfeito para iniciantes[0m
                  [36m</p>[39m
                [36m</div>[39m
                [36m<div>[39m
                  [36m<div[39m
                    [33mclass[39m=[32m"mb-6 text-center"[39m
                  [36m>[39m
                    [36m<div[39m
                      [33mclass[39m=[32m"flex items-center justify-center space-x-2"[39m
                    [36m>[39m
                      [36m<span[39m
                        [33mclass[39m=[32m"text-3xl font-bold text-climb-600"[39m
                      [36m>[39m
                        [0mR$ 150.00[0m
                      [36m</span>[39m
                      [36m<span[39m
                        [33mclass[39m=[32m"text-lg text-neutral-500 line-through"[39m
                      [36m>[39m
                        [0mR$ 200.00[0m
                      [36m</span>[39m
                    [36m</div>[39m
                    [36m<div[39m
                      [33mclass[39m=[32m"mt-1 text-sm text-neutral-600"[39m
                    [36m>[39m
                      [0m4 horas[0m
                    [36m</div>[39m
                  [36m</div>[39m
                  [36m<ul[39m
                    [33mclass[39m=[32m"space-y-3"[39m
                  [36m>[39m
                    [36m<li[39m
                      [33mclass[39m=[32m"flex items-start space-x-2"[39m
                    [36m>[39m
                      [36m<span[39m
                        [33mclass[39m=[32m"mt-1 text-climb-500"[39m
                      [36m>[39m
                        [0m✓[0m
                      [36m</span>[39m
                      [36m<span[39m
                        [33mclass[39m=[32m"text-neutral-700"[39m
                      [36m>[39m
                        [0mInstrução básica[0m
                      [36m</span>[39m
                    [36m</li>[39m
                    [36m<li[39m
                      [33mclass[39m=[32m"flex items-start space-x-2"[39m
                    [36m>[39m
                      [36m<span[39m
                        [33mclass[39m=[32m"mt-1 text-climb-500"[39m
                      [36m>[39m
                        [0m✓[0m
                      [36m</span>[39m
                      [36m<span[39m
                        [33mclass[39m=[32m"text-neutral-700"[39m
                      [36m>[39m
                        [0mEquipamentos inclusos[0m
                      [36m</span>[39m
                    [36m</li>[39m
                    [36m<li[39m
                      [33mclass[39m=[32m"border-t border-neutral-200 pt-2"[39m
                    [36m>[39m
                      [36m<span[39m
                        [33mclass[39m=[32m"text-sm font-semibold text-orange-600"[39m
                      [36m>[39m
                        [0m�� BÔNUS EXCLUSIVOS:[0m
                      [36m</span>[39m
                    [36m</li>[39m
                    [36m<li[39m
                      [33mclass[39m=[32m"flex items-start space-x-2"[39m
                    [36m>[39m
                      [36m<span[39m
                        [33mclass[39m=[32m"font-medium text-neutral-700"[39m
                      [36m>[39m
                        [0mLanche[0m
                      [36m</span>[39m
                    [36m</li>[39m
                    [36m<li[39m
                      [33mclass[39m=[32m"flex items-start space-x-2"[39m
                    [36m>[39m
                      [36m<span[39m
                        [33mclass[39m=[32m"font-medium text-neutral-700"[39m
                      [36m>[39m
                        [0mFotos[0m
                      [36m</span>[39m
                    [36m</li>[39m
                  [36m</ul>[39m
                [36m</div>[39m
                [36m<div>[39m
                  [36m<button[39m
                    [33mdata-size[39m=[32m"lg"[39m
                    [33mdata-variant[39m=[32m"outline"[39m
                  [36m>[39m
                    [0mAdicionar ao Carrinho[0m
                  [36m</button>[39m
                [36m</div>[39m
              [36m</div>[39m
              [36m<div[39m
                [33mclass[39m=[32m"relative overflow-hidden scale-105 ring-2 ring-orange-400 "[39m
                [33mdata-interactive[39m=[32m"true"[39m
              [36m>[39m
                [36m<div[39m
                  [33mclass[39m=[32m"absolute right-0 top-0 bg-orange-400 px-4 py-1 text-sm font-semibold text-white"[39m
                [36m>[39m
                  [0mMais Popular[0m
                [36m</div>[39m
                [36m<div>[39m
                  [36m<div[39m
                    [33mclass[39m=[32m"mx-auto mb-4 flex h-16 w-16 items-center justify-center text-2xl clip-hexagon bg-orange-400 text-white"[39m
                  [36m>[39m
                    [0m��️[0m
                  [36m</div>[39m
                  [36m<h3>[39m
                    [0mEscalada Avançada[0m
                  [36m</h3>[39m
                  [36m<p>[39m
                    [0mPara escaladores experientes[0m
                  [36m</p>[39m
                [36m</div>[39m
                [36m<div>[39m
                  [36m<div[39m
                    [33mclass[39m=[32m"mb-6 text-center"[39m
                  [36m>[39m
                    [36m<div[39m
                      [33mclass[39m=[32m"flex items-center justify-center space-x-2"[39m
                    [36m>[39m
                      [36m<span[39m
                        [33mclass[39m=[32m"text-3xl font-bold text-climb-600"[39m
                      [36m>[39m
                        [0mR$ 250.00[0m
                      [36m</span>[39m
                    [36m</div>[39m
                    [36m<div[39m
                      [33mclass[39m=[32m"mt-1 text-sm text-neutral-600"[39m
                    [36m>[39m
                      [0m6 horas[0m
                    [36m</div>[39m
                  [36m</div>[39m
                  [36m<ul[39m
                    [33mclass[39m=[32m"space-y-3"[39m
                  [36m>[39m
                    [36m<li[39m
                      [33mclass[39m=[32m"flex items-start space-x-2"[39m
                    [36m>[39m
                      [36m<span[39m
                        [33mclass[39m=[32m"mt-1 text-climb-500"[39m
                      [36m>[39m
                        [0m✓[0m
                      [36m</span>[39m
                      [36m<span[39m
                        [33mclass[39m=[32m"text-neutral-700"[39m
                      [36m>[39m
                        [0mRotas desafiadoras[0m
                      [36m</span>[39m
                    [36m</li>[39m
                    [36m<li[39m
                      [33mclass[39m=[32m"flex items-start space-x-2"[39m
                    [36m>[39m
                      [36m<span[39m
                        [33mclass[39m=[32m"mt-1 text-climb-500"[39m
                      [36m>[39m
                        [0m✓[0m
                      [36m</span>[39m
                      [36m<span[39m
                        [33mclass[39m=[32m"text-neutral-700"[39m
                      [36m>[39m
                        [0mEquipamentos profissionais[0m
                      [36m</span>[39m
                    [36m</li>[39m
                    [36m<li[39m
                      [33mclass[39m=[32m"border-t border-neutral-200 pt-2"[39m
                    [36m>[39m
                      [36m<span[39m
                        [33mclass[39m=[32m"text-sm font-semibold text-orange-600"[39m
                      [36m>[39m
                        [0m�� BÔNUS EXCLUSIVOS:[0m
                      [36m</span>[39m
                    [36m</li>[39m
                    [36m<li[39m
                      [33mclass[39m=[32m"flex items-start space-x-2"[39m
                    [36m>[39m
                      [36m<span[39m
                        [33mclass[39m=[32m"font-medium text-neutral-700"[39m
                      [36m>[39m
                        [0mAlmoço[0m
                      [36m</span>[39m
                    [36m</li>[39m
                    [36m<li[39m
                      [33mclass[39m=[32m"flex items-start space-x-2"[39m
                    [36m>[39m
                      [36m<span[39m
                        [33mclass[39m=[32m"font-medium text-neutral-700"[39m
                      [36m>[39m
                        [0mCertificado[0m
                      [36m</span>[39m
                    [36m</li>[39m
                  [36m</ul>[39m
                [36m</div>[39m
                [36m<div>[39m
                  [36m<button[39m
                    [33mdata-size[39m=[32m"lg"[39m
                    [33mdata-variant[39m=[32m"primary"[39m
                  [36m>[39m
                    [0mAdicionar ao Carrinho[0m
                  [36m</button>[39m
                [36m</div>[39m
              [36m</div>[39m
              [36m<div[39m
                [33mclass[39m=[32m"relative overflow-hidden  opacity-90 grayscale-[0.3]"[39m
                [33mdata-interactive[39m=[32m"true"[39m
              [36m>[39m
                [36m<div[39m
                  [33mclass[39m=[32m"absolute right-0 top-0 bg-gray-500 px-4 py-1 text-sm font-semibold text-white"[39m
                [36m>[39m
                  [0mIndisponível[0m
                [36m</div>[39m
                [36m<div>[39m
                  [36m<div[39m
                    [33mclass[39m=[32m"mx-auto mb-4 flex h-16 w-16 items-center justify-center text-2xl clip-triangle bg-purple-500 text-white"[39m
                  [36m>[39m
                    [0m⭐[0m
                  [36m</div>[39m
                  [36m<h3>[39m
                    [0mEscalada Premium[0m
                  [36m</h3>[39m
                  [36m<p>[39m
                    [0mExperiência exclusiva[0m
                  [36m</p>[39m
                [36m</div>[39m
                [36m<div>[39m
                  [36m<div[39m
                    [33mclass[39m=[32m"mb-6 text-center"[39m
                  [36m>[39m
                    [36m<div[39m
                      [33mclass[39m=[32m"flex items-center justify-center space-x-2"[39m
                    [36m>[39m
                      [36m<span[39m
                        [33mclass[39m=[32m"text-3xl font-bold text-climb-600"[39m
                      [36m>[39m
                        [0mR$ 350.00[0m
                      [36m</span>[39m
                    [36m</div>[39m
                    [36m<div[39m
                      [33mclass[39m=[32m"mt-1 text-sm text-neutral-600"[39m
                    [36m>[39m
                      [0m8 horas[0m
                    [36m</div>[39m
                  [36m</div>[39m
                  [36m<ul[39m
                    [33mclass[39m=[32m"space-y-3"[39m
                  [36m>[39m
                    [36m<li[39m
                      [33mclass[39m=[32m"flex items-start space-x-2"[39m
                    [36m>[39m
                      [36m<span[39m
                        [33mclass[39m=[32m"mt-1 text-climb-500"[39m
                      [36m>[39m
                        [0m✓[0m
                      [36m</span>[39m
                      [36m<span[39m
                        [33mclass[39m=[32m"text-neutral-700"[39m
                      [36m>[39m
                        [0mInstrutor particular[0m
                      [36m</span>[39m
                    [36m</li>[39m
                    [36m<li[39m
                      [33mclass[39m=[32m"flex items-start space-x-2"[39m
                    [36m>[39m
                      [36m<span[39m
                        [33mclass[39m=[32m"mt-1 text-climb-500"[39m
                      [36m>[39m
                        [0m✓[0m
                      [36m</span>[39m
                      [36m<span[39m
                        [33mclass[39m=[32m"text-neutral-700"[39m
                      [36m>[39m
                        [0mEquipamentos premium[0m
                      [36m</span>[39m
                    [36m</li>[39m
                    [36m<li[39m
                      [33mclass[39m=[32m"border-t border-neutral-200 pt-2"[39m
                    [36m>[39m
                      [36m<span[39m
                        [33mclass[39m=[32m"text-sm font-semibold text-orange-600"[39m
                      [36m>[39m
                        [0m�� BÔNUS EXCLUSIVOS:[0m
                      [36m</span>[39m
                    [36m</li>[39m
                    [36m<li[39m
                      [33mclass[39m=[32m"flex items-start space-x-2"[39m
                    [36m>[39m
                      [36m<span[39m
                        [33mclass[39m=[32m"font-medium text-neutral-700"[39m
                      [36m>[39m
                        [0mJantar[0m
                      [36m</span>[39m
                    [36m</li>[39m
                    [36m<li[39m
                      [33mclass[39m=[32m"flex items-start space-x-2"[39m
                    [36m>[39m
                      [36m<span[39m
                        [33mclass[39m=[32m"font-medium text-neutral-700"[39m
                      [36m>[39m
                        [0mVídeo profissional[0m
                      [36m</span>[39m
                    [36m</li>[39m
                  [36m</ul>[39m
                [36m</div>[39m
                [36m<div>[39m
                  [36m<button[39m
                    [33mdata-size[39m=[32m"lg"[39m
                    [33mdata-variant[39m=[32m"secondary"[39m
                  [36m>[39m
                    [0mEntrar na Lista de Espera[0m
                  [36m</button>[39m
                [36m</div>[39m
              [36m</div>[39m
            [36m</div>[39m
            [36m<div[39m
              [33mclass[39m=[32m"mt-12 text-center"[39m
            [36m>[39m
              [36m<p[39m
                [33mclass[39m=[32m"mb-4 text-neutral-600"[39m
              [36m>[39m
                [0mDúvidas sobre qual pacote escolher?[0m
              [36m</p>[39m
              [36m<button[39m
                [33mdata-size[39m=[32m"lg"[39m
                [33mdata-variant[39m=[32m"ghost"[39m
              [36m>[39m
                [0m�� Fale Conosco[0m
              [36m</button>[39m
            [36m</div>[39m
          [36m</div>[39m
        [36m</section>[39m
      [36m</div>[39m
    [36m</body>[39m

      221 |
      222 |     it('should show disabled button text', () => {
    > 223 |       expect(screen.getByText('Pacote Indisponível')).toBeInTheDocument();
          |                     ^
      224 |     });
      225 |
      226 |     it('should disable button for unavailable packages', () => {

      at Object.getElementError (node_modules/@testing-library/dom/dist/config.js:37:19)
      at node_modules/@testing-library/dom/dist/query-helpers.js:76:38
      at node_modules/@testing-library/dom/dist/query-helpers.js:52:17
      at node_modules/@testing-library/dom/dist/query-helpers.js:95:19
      at Object.getByText (src/components/sections/__tests__/PackagesSection.test.tsx:223:21)

  ● PackagesSection Component › disabled package handling › should disable button for unavailable packages

    TestingLibraryElementError: Unable to find an element with the text: Pacote Indisponível. This could be because the text is broken up by multiple elements. In this case, you can provide a function for your text matcher to make your matcher more flexible.

    Ignored nodes: comments, script, style
    [36m<body>[39m
      [36m<div>[39m
        [36m<section[39m
          [33mclass[39m=[32m"bg-neutral-50 py-20"[39m
          [33mid[39m=[32m"pacotes"[39m
        [36m>[39m
          [36m<div[39m
            [33mclass[39m=[32m"container mx-auto px-4"[39m
          [36m>[39m
            [36m<div[39m
              [33mclass[39m=[32m"mb-16 text-center"[39m
            [36m>[39m
              [36m<h2[39m
                [33mclass[39m=[32m"mb-6 text-4xl font-bold text-climb-600 md:text-5xl"[39m
              [36m>[39m
                [0mPacotes de Escalada[0m
              [36m</h2>[39m
              [36m<p[39m
                [33mclass[39m=[32m"mx-auto max-w-3xl text-xl text-neutral-700"[39m
              [36m>[39m
                [0mEscolha a experiência perfeita para o seu nível. Todos os pacotes incluem equipamentos de segurança e instrução profissional.[0m
              [36m</p>[39m
            [36m</div>[39m
            [36m<div[39m
              [33mclass[39m=[32m"mx-auto grid max-w-6xl grid-cols-1 gap-8 md:grid-cols-3"[39m
            [36m>[39m
              [36m<div[39m
                [33mclass[39m=[32m"relative overflow-hidden  "[39m
                [33mdata-interactive[39m=[32m"true"[39m
              [36m>[39m
                [36m<div>[39m
                  [36m<div[39m
                    [33mclass[39m=[32m"mx-auto mb-4 flex h-16 w-16 items-center justify-center text-2xl rounded-full bg-climb-500 text-white"[39m
                  [36m>[39m
                    [0m��[0m
                  [36m</div>[39m
                  [36m<h3>[39m
                    [0mEscalada Iniciante[0m
                  [36m</h3>[39m
                  [36m<p>[39m
                    [0mPerfeito para iniciantes[0m
                  [36m</p>[39m
                [36m</div>[39m
                [36m<div>[39m
                  [36m<div[39m
                    [33mclass[39m=[32m"mb-6 text-center"[39m
                  [36m>[39m
                    [36m<div[39m
                      [33mclass[39m=[32m"flex items-center justify-center space-x-2"[39m
                    [36m>[39m
                      [36m<span[39m
                        [33mclass[39m=[32m"text-3xl font-bold text-climb-600"[39m
                      [36m>[39m
                        [0mR$ 150.00[0m
                      [36m</span>[39m
                      [36m<span[39m
                        [33mclass[39m=[32m"text-lg text-neutral-500 line-through"[39m
                      [36m>[39m
                        [0mR$ 200.00[0m
                      [36m</span>[39m
                    [36m</div>[39m
                    [36m<div[39m
                      [33mclass[39m=[32m"mt-1 text-sm text-neutral-600"[39m
                    [36m>[39m
                      [0m4 horas[0m
                    [36m</div>[39m
                  [36m</div>[39m
                  [36m<ul[39m
                    [33mclass[39m=[32m"space-y-3"[39m
                  [36m>[39m
                    [36m<li[39m
                      [33mclass[39m=[32m"flex items-start space-x-2"[39m
                    [36m>[39m
                      [36m<span[39m
                        [33mclass[39m=[32m"mt-1 text-climb-500"[39m
                      [36m>[39m
                        [0m✓[0m
                      [36m</span>[39m
                      [36m<span[39m
                        [33mclass[39m=[32m"text-neutral-700"[39m
                      [36m>[39m
                        [0mInstrução básica[0m
                      [36m</span>[39m
                    [36m</li>[39m
                    [36m<li[39m
                      [33mclass[39m=[32m"flex items-start space-x-2"[39m
                    [36m>[39m
                      [36m<span[39m
                        [33mclass[39m=[32m"mt-1 text-climb-500"[39m
                      [36m>[39m
                        [0m✓[0m
                      [36m</span>[39m
                      [36m<span[39m
                        [33mclass[39m=[32m"text-neutral-700"[39m
                      [36m>[39m
                        [0mEquipamentos inclusos[0m
                      [36m</span>[39m
                    [36m</li>[39m
                    [36m<li[39m
                      [33mclass[39m=[32m"border-t border-neutral-200 pt-2"[39m
                    [36m>[39m
                      [36m<span[39m
                        [33mclass[39m=[32m"text-sm font-semibold text-orange-600"[39m
                      [36m>[39m
                        [0m�� BÔNUS EXCLUSIVOS:[0m
                      [36m</span>[39m
                    [36m</li>[39m
                    [36m<li[39m
                      [33mclass[39m=[32m"flex items-start space-x-2"[39m
                    [36m>[39m
                      [36m<span[39m
                        [33mclass[39m=[32m"font-medium text-neutral-700"[39m
                      [36m>[39m
                        [0mLanche[0m
                      [36m</span>[39m
                    [36m</li>[39m
                    [36m<li[39m
                      [33mclass[39m=[32m"flex items-start space-x-2"[39m
                    [36m>[39m
                      [36m<span[39m
                        [33mclass[39m=[32m"font-medium text-neutral-700"[39m
                      [36m>[39m
                        [0mFotos[0m
                      [36m</span>[39m
                    [36m</li>[39m
                  [36m</ul>[39m
                [36m</div>[39m
                [36m<div>[39m
                  [36m<button[39m
                    [33mdata-size[39m=[32m"lg"[39m
                    [33mdata-variant[39m=[32m"outline"[39m
                  [36m>[39m
                    [0mAdicionar ao Carrinho[0m
                  [36m</button>[39m
                [36m</div>[39m
              [36m</div>[39m
              [36m<div[39m
                [33mclass[39m=[32m"relative overflow-hidden scale-105 ring-2 ring-orange-400 "[39m
                [33mdata-interactive[39m=[32m"true"[39m
              [36m>[39m
                [36m<div[39m
                  [33mclass[39m=[32m"absolute right-0 top-0 bg-orange-400 px-4 py-1 text-sm font-semibold text-white"[39m
                [36m>[39m
                  [0mMais Popular[0m
                [36m</div>[39m
                [36m<div>[39m
                  [36m<div[39m
                    [33mclass[39m=[32m"mx-auto mb-4 flex h-16 w-16 items-center justify-center text-2xl clip-hexagon bg-orange-400 text-white"[39m
                  [36m>[39m
                    [0m��️[0m
                  [36m</div>[39m
                  [36m<h3>[39m
                    [0mEscalada Avançada[0m
                  [36m</h3>[39m
                  [36m<p>[39m
                    [0mPara escaladores experientes[0m
                  [36m</p>[39m
                [36m</div>[39m
                [36m<div>[39m
                  [36m<div[39m
                    [33mclass[39m=[32m"mb-6 text-center"[39m
                  [36m>[39m
                    [36m<div[39m
                      [33mclass[39m=[32m"flex items-center justify-center space-x-2"[39m
                    [36m>[39m
                      [36m<span[39m
                        [33mclass[39m=[32m"text-3xl font-bold text-climb-600"[39m
                      [36m>[39m
                        [0mR$ 250.00[0m
                      [36m</span>[39m
                    [36m</div>[39m
                    [36m<div[39m
                      [33mclass[39m=[32m"mt-1 text-sm text-neutral-600"[39m
                    [36m>[39m
                      [0m6 horas[0m
                    [36m</div>[39m
                  [36m</div>[39m
                  [36m<ul[39m
                    [33mclass[39m=[32m"space-y-3"[39m
                  [36m>[39m
                    [36m<li[39m
                      [33mclass[39m=[32m"flex items-start space-x-2"[39m
                    [36m>[39m
                      [36m<span[39m
                        [33mclass[39m=[32m"mt-1 text-climb-500"[39m
                      [36m>[39m
                        [0m✓[0m
                      [36m</span>[39m
                      [36m<span[39m
                        [33mclass[39m=[32m"text-neutral-700"[39m
                      [36m>[39m
                        [0mRotas desafiadoras[0m
                      [36m</span>[39m
                    [36m</li>[39m
                    [36m<li[39m
                      [33mclass[39m=[32m"flex items-start space-x-2"[39m
                    [36m>[39m
                      [36m<span[39m
                        [33mclass[39m=[32m"mt-1 text-climb-500"[39m
                      [36m>[39m
                        [0m✓[0m
                      [36m</span>[39m
                      [36m<span[39m
                        [33mclass[39m=[32m"text-neutral-700"[39m
                      [36m>[39m
                        [0mEquipamentos profissionais[0m
                      [36m</span>[39m
                    [36m</li>[39m
                    [36m<li[39m
                      [33mclass[39m=[32m"border-t border-neutral-200 pt-2"[39m
                    [36m>[39m
                      [36m<span[39m
                        [33mclass[39m=[32m"text-sm font-semibold text-orange-600"[39m
                      [36m>[39m
                        [0m�� BÔNUS EXCLUSIVOS:[0m
                      [36m</span>[39m
                    [36m</li>[39m
                    [36m<li[39m
                      [33mclass[39m=[32m"flex items-start space-x-2"[39m
                    [36m>[39m
                      [36m<span[39m
                        [33mclass[39m=[32m"font-medium text-neutral-700"[39m
                      [36m>[39m
                        [0mAlmoço[0m
                      [36m</span>[39m
                    [36m</li>[39m
                    [36m<li[39m
                      [33mclass[39m=[32m"flex items-start space-x-2"[39m
                    [36m>[39m
                      [36m<span[39m
                        [33mclass[39m=[32m"font-medium text-neutral-700"[39m
                      [36m>[39m
                        [0mCertificado[0m
                      [36m</span>[39m
                    [36m</li>[39m
                  [36m</ul>[39m
                [36m</div>[39m
                [36m<div>[39m
                  [36m<button[39m
                    [33mdata-size[39m=[32m"lg"[39m
                    [33mdata-variant[39m=[32m"primary"[39m
                  [36m>[39m
                    [0mAdicionar ao Carrinho[0m
                  [36m</button>[39m
                [36m</div>[39m
              [36m</div>[39m
              [36m<div[39m
                [33mclass[39m=[32m"relative overflow-hidden  opacity-90 grayscale-[0.3]"[39m
                [33mdata-interactive[39m=[32m"true"[39m
              [36m>[39m
                [36m<div[39m
                  [33mclass[39m=[32m"absolute right-0 top-0 bg-gray-500 px-4 py-1 text-sm font-semibold text-white"[39m
                [36m>[39m
                  [0mIndisponível[0m
                [36m</div>[39m
                [36m<div>[39m
                  [36m<div[39m
                    [33mclass[39m=[32m"mx-auto mb-4 flex h-16 w-16 items-center justify-center text-2xl clip-triangle bg-purple-500 text-white"[39m
                  [36m>[39m
                    [0m⭐[0m
                  [36m</div>[39m
                  [36m<h3>[39m
                    [0mEscalada Premium[0m
                  [36m</h3>[39m
                  [36m<p>[39m
                    [0mExperiência exclusiva[0m
                  [36m</p>[39m
                [36m</div>[39m
                [36m<div>[39m
                  [36m<div[39m
                    [33mclass[39m=[32m"mb-6 text-center"[39m
                  [36m>[39m
                    [36m<div[39m
                      [33mclass[39m=[32m"flex items-center justify-center space-x-2"[39m
                    [36m>[39m
                      [36m<span[39m
                        [33mclass[39m=[32m"text-3xl font-bold text-climb-600"[39m
                      [36m>[39m
                        [0mR$ 350.00[0m
                      [36m</span>[39m
                    [36m</div>[39m
                    [36m<div[39m
                      [33mclass[39m=[32m"mt-1 text-sm text-neutral-600"[39m
                    [36m>[39m
                      [0m8 horas[0m
                    [36m</div>[39m
                  [36m</div>[39m
                  [36m<ul[39m
                    [33mclass[39m=[32m"space-y-3"[39m
                  [36m>[39m
                    [36m<li[39m
                      [33mclass[39m=[32m"flex items-start space-x-2"[39m
                    [36m>[39m
                      [36m<span[39m
                        [33mclass[39m=[32m"mt-1 text-climb-500"[39m
                      [36m>[39m
                        [0m✓[0m
                      [36m</span>[39m
                      [36m<span[39m
                        [33mclass[39m=[32m"text-neutral-700"[39m
                      [36m>[39m
                        [0mInstrutor particular[0m
                      [36m</span>[39m
                    [36m</li>[39m
                    [36m<li[39m
                      [33mclass[39m=[32m"flex items-start space-x-2"[39m
                    [36m>[39m
                      [36m<span[39m
                        [33mclass[39m=[32m"mt-1 text-climb-500"[39m
                      [36m>[39m
                        [0m✓[0m
                      [36m</span>[39m
                      [36m<span[39m
                        [33mclass[39m=[32m"text-neutral-700"[39m
                      [36m>[39m
                        [0mEquipamentos premium[0m
                      [36m</span>[39m
                    [36m</li>[39m
                    [36m<li[39m
                      [33mclass[39m=[32m"border-t border-neutral-200 pt-2"[39m
                    [36m>[39m
                      [36m<span[39m
                        [33mclass[39m=[32m"text-sm font-semibold text-orange-600"[39m
                      [36m>[39m
                        [0m�� BÔNUS EXCLUSIVOS:[0m
                      [36m</span>[39m
                    [36m</li>[39m
                    [36m<li[39m
                      [33mclass[39m=[32m"flex items-start space-x-2"[39m
                    [36m>[39m
                      [36m<span[39m
                        [33mclass[39m=[32m"font-medium text-neutral-700"[39m
                      [36m>[39m
                        [0mJantar[0m
                      [36m</span>[39m
                    [36m</li>[39m
                    [36m<li[39m
                      [33mclass[39m=[32m"flex items-start space-x-2"[39m
                    [36m>[39m
                      [36m<span[39m
                        [33mclass[39m=[32m"font-medium text-neutral-700"[39m
                      [36m>[39m
                        [0mVídeo profissional[0m
                      [36m</span>[39m
                    [36m</li>[39m
                  [36m</ul>[39m
                [36m</div>[39m
                [36m<div>[39m
                  [36m<button[39m
                    [33mdata-size[39m=[32m"lg"[39m
                    [33mdata-variant[39m=[32m"secondary"[39m
                  [36m>[39m
                    [0mEntrar na Lista de Espera[0m
                  [36m</button>[39m
                [36m</div>[39m
              [36m</div>[39m
            [36m</div>[39m
            [36m<div[39m
              [33mclass[39m=[32m"mt-12 text-center"[39m
            [36m>[39m
              [36m<p[39m
                [33mclass[39m=[32m"mb-4 text-neutral-600"[39m
              [36m>[39m
                [0mDúvidas sobre qual pacote escolher?[0m
              [36m</p>[39m
              [36m<button[39m
                [33mdata-size[39m=[32m"lg"[39m
                [33mdata-variant[39m=[32m"ghost"[39m
              [36m>[39m
                [0m�� Fale Conosco[0m
              [36m</button>[39m
            [36m</div>[39m
          [36m</div>[39m
        [36m</section>[39m
      [36m</div>[39m
    [36m</body>[39m

      225 |
      226 |     it('should disable button for unavailable packages', () => {
    > 227 |       const disabledButton = screen.getByText('Pacote Indisponível');
          |                                     ^
      228 |       expect(disabledButton).toBeDisabled();
      229 |     });
      230 |   });

      at Object.getElementError (node_modules/@testing-library/dom/dist/config.js:37:19)
      at node_modules/@testing-library/dom/dist/query-helpers.js:76:38
      at node_modules/@testing-library/dom/dist/query-helpers.js:52:17
      at node_modules/@testing-library/dom/dist/query-helpers.js:95:19
      at Object.getByText (src/components/sections/__tests__/PackagesSection.test.tsx:227:37)

  ● PackagesSection Component › add to cart functionality › should not add disabled packages to cart

    TestingLibraryElementError: Unable to find an element with the text: Pacote Indisponível. This could be because the text is broken up by multiple elements. In this case, you can provide a function for your text matcher to make your matcher more flexible.

    Ignored nodes: comments, script, style
    [36m<body>[39m
      [36m<div>[39m
        [36m<section[39m
          [33mclass[39m=[32m"bg-neutral-50 py-20"[39m
          [33mid[39m=[32m"pacotes"[39m
        [36m>[39m
          [36m<div[39m
            [33mclass[39m=[32m"container mx-auto px-4"[39m
          [36m>[39m
            [36m<div[39m
              [33mclass[39m=[32m"mb-16 text-center"[39m
            [36m>[39m
              [36m<h2[39m
                [33mclass[39m=[32m"mb-6 text-4xl font-bold text-climb-600 md:text-5xl"[39m
              [36m>[39m
                [0mPacotes de Escalada[0m
              [36m</h2>[39m
              [36m<p[39m
                [33mclass[39m=[32m"mx-auto max-w-3xl text-xl text-neutral-700"[39m
              [36m>[39m
                [0mEscolha a experiência perfeita para o seu nível. Todos os pacotes incluem equipamentos de segurança e instrução profissional.[0m
              [36m</p>[39m
            [36m</div>[39m
            [36m<div[39m
              [33mclass[39m=[32m"mx-auto grid max-w-6xl grid-cols-1 gap-8 md:grid-cols-3"[39m
            [36m>[39m
              [36m<div[39m
                [33mclass[39m=[32m"relative overflow-hidden  "[39m
                [33mdata-interactive[39m=[32m"true"[39m
              [36m>[39m
                [36m<div>[39m
                  [36m<div[39m
                    [33mclass[39m=[32m"mx-auto mb-4 flex h-16 w-16 items-center justify-center text-2xl rounded-full bg-climb-500 text-white"[39m
                  [36m>[39m
                    [0m��[0m
                  [36m</div>[39m
                  [36m<h3>[39m
                    [0mEscalada Iniciante[0m
                  [36m</h3>[39m
                  [36m<p>[39m
                    [0mPerfeito para iniciantes[0m
                  [36m</p>[39m
                [36m</div>[39m
                [36m<div>[39m
                  [36m<div[39m
                    [33mclass[39m=[32m"mb-6 text-center"[39m
                  [36m>[39m
                    [36m<div[39m
                      [33mclass[39m=[32m"flex items-center justify-center space-x-2"[39m
                    [36m>[39m
                      [36m<span[39m
                        [33mclass[39m=[32m"text-3xl font-bold text-climb-600"[39m
                      [36m>[39m
                        [0mR$ 150.00[0m
                      [36m</span>[39m
                      [36m<span[39m
                        [33mclass[39m=[32m"text-lg text-neutral-500 line-through"[39m
                      [36m>[39m
                        [0mR$ 200.00[0m
                      [36m</span>[39m
                    [36m</div>[39m
                    [36m<div[39m
                      [33mclass[39m=[32m"mt-1 text-sm text-neutral-600"[39m
                    [36m>[39m
                      [0m4 horas[0m
                    [36m</div>[39m
                  [36m</div>[39m
                  [36m<ul[39m
                    [33mclass[39m=[32m"space-y-3"[39m
                  [36m>[39m
                    [36m<li[39m
                      [33mclass[39m=[32m"flex items-start space-x-2"[39m
                    [36m>[39m
                      [36m<span[39m
                        [33mclass[39m=[32m"mt-1 text-climb-500"[39m
                      [36m>[39m
                        [0m✓[0m
                      [36m</span>[39m
                      [36m<span[39m
                        [33mclass[39m=[32m"text-neutral-700"[39m
                      [36m>[39m
                        [0mInstrução básica[0m
                      [36m</span>[39m
                    [36m</li>[39m
                    [36m<li[39m
                      [33mclass[39m=[32m"flex items-start space-x-2"[39m
                    [36m>[39m
                      [36m<span[39m
                        [33mclass[39m=[32m"mt-1 text-climb-500"[39m
                      [36m>[39m
                        [0m✓[0m
                      [36m</span>[39m
                      [36m<span[39m
                        [33mclass[39m=[32m"text-neutral-700"[39m
                      [36m>[39m
                        [0mEquipamentos inclusos[0m
                      [36m</span>[39m
                    [36m</li>[39m
                    [36m<li[39m
                      [33mclass[39m=[32m"border-t border-neutral-200 pt-2"[39m
                    [36m>[39m
                      [36m<span[39m
                        [33mclass[39m=[32m"text-sm font-semibold text-orange-600"[39m
                      [36m>[39m
                        [0m�� BÔNUS EXCLUSIVOS:[0m
                      [36m</span>[39m
                    [36m</li>[39m
                    [36m<li[39m
                      [33mclass[39m=[32m"flex items-start space-x-2"[39m
                    [36m>[39m
                      [36m<span[39m
                        [33mclass[39m=[32m"font-medium text-neutral-700"[39m
                      [36m>[39m
                        [0mLanche[0m
                      [36m</span>[39m
                    [36m</li>[39m
                    [36m<li[39m
                      [33mclass[39m=[32m"flex items-start space-x-2"[39m
                    [36m>[39m
                      [36m<span[39m
                        [33mclass[39m=[32m"font-medium text-neutral-700"[39m
                      [36m>[39m
                        [0mFotos[0m
                      [36m</span>[39m
                    [36m</li>[39m
                  [36m</ul>[39m
                [36m</div>[39m
                [36m<div>[39m
                  [36m<button[39m
                    [33mdata-size[39m=[32m"lg"[39m
                    [33mdata-variant[39m=[32m"outline"[39m
                  [36m>[39m
                    [0mAdicionar ao Carrinho[0m
                  [36m</button>[39m
                [36m</div>[39m
              [36m</div>[39m
              [36m<div[39m
                [33mclass[39m=[32m"relative overflow-hidden scale-105 ring-2 ring-orange-400 "[39m
                [33mdata-interactive[39m=[32m"true"[39m
              [36m>[39m
                [36m<div[39m
                  [33mclass[39m=[32m"absolute right-0 top-0 bg-orange-400 px-4 py-1 text-sm font-semibold text-white"[39m
                [36m>[39m
                  [0mMais Popular[0m
                [36m</div>[39m
                [36m<div>[39m
                  [36m<div[39m
                    [33mclass[39m=[32m"mx-auto mb-4 flex h-16 w-16 items-center justify-center text-2xl clip-hexagon bg-orange-400 text-white"[39m
                  [36m>[39m
                    [0m��️[0m
                  [36m</div>[39m
                  [36m<h3>[39m
                    [0mEscalada Avançada[0m
                  [36m</h3>[39m
                  [36m<p>[39m
                    [0mPara escaladores experientes[0m
                  [36m</p>[39m
                [36m</div>[39m
                [36m<div>[39m
                  [36m<div[39m
                    [33mclass[39m=[32m"mb-6 text-center"[39m
                  [36m>[39m
                    [36m<div[39m
                      [33mclass[39m=[32m"flex items-center justify-center space-x-2"[39m
                    [36m>[39m
                      [36m<span[39m
                        [33mclass[39m=[32m"text-3xl font-bold text-climb-600"[39m
                      [36m>[39m
                        [0mR$ 250.00[0m
                      [36m</span>[39m
                    [36m</div>[39m
                    [36m<div[39m
                      [33mclass[39m=[32m"mt-1 text-sm text-neutral-600"[39m
                    [36m>[39m
                      [0m6 horas[0m
                    [36m</div>[39m
                  [36m</div>[39m
                  [36m<ul[39m
                    [33mclass[39m=[32m"space-y-3"[39m
                  [36m>[39m
                    [36m<li[39m
                      [33mclass[39m=[32m"flex items-start space-x-2"[39m
                    [36m>[39m
                      [36m<span[39m
                        [33mclass[39m=[32m"mt-1 text-climb-500"[39m
                      [36m>[39m
                        [0m✓[0m
                      [36m</span>[39m
                      [36m<span[39m
                        [33mclass[39m=[32m"text-neutral-700"[39m
                      [36m>[39m
                        [0mRotas desafiadoras[0m
                      [36m</span>[39m
                    [36m</li>[39m
                    [36m<li[39m
                      [33mclass[39m=[32m"flex items-start space-x-2"[39m
                    [36m>[39m
                      [36m<span[39m
                        [33mclass[39m=[32m"mt-1 text-climb-500"[39m
                      [36m>[39m
                        [0m✓[0m
                      [36m</span>[39m
                      [36m<span[39m
                        [33mclass[39m=[32m"text-neutral-700"[39m
                      [36m>[39m
                        [0mEquipamentos profissionais[0m
                      [36m</span>[39m
                    [36m</li>[39m
                    [36m<li[39m
                      [33mclass[39m=[32m"border-t border-neutral-200 pt-2"[39m
                    [36m>[39m
                      [36m<span[39m
                        [33mclass[39m=[32m"text-sm font-semibold text-orange-600"[39m
                      [36m>[39m
                        [0m�� BÔNUS EXCLUSIVOS:[0m
                      [36m</span>[39m
                    [36m</li>[39m
                    [36m<li[39m
                      [33mclass[39m=[32m"flex items-start space-x-2"[39m
                    [36m>[39m
                      [36m<span[39m
                        [33mclass[39m=[32m"font-medium text-neutral-700"[39m
                      [36m>[39m
                        [0mAlmoço[0m
                      [36m</span>[39m
                    [36m</li>[39m
                    [36m<li[39m
                      [33mclass[39m=[32m"flex items-start space-x-2"[39m
                    [36m>[39m
                      [36m<span[39m
                        [33mclass[39m=[32m"font-medium text-neutral-700"[39m
                      [36m>[39m
                        [0mCertificado[0m
                      [36m</span>[39m
                    [36m</li>[39m
                  [36m</ul>[39m
                [36m</div>[39m
                [36m<div>[39m
                  [36m<button[39m
                    [33mdata-size[39m=[32m"lg"[39m
                    [33mdata-variant[39m=[32m"primary"[39m
                  [36m>[39m
                    [0mAdicionar ao Carrinho[0m
                  [36m</button>[39m
                [36m</div>[39m
              [36m</div>[39m
              [36m<div[39m
                [33mclass[39m=[32m"relative overflow-hidden  opacity-90 grayscale-[0.3]"[39m
                [33mdata-interactive[39m=[32m"true"[39m
              [36m>[39m
                [36m<div[39m
                  [33mclass[39m=[32m"absolute right-0 top-0 bg-gray-500 px-4 py-1 text-sm font-semibold text-white"[39m
                [36m>[39m
                  [0mIndisponível[0m
                [36m</div>[39m
                [36m<div>[39m
                  [36m<div[39m
                    [33mclass[39m=[32m"mx-auto mb-4 flex h-16 w-16 items-center justify-center text-2xl clip-triangle bg-purple-500 text-white"[39m
                  [36m>[39m
                    [0m⭐[0m
                  [36m</div>[39m
                  [36m<h3>[39m
                    [0mEscalada Premium[0m
                  [36m</h3>[39m
                  [36m<p>[39m
                    [0mExperiência exclusiva[0m
                  [36m</p>[39m
                [36m</div>[39m
                [36m<div>[39m
                  [36m<div[39m
                    [33mclass[39m=[32m"mb-6 text-center"[39m
                  [36m>[39m
                    [36m<div[39m
                      [33mclass[39m=[32m"flex items-center justify-center space-x-2"[39m
                    [36m>[39m
                      [36m<span[39m
                        [33mclass[39m=[32m"text-3xl font-bold text-climb-600"[39m
                      [36m>[39m
                        [0mR$ 350.00[0m
                      [36m</span>[39m
                    [36m</div>[39m
                    [36m<div[39m
                      [33mclass[39m=[32m"mt-1 text-sm text-neutral-600"[39m
                    [36m>[39m
                      [0m8 horas[0m
                    [36m</div>[39m
                  [36m</div>[39m
                  [36m<ul[39m
                    [33mclass[39m=[32m"space-y-3"[39m
                  [36m>[39m
                    [36m<li[39m
                      [33mclass[39m=[32m"flex items-start space-x-2"[39m
                    [36m>[39m
                      [36m<span[39m
                        [33mclass[39m=[32m"mt-1 text-climb-500"[39m
                      [36m>[39m
                        [0m✓[0m
                      [36m</span>[39m
                      [36m<span[39m
                        [33mclass[39m=[32m"text-neutral-700"[39m
                      [36m>[39m
                        [0mInstrutor particular[0m
                      [36m</span>[39m
                    [36m</li>[39m
                    [36m<li[39m
                      [33mclass[39m=[32m"flex items-start space-x-2"[39m
                    [36m>[39m
                      [36m<span[39m
                        [33mclass[39m=[32m"mt-1 text-climb-500"[39m
                      [36m>[39m
                        [0m✓[0m
                      [36m</span>[39m
                      [36m<span[39m
                        [33mclass[39m=[32m"text-neutral-700"[39m
                      [36m>[39m
                        [0mEquipamentos premium[0m
                      [36m</span>[39m
                    [36m</li>[39m
                    [36m<li[39m
                      [33mclass[39m=[32m"border-t border-neutral-200 pt-2"[39m
                    [36m>[39m
                      [36m<span[39m
                        [33mclass[39m=[32m"text-sm font-semibold text-orange-600"[39m
                      [36m>[39m
                        [0m�� BÔNUS EXCLUSIVOS:[0m
                      [36m</span>[39m
                    [36m</li>[39m
                    [36m<li[39m
                      [33mclass[39m=[32m"flex items-start space-x-2"[39m
                    [36m>[39m
                      [36m<span[39m
                        [33mclass[39m=[32m"font-medium text-neutral-700"[39m
                      [36m>[39m
                        [0mJantar[0m
                      [36m</span>[39m
                    [36m</li>[39m
                    [36m<li[39m
                      [33mclass[39m=[32m"flex items-start space-x-2"[39m
                    [36m>[39m
                      [36m<span[39m
                        [33mclass[39m=[32m"font-medium text-neutral-700"[39m
                      [36m>[39m
                        [0mVídeo profissional[0m
                      [36m</span>[39m
                    [36m</li>[39m
                  [36m</ul>[39m
                [36m</div>[39m
                [36m<div>[39m
                  [36m<button[39m
                    [33mdata-size[39m=[32m"lg"[39m
                    [33mdata-variant[39m=[32m"secondary"[39m
                  [36m>[39m
                    [0mEntrar na Lista de Espera[0m
                  [36m</button>[39m
                [36m</div>[39m
              [36m</div>[39m
            [36m</div>[39m
            [36m<div[39m
              [33mclass[39m=[32m"mt-12 text-center"[39m
            [36m>[39m
              [36m<p[39m
                [33mclass[39m=[32m"mb-4 text-neutral-600"[39m
              [36m>[39m
                [0mDúvidas sobre qual pacote escolher?[0m
              [36m</p>[39m
              [36m<button[39m
                [33mdata-size[39m=[32m"lg"[39m
                [33mdata-variant[39m=[32m"ghost"[39m
              [36m>[39m
                [0m�� Fale Conosco[0m
              [36m</button>[39m
            [36m</div>[39m
          [36m</div>[39m
        [36m</section>[39m
      [36m</div>[39m
    [36m</body>[39m

      259 |
      260 |     it('should not add disabled packages to cart', () => {
    > 261 |       const disabledButton = screen.getByText('Pacote Indisponível');
          |                                     ^
      262 |       fireEvent.click(disabledButton);
      263 |
      264 |       expect(mockCartStore.addItem).not.toHaveBeenCalled();

      at Object.getElementError (node_modules/@testing-library/dom/dist/config.js:37:19)
      at node_modules/@testing-library/dom/dist/query-helpers.js:76:38
      at node_modules/@testing-library/dom/dist/query-helpers.js:52:17
      at node_modules/@testing-library/dom/dist/query-helpers.js:95:19
      at Object.getByText (src/components/sections/__tests__/PackagesSection.test.tsx:261:37)

  ● PackagesSection Component › accessibility › should have accessible buttons

    expect(element).toHaveTextContent()

    Expected element to have text content:
      /adicionar ao carrinho|pacote indisponível|fale conosco/i
    Received:
      Entrar na Lista de Espera

      401 |
      402 |       buttons.forEach(button => {
    > 403 |         expect(button).toHaveTextContent(/adicionar ao carrinho|pacote indisponível|fale conosco/i);
          |                        ^
      404 |       });
      405 |     });
      406 |

      at toHaveTextContent (src/components/sections/__tests__/PackagesSection.test.tsx:403:24)
          at Array.forEach (<anonymous>)
      at Object.forEach (src/components/sections/__tests__/PackagesSection.test.tsx:402:15)

  ● PackagesSection Component › accessibility › should have proper button states

    TestingLibraryElementError: Unable to find an element with the text: Pacote Indisponível. This could be because the text is broken up by multiple elements. In this case, you can provide a function for your text matcher to make your matcher more flexible.

    Ignored nodes: comments, script, style
    [36m<body>[39m
      [36m<div>[39m
        [36m<section[39m
          [33mclass[39m=[32m"bg-neutral-50 py-20"[39m
          [33mid[39m=[32m"pacotes"[39m
        [36m>[39m
          [36m<div[39m
            [33mclass[39m=[32m"container mx-auto px-4"[39m
          [36m>[39m
            [36m<div[39m
              [33mclass[39m=[32m"mb-16 text-center"[39m
            [36m>[39m
              [36m<h2[39m
                [33mclass[39m=[32m"mb-6 text-4xl font-bold text-climb-600 md:text-5xl"[39m
              [36m>[39m
                [0mPacotes de Escalada[0m
              [36m</h2>[39m
              [36m<p[39m
                [33mclass[39m=[32m"mx-auto max-w-3xl text-xl text-neutral-700"[39m
              [36m>[39m
                [0mEscolha a experiência perfeita para o seu nível. Todos os pacotes incluem equipamentos de segurança e instrução profissional.[0m
              [36m</p>[39m
            [36m</div>[39m
            [36m<div[39m
              [33mclass[39m=[32m"mx-auto grid max-w-6xl grid-cols-1 gap-8 md:grid-cols-3"[39m
            [36m>[39m
              [36m<div[39m
                [33mclass[39m=[32m"relative overflow-hidden  "[39m
                [33mdata-interactive[39m=[32m"true"[39m
              [36m>[39m
                [36m<div>[39m
                  [36m<div[39m
                    [33mclass[39m=[32m"mx-auto mb-4 flex h-16 w-16 items-center justify-center text-2xl rounded-full bg-climb-500 text-white"[39m
                  [36m>[39m
                    [0m��[0m
                  [36m</div>[39m
                  [36m<h3>[39m
                    [0mEscalada Iniciante[0m
                  [36m</h3>[39m
                  [36m<p>[39m
                    [0mPerfeito para iniciantes[0m
                  [36m</p>[39m
                [36m</div>[39m
                [36m<div>[39m
                  [36m<div[39m
                    [33mclass[39m=[32m"mb-6 text-center"[39m
                  [36m>[39m
                    [36m<div[39m
                      [33mclass[39m=[32m"flex items-center justify-center space-x-2"[39m
                    [36m>[39m
                      [36m<span[39m
                        [33mclass[39m=[32m"text-3xl font-bold text-climb-600"[39m
                      [36m>[39m
                        [0mR$ 150.00[0m
                      [36m</span>[39m
                      [36m<span[39m
                        [33mclass[39m=[32m"text-lg text-neutral-500 line-through"[39m
                      [36m>[39m
                        [0mR$ 200.00[0m
                      [36m</span>[39m
                    [36m</div>[39m
                    [36m<div[39m
                      [33mclass[39m=[32m"mt-1 text-sm text-neutral-600"[39m
                    [36m>[39m
                      [0m4 horas[0m
                    [36m</div>[39m
                  [36m</div>[39m
                  [36m<ul[39m
                    [33mclass[39m=[32m"space-y-3"[39m
                  [36m>[39m
                    [36m<li[39m
                      [33mclass[39m=[32m"flex items-start space-x-2"[39m
                    [36m>[39m
                      [36m<span[39m
                        [33mclass[39m=[32m"mt-1 text-climb-500"[39m
                      [36m>[39m
                        [0m✓[0m
                      [36m</span>[39m
                      [36m<span[39m
                        [33mclass[39m=[32m"text-neutral-700"[39m
                      [36m>[39m
                        [0mInstrução básica[0m
                      [36m</span>[39m
                    [36m</li>[39m
                    [36m<li[39m
                      [33mclass[39m=[32m"flex items-start space-x-2"[39m
                    [36m>[39m
                      [36m<span[39m
                        [33mclass[39m=[32m"mt-1 text-climb-500"[39m
                      [36m>[39m
                        [0m✓[0m
                      [36m</span>[39m
                      [36m<span[39m
                        [33mclass[39m=[32m"text-neutral-700"[39m
                      [36m>[39m
                        [0mEquipamentos inclusos[0m
                      [36m</span>[39m
                    [36m</li>[39m
                    [36m<li[39m
                      [33mclass[39m=[32m"border-t border-neutral-200 pt-2"[39m
                    [36m>[39m
                      [36m<span[39m
                        [33mclass[39m=[32m"text-sm font-semibold text-orange-600"[39m
                      [36m>[39m
                        [0m�� BÔNUS EXCLUSIVOS:[0m
                      [36m</span>[39m
                    [36m</li>[39m
                    [36m<li[39m
                      [33mclass[39m=[32m"flex items-start space-x-2"[39m
                    [36m>[39m
                      [36m<span[39m
                        [33mclass[39m=[32m"font-medium text-neutral-700"[39m
                      [36m>[39m
                        [0mLanche[0m
                      [36m</span>[39m
                    [36m</li>[39m
                    [36m<li[39m
                      [33mclass[39m=[32m"flex items-start space-x-2"[39m
                    [36m>[39m
                      [36m<span[39m
                        [33mclass[39m=[32m"font-medium text-neutral-700"[39m
                      [36m>[39m
                        [0mFotos[0m
                      [36m</span>[39m
                    [36m</li>[39m
                  [36m</ul>[39m
                [36m</div>[39m
                [36m<div>[39m
                  [36m<button[39m
                    [33mdata-size[39m=[32m"lg"[39m
                    [33mdata-variant[39m=[32m"outline"[39m
                  [36m>[39m
                    [0mAdicionar ao Carrinho[0m
                  [36m</button>[39m
                [36m</div>[39m
              [36m</div>[39m
              [36m<div[39m
                [33mclass[39m=[32m"relative overflow-hidden scale-105 ring-2 ring-orange-400 "[39m
                [33mdata-interactive[39m=[32m"true"[39m
              [36m>[39m
                [36m<div[39m
                  [33mclass[39m=[32m"absolute right-0 top-0 bg-orange-400 px-4 py-1 text-sm font-semibold text-white"[39m
                [36m>[39m
                  [0mMais Popular[0m
                [36m</div>[39m
                [36m<div>[39m
                  [36m<div[39m
                    [33mclass[39m=[32m"mx-auto mb-4 flex h-16 w-16 items-center justify-center text-2xl clip-hexagon bg-orange-400 text-white"[39m
                  [36m>[39m
                    [0m��️[0m
                  [36m</div>[39m
                  [36m<h3>[39m
                    [0mEscalada Avançada[0m
                  [36m</h3>[39m
                  [36m<p>[39m
                    [0mPara escaladores experientes[0m
                  [36m</p>[39m
                [36m</div>[39m
                [36m<div>[39m
                  [36m<div[39m
                    [33mclass[39m=[32m"mb-6 text-center"[39m
                  [36m>[39m
                    [36m<div[39m
                      [33mclass[39m=[32m"flex items-center justify-center space-x-2"[39m
                    [36m>[39m
                      [36m<span[39m
                        [33mclass[39m=[32m"text-3xl font-bold text-climb-600"[39m
                      [36m>[39m
                        [0mR$ 250.00[0m
                      [36m</span>[39m
                    [36m</div>[39m
                    [36m<div[39m
                      [33mclass[39m=[32m"mt-1 text-sm text-neutral-600"[39m
                    [36m>[39m
                      [0m6 horas[0m
                    [36m</div>[39m
                  [36m</div>[39m
                  [36m<ul[39m
                    [33mclass[39m=[32m"space-y-3"[39m
                  [36m>[39m
                    [36m<li[39m
                      [33mclass[39m=[32m"flex items-start space-x-2"[39m
                    [36m>[39m
                      [36m<span[39m
                        [33mclass[39m=[32m"mt-1 text-climb-500"[39m
                      [36m>[39m
                        [0m✓[0m
                      [36m</span>[39m
                      [36m<span[39m
                        [33mclass[39m=[32m"text-neutral-700"[39m
                      [36m>[39m
                        [0mRotas desafiadoras[0m
                      [36m</span>[39m
                    [36m</li>[39m
                    [36m<li[39m
                      [33mclass[39m=[32m"flex items-start space-x-2"[39m
                    [36m>[39m
                      [36m<span[39m
                        [33mclass[39m=[32m"mt-1 text-climb-500"[39m
                      [36m>[39m
                        [0m✓[0m
                      [36m</span>[39m
                      [36m<span[39m
                        [33mclass[39m=[32m"text-neutral-700"[39m
                      [36m>[39m
                        [0mEquipamentos profissionais[0m
                      [36m</span>[39m
                    [36m</li>[39m
                    [36m<li[39m
                      [33mclass[39m=[32m"border-t border-neutral-200 pt-2"[39m
                    [36m>[39m
                      [36m<span[39m
                        [33mclass[39m=[32m"text-sm font-semibold text-orange-600"[39m
                      [36m>[39m
                        [0m�� BÔNUS EXCLUSIVOS:[0m
                      [36m</span>[39m
                    [36m</li>[39m
                    [36m<li[39m
                      [33mclass[39m=[32m"flex items-start space-x-2"[39m
                    [36m>[39m
                      [36m<span[39m
                        [33mclass[39m=[32m"font-medium text-neutral-700"[39m
                      [36m>[39m
                        [0mAlmoço[0m
                      [36m</span>[39m
                    [36m</li>[39m
                    [36m<li[39m
                      [33mclass[39m=[32m"flex items-start space-x-2"[39m
                    [36m>[39m
                      [36m<span[39m
                        [33mclass[39m=[32m"font-medium text-neutral-700"[39m
                      [36m>[39m
                        [0mCertificado[0m
                      [36m</span>[39m
                    [36m</li>[39m
                  [36m</ul>[39m
                [36m</div>[39m
                [36m<div>[39m
                  [36m<button[39m
                    [33mdata-size[39m=[32m"lg"[39m
                    [33mdata-variant[39m=[32m"primary"[39m
                  [36m>[39m
                    [0mAdicionar ao Carrinho[0m
                  [36m</button>[39m
                [36m</div>[39m
              [36m</div>[39m
              [36m<div[39m
                [33mclass[39m=[32m"relative overflow-hidden  opacity-90 grayscale-[0.3]"[39m
                [33mdata-interactive[39m=[32m"true"[39m
              [36m>[39m
                [36m<div[39m
                  [33mclass[39m=[32m"absolute right-0 top-0 bg-gray-500 px-4 py-1 text-sm font-semibold text-white"[39m
                [36m>[39m
                  [0mIndisponível[0m
                [36m</div>[39m
                [36m<div>[39m
                  [36m<div[39m
                    [33mclass[39m=[32m"mx-auto mb-4 flex h-16 w-16 items-center justify-center text-2xl clip-triangle bg-purple-500 text-white"[39m
                  [36m>[39m
                    [0m⭐[0m
                  [36m</div>[39m
                  [36m<h3>[39m
                    [0mEscalada Premium[0m
                  [36m</h3>[39m
                  [36m<p>[39m
                    [0mExperiência exclusiva[0m
                  [36m</p>[39m
                [36m</div>[39m
                [36m<div>[39m
                  [36m<div[39m
                    [33mclass[39m=[32m"mb-6 text-center"[39m
                  [36m>[39m
                    [36m<div[39m
                      [33mclass[39m=[32m"flex items-center justify-center space-x-2"[39m
                    [36m>[39m
                      [36m<span[39m
                        [33mclass[39m=[32m"text-3xl font-bold text-climb-600"[39m
                      [36m>[39m
                        [0mR$ 350.00[0m
                      [36m</span>[39m
                    [36m</div>[39m
                    [36m<div[39m
                      [33mclass[39m=[32m"mt-1 text-sm text-neutral-600"[39m
                    [36m>[39m
                      [0m8 horas[0m
                    [36m</div>[39m
                  [36m</div>[39m
                  [36m<ul[39m
                    [33mclass[39m=[32m"space-y-3"[39m
                  [36m>[39m
                    [36m<li[39m
                      [33mclass[39m=[32m"flex items-start space-x-2"[39m
                    [36m>[39m
                      [36m<span[39m
                        [33mclass[39m=[32m"mt-1 text-climb-500"[39m
                      [36m>[39m
                        [0m✓[0m
                      [36m</span>[39m
                      [36m<span[39m
                        [33mclass[39m=[32m"text-neutral-700"[39m
                      [36m>[39m
                        [0mInstrutor particular[0m
                      [36m</span>[39m
                    [36m</li>[39m
                    [36m<li[39m
                      [33mclass[39m=[32m"flex items-start space-x-2"[39m
                    [36m>[39m
                      [36m<span[39m
                        [33mclass[39m=[32m"mt-1 text-climb-500"[39m
                      [36m>[39m
                        [0m✓[0m
                      [36m</span>[39m
                      [36m<span[39m
                        [33mclass[39m=[32m"text-neutral-700"[39m
                      [36m>[39m
                        [0mEquipamentos premium[0m
                      [36m</span>[39m
                    [36m</li>[39m
                    [36m<li[39m
                      [33mclass[39m=[32m"border-t border-neutral-200 pt-2"[39m
                    [36m>[39m
                      [36m<span[39m
                        [33mclass[39m=[32m"text-sm font-semibold text-orange-600"[39m
                      [36m>[39m
                        [0m�� BÔNUS EXCLUSIVOS:[0m
                      [36m</span>[39m
                    [36m</li>[39m
                    [36m<li[39m
                      [33mclass[39m=[32m"flex items-start space-x-2"[39m
                    [36m>[39m
                      [36m<span[39m
                        [33mclass[39m=[32m"font-medium text-neutral-700"[39m
                      [36m>[39m
                        [0mJantar[0m
                      [36m</span>[39m
                    [36m</li>[39m
                    [36m<li[39m
                      [33mclass[39m=[32m"flex items-start space-x-2"[39m
                    [36m>[39m
                      [36m<span[39m
                        [33mclass[39m=[32m"font-medium text-neutral-700"[39m
                      [36m>[39m
                        [0mVídeo profissional[0m
                      [36m</span>[39m
                    [36m</li>[39m
                  [36m</ul>[39m
                [36m</div>[39m
                [36m<div>[39m
                  [36m<button[39m
                    [33mdata-size[39m=[32m"lg"[39m
                    [33mdata-variant[39m=[32m"secondary"[39m
                  [36m>[39m
                    [0mEntrar na Lista de Espera[0m
                  [36m</button>[39m
                [36m</div>[39m
              [36m</div>[39m
            [36m</div>[39m
            [36m<div[39m
              [33mclass[39m=[32m"mt-12 text-center"[39m
            [36m>[39m
              [36m<p[39m
                [33mclass[39m=[32m"mb-4 text-neutral-600"[39m
              [36m>[39m
                [0mDúvidas sobre qual pacote escolher?[0m
              [36m</p>[39m
              [36m<button[39m
                [33mdata-size[39m=[32m"lg"[39m
                [33mdata-variant[39m=[32m"ghost"[39m
              [36m>[39m
                [0m�� Fale Conosco[0m
              [36m</button>[39m
            [36m</div>[39m
          [36m</div>[39m
        [36m</section>[39m
      [36m</div>[39m
    [36m</body>[39m

      411 |       });
      412 |
    > 413 |       const disabledButton = screen.getByText('Pacote Indisponível');
          |                                     ^
      414 |       expect(disabledButton).toBeDisabled();
      415 |     });
      416 |   });

      at Object.getElementError (node_modules/@testing-library/dom/dist/config.js:37:19)
      at node_modules/@testing-library/dom/dist/query-helpers.js:76:38
      at node_modules/@testing-library/dom/dist/query-helpers.js:52:17
      at node_modules/@testing-library/dom/dist/query-helpers.js:95:19
      at Object.getByText (src/components/sections/__tests__/PackagesSection.test.tsx:413:37)


Test Suites: 4 failed, 17 passed, 21 total
Tests:       24 failed, 2 skipped, 371 passed, 397 total
Snapshots:   0 total
Time:        6.566 s
Ran all test suites.
