src/__tests__/integration/api-packages.test.ts(127,34): error TS2554: Expected 0 arguments, but got 1.
src/__tests__/integration/api-packages.test.ts(155,34): error TS2554: Expected 0 arguments, but got 1.
src/__tests__/integration/api-packages.test.ts(171,34): error TS2554: Expected 0 arguments, but got 1.
src/__tests__/integration/api-packages.test.ts(187,34): error TS2554: Expected 0 arguments, but got 1.
src/__tests__/integration/api-packages.test.ts(218,34): error TS2554: Expected 0 arguments, but got 1.
src/__tests__/integration/api-packages.test.ts(235,34): error TS2554: Expected 0 arguments, but got 1.
src/__tests__/integration/api-packages.test.ts(268,13): error TS2554: Expected 0 arguments, but got 1.
src/__tests__/integration/api-packages.test.ts(269,13): error TS2554: Expected 0 arguments, but got 1.
src/__tests__/integration/api-packages.test.ts(297,34): error TS2554: Expected 0 arguments, but got 1.
src/__tests__/integration/api-packages.test.ts(314,34): error TS2554: Expected 0 arguments, but got 1.
src/__tests__/integration/api-packages.test.ts(338,34): error TS2554: Expected 0 arguments, but got 1.
src/__tests__/integration/api-packages.test.ts(354,34): error TS2554: Expected 0 arguments, but got 1.
src/__tests__/integration/api-packages.test.ts(387,34): error TS2554: Expected 0 arguments, but got 1.
src/__tests__/integration/api-packages.test.ts(398,34): error TS2554: Expected 0 arguments, but got 1.
src/__tests__/integration/api-packages.test.ts(420,24): error TS2554: Expected 0 arguments, but got 1.
src/__tests__/integration/api-packages.test.ts(433,34): error TS2554: Expected 0 arguments, but got 1.
src/__tests__/integration/api-packages.test.ts(452,67): error TS2554: Expected 0 arguments, but got 1.
src/__tests__/integration/payment-flow.test.ts(140,55): error TS2345: Argument of type '{ userId: string; cartItems: CartItem[]; participantDetails: { 'cart-1': { name: string; age: number; experienceLevel: string; healthDeclaration: boolean; emergencyContact: { name: string; phone: string; }; }; 'cart-2': { ...; }; }; climbingDetails: { ...; }; paymentMethod: "pix"; }' is not assignable to parameter of type 'CreateOrderRequest'.
  Types of property 'participantDetails' are incompatible.
    Type '{ 'cart-1': { name: string; age: number; experienceLevel: string; healthDeclaration: boolean; emergencyContact: { name: string; phone: string; }; }; 'cart-2': { name: string; age: number; experienceLevel: string; healthDeclaration: boolean; emergencyContact: { ...; }; }; }' is not assignable to type 'Record<string, ParticipantDetails>'.
      Property ''cart-1'' is incompatible with index signature.
        Type '{ name: string; age: number; experienceLevel: string; healthDeclaration: boolean; emergencyContact: { name: string; phone: string; }; }' is not assignable to type 'ParticipantDetails'.
          Types of property 'experienceLevel' are incompatible.
            Type 'string' is not assignable to type '"beginner" | "intermediate" | "advanced"'.
src/__tests__/integration/payment-flow.test.ts(173,55): error TS2345: Argument of type '{ userId: string; cartItems: CartItem[]; participantDetails: { 'cart-1': { name: string; age: number; experienceLevel: string; healthDeclaration: boolean; emergencyContact: { name: string; phone: string; }; }; 'cart-2': { ...; }; }; climbingDetails: { ...; }; paymentMethod: "pix"; }' is not assignable to parameter of type 'CreateOrderRequest'.
  Types of property 'participantDetails' are incompatible.
    Type '{ 'cart-1': { name: string; age: number; experienceLevel: string; healthDeclaration: boolean; emergencyContact: { name: string; phone: string; }; }; 'cart-2': { name: string; age: number; experienceLevel: string; healthDeclaration: boolean; emergencyContact: { ...; }; }; }' is not assignable to type 'Record<string, ParticipantDetails>'.
      Property ''cart-1'' is incompatible with index signature.
        Type '{ name: string; age: number; experienceLevel: string; healthDeclaration: boolean; emergencyContact: { name: string; phone: string; }; }' is not assignable to type 'ParticipantDetails'.
          Types of property 'experienceLevel' are incompatible.
            Type 'string' is not assignable to type '"beginner" | "intermediate" | "advanced"'.
src/__tests__/integration/payment-flow.test.ts(219,64): error TS2345: Argument of type '{ paymentId: string; address: string; amount: string; exchangeRate: number; expiresAt: Date; }' is not assignable to parameter of type 'CryptoPaymentResponse | Promise<CryptoPaymentResponse>'.
  Property 'walletAddress' is missing in type '{ paymentId: string; address: string; amount: string; exchangeRate: number; expiresAt: Date; }' but required in type 'CryptoPaymentResponse'.
src/__tests__/integration/payment-flow.test.ts(231,55): error TS2345: Argument of type '{ userId: string; cartItems: CartItem[]; participantDetails: { 'cart-1': { name: string; age: number; experienceLevel: string; healthDeclaration: boolean; emergencyContact: { name: string; phone: string; }; }; 'cart-2': { ...; }; }; climbingDetails: { ...; }; paymentMethod: "bitcoin"; }' is not assignable to parameter of type 'CreateOrderRequest'.
  Types of property 'participantDetails' are incompatible.
    Type '{ 'cart-1': { name: string; age: number; experienceLevel: string; healthDeclaration: boolean; emergencyContact: { name: string; phone: string; }; }; 'cart-2': { name: string; age: number; experienceLevel: string; healthDeclaration: boolean; emergencyContact: { ...; }; }; }' is not assignable to type 'Record<string, ParticipantDetails>'.
      Property ''cart-1'' is incompatible with index signature.
        Type '{ name: string; age: number; experienceLevel: string; healthDeclaration: boolean; emergencyContact: { name: string; phone: string; }; }' is not assignable to type 'ParticipantDetails'.
          Types of property 'experienceLevel' are incompatible.
            Type 'string' is not assignable to type '"beginner" | "intermediate" | "advanced"'.
src/__tests__/integration/payment-flow.test.ts(293,64): error TS2345: Argument of type '{ paymentId: string; address: string; amount: string; exchangeRate: number; expiresAt: Date; }' is not assignable to parameter of type 'CryptoPaymentResponse | Promise<CryptoPaymentResponse>'.
  Property 'walletAddress' is missing in type '{ paymentId: string; address: string; amount: string; exchangeRate: number; expiresAt: Date; }' but required in type 'CryptoPaymentResponse'.
src/__tests__/integration/payment-flow.test.ts(305,55): error TS2345: Argument of type '{ userId: string; cartItems: CartItem[]; participantDetails: { 'cart-1': { name: string; age: number; experienceLevel: string; healthDeclaration: boolean; emergencyContact: { name: string; phone: string; }; }; 'cart-2': { ...; }; }; climbingDetails: { ...; }; paymentMethod: "usdt"; }' is not assignable to parameter of type 'CreateOrderRequest'.
  Types of property 'participantDetails' are incompatible.
    Type '{ 'cart-1': { name: string; age: number; experienceLevel: string; healthDeclaration: boolean; emergencyContact: { name: string; phone: string; }; }; 'cart-2': { name: string; age: number; experienceLevel: string; healthDeclaration: boolean; emergencyContact: { ...; }; }; }' is not assignable to type 'Record<string, ParticipantDetails>'.
      Property ''cart-1'' is incompatible with index signature.
        Type '{ name: string; age: number; experienceLevel: string; healthDeclaration: boolean; emergencyContact: { name: string; phone: string; }; }' is not assignable to type 'ParticipantDetails'.
          Types of property 'experienceLevel' are incompatible.
            Type 'string' is not assignable to type '"beginner" | "intermediate" | "advanced"'.
src/__tests__/integration/payment-flow.test.ts(336,55): error TS2345: Argument of type '{ userId: string; cartItems: CartItem[]; participantDetails: { 'cart-1': { name: string; age: number; experienceLevel: string; healthDeclaration: boolean; emergencyContact: { name: string; phone: string; }; }; 'cart-2': { ...; }; }; climbingDetails: { ...; }; paymentMethod: "mercadopago"; }' is not assignable to parameter of type 'CreateOrderRequest'.
  Types of property 'participantDetails' are incompatible.
    Type '{ 'cart-1': { name: string; age: number; experienceLevel: string; healthDeclaration: boolean; emergencyContact: { name: string; phone: string; }; }; 'cart-2': { name: string; age: number; experienceLevel: string; healthDeclaration: boolean; emergencyContact: { ...; }; }; }' is not assignable to type 'Record<string, ParticipantDetails>'.
      Property ''cart-1'' is incompatible with index signature.
        Type '{ name: string; age: number; experienceLevel: string; healthDeclaration: boolean; emergencyContact: { name: string; phone: string; }; }' is not assignable to type 'ParticipantDetails'.
          Types of property 'experienceLevel' are incompatible.
            Type 'string' is not assignable to type '"beginner" | "intermediate" | "advanced"'.
src/__tests__/integration/payment-flow.test.ts(376,55): error TS2345: Argument of type '{ userId: string; cartItems: CartItem[]; participantDetails: { 'cart-1': { name: string; age: number; experienceLevel: string; healthDeclaration: boolean; emergencyContact: { name: string; phone: string; }; }; 'cart-2': { ...; }; }; climbingDetails: { ...; }; paymentMethod: "mercadopago"; }' is not assignable to parameter of type 'CreateOrderRequest'.
  Types of property 'participantDetails' are incompatible.
    Type '{ 'cart-1': { name: string; age: number; experienceLevel: string; healthDeclaration: boolean; emergencyContact: { name: string; phone: string; }; }; 'cart-2': { name: string; age: number; experienceLevel: string; healthDeclaration: boolean; emergencyContact: { ...; }; }; }' is not assignable to type 'Record<string, ParticipantDetails>'.
      Property ''cart-1'' is incompatible with index signature.
        Type '{ name: string; age: number; experienceLevel: string; healthDeclaration: boolean; emergencyContact: { name: string; phone: string; }; }' is not assignable to type 'ParticipantDetails'.
          Types of property 'experienceLevel' are incompatible.
            Type 'string' is not assignable to type '"beginner" | "intermediate" | "advanced"'.
src/__tests__/integration/payment-flow.test.ts(396,55): error TS2345: Argument of type '{ userId: string; cartItems: CartItem[]; participantDetails: { 'cart-1': { name: string; age: number; experienceLevel: string; healthDeclaration: boolean; emergencyContact: { name: string; phone: string; }; }; 'cart-2': { ...; }; }; climbingDetails: { ...; }; paymentMethod: "whatsapp"; }' is not assignable to parameter of type 'CreateOrderRequest'.
  Types of property 'participantDetails' are incompatible.
    Type '{ 'cart-1': { name: string; age: number; experienceLevel: string; healthDeclaration: boolean; emergencyContact: { name: string; phone: string; }; }; 'cart-2': { name: string; age: number; experienceLevel: string; healthDeclaration: boolean; emergencyContact: { ...; }; }; }' is not assignable to type 'Record<string, ParticipantDetails>'.
      Property ''cart-1'' is incompatible with index signature.
        Type '{ name: string; age: number; experienceLevel: string; healthDeclaration: boolean; emergencyContact: { name: string; phone: string; }; }' is not assignable to type 'ParticipantDetails'.
          Types of property 'experienceLevel' are incompatible.
            Type 'string' is not assignable to type '"beginner" | "intermediate" | "advanced"'.
src/__tests__/integration/payment-flow.test.ts(417,55): error TS2345: Argument of type '{ userId: string; cartItems: CartItem[]; participantDetails: { 'cart-1': { name: string; age: number; experienceLevel: string; healthDeclaration: boolean; emergencyContact: { name: string; phone: string; }; }; 'cart-2': { ...; }; }; climbingDetails: { ...; }; paymentMethod: "whatsapp"; }' is not assignable to parameter of type 'CreateOrderRequest'.
  Types of property 'participantDetails' are incompatible.
    Type '{ 'cart-1': { name: string; age: number; experienceLevel: string; healthDeclaration: boolean; emergencyContact: { name: string; phone: string; }; }; 'cart-2': { name: string; age: number; experienceLevel: string; healthDeclaration: boolean; emergencyContact: { ...; }; }; }' is not assignable to type 'Record<string, ParticipantDetails>'.
      Property ''cart-1'' is incompatible with index signature.
        Type '{ name: string; age: number; experienceLevel: string; healthDeclaration: boolean; emergencyContact: { name: string; phone: string; }; }' is not assignable to type 'ParticipantDetails'.
          Types of property 'experienceLevel' are incompatible.
            Type 'string' is not assignable to type '"beginner" | "intermediate" | "advanced"'.
src/__tests__/integration/payment-flow.test.ts(469,55): error TS2345: Argument of type '{ userId: string; cartItems: CartItem[]; participantDetails: { 'cart-1': { name: string; age: number; experienceLevel: string; healthDeclaration: boolean; emergencyContact: { name: string; phone: string; }; }; 'cart-2': { ...; }; }; climbingDetails: { ...; }; paymentMethod: "pix"; appliedCoupon: { ...; }; }' is not assignable to parameter of type 'CreateOrderRequest'.
  Types of property 'participantDetails' are incompatible.
    Type '{ 'cart-1': { name: string; age: number; experienceLevel: string; healthDeclaration: boolean; emergencyContact: { name: string; phone: string; }; }; 'cart-2': { name: string; age: number; experienceLevel: string; healthDeclaration: boolean; emergencyContact: { ...; }; }; }' is not assignable to type 'Record<string, ParticipantDetails>'.
      Property ''cart-1'' is incompatible with index signature.
        Type '{ name: string; age: number; experienceLevel: string; healthDeclaration: boolean; emergencyContact: { name: string; phone: string; }; }' is not assignable to type 'ParticipantDetails'.
          Types of property 'experienceLevel' are incompatible.
            Type 'string' is not assignable to type '"beginner" | "intermediate" | "advanced"'.
src/__tests__/integration/payment-flow.test.ts(514,55): error TS2345: Argument of type '{ userId: string; cartItems: CartItem[]; participantDetails: { 'cart-1': { name: string; age: number; experienceLevel: string; healthDeclaration: boolean; emergencyContact: { name: string; phone: string; }; }; 'cart-2': { ...; }; }; climbingDetails: { ...; }; paymentMethod: "pix"; appliedCoupon: { ...; }; }' is not assignable to parameter of type 'CreateOrderRequest'.
  Types of property 'participantDetails' are incompatible.
    Type '{ 'cart-1': { name: string; age: number; experienceLevel: string; healthDeclaration: boolean; emergencyContact: { name: string; phone: string; }; }; 'cart-2': { name: string; age: number; experienceLevel: string; healthDeclaration: boolean; emergencyContact: { ...; }; }; }' is not assignable to type 'Record<string, ParticipantDetails>'.
      Property ''cart-1'' is incompatible with index signature.
        Type '{ name: string; age: number; experienceLevel: string; healthDeclaration: boolean; emergencyContact: { name: string; phone: string; }; }' is not assignable to type 'ParticipantDetails'.
          Types of property 'experienceLevel' are incompatible.
            Type 'string' is not assignable to type '"beginner" | "intermediate" | "advanced"'.
src/__tests__/integration/payment-flow.test.ts(567,55): error TS2345: Argument of type '{ userId: string; cartItems: CartItem[]; participantDetails: { 'cart-1': { name: string; }; }; climbingDetails: { selectedDate: Date; preferredTime: string; specialRequests: string; }; paymentMethod: "pix"; }' is not assignable to parameter of type 'CreateOrderRequest'.
  Types of property 'participantDetails' are incompatible.
    Type '{ 'cart-1': { name: string; }; }' is not assignable to type 'Record<string, ParticipantDetails>'.
      Property ''cart-1'' is incompatible with index signature.
        Type '{ name: string; }' is missing the following properties from type 'ParticipantDetails': age, experienceLevel, healthDeclaration
src/__tests__/integration/payment-flow.test.ts(590,55): error TS2345: Argument of type '{ userId: string; cartItems: CartItem[]; participantDetails: { 'cart-1': { name: string; age: number; experienceLevel: string; healthDeclaration: boolean; emergencyContact: { name: string; phone: string; }; }; 'cart-2': { ...; }; }; climbingDetails: { ...; }; paymentMethod: "pix"; }' is not assignable to parameter of type 'CreateOrderRequest'.
  Types of property 'participantDetails' are incompatible.
    Type '{ 'cart-1': { name: string; age: number; experienceLevel: string; healthDeclaration: boolean; emergencyContact: { name: string; phone: string; }; }; 'cart-2': { name: string; age: number; experienceLevel: string; healthDeclaration: boolean; emergencyContact: { ...; }; }; }' is not assignable to type 'Record<string, ParticipantDetails>'.
      Property ''cart-1'' is incompatible with index signature.
        Type '{ name: string; age: number; experienceLevel: string; healthDeclaration: boolean; emergencyContact: { name: string; phone: string; }; }' is not assignable to type 'ParticipantDetails'.
          Types of property 'experienceLevel' are incompatible.
            Type 'string' is not assignable to type '"beginner" | "intermediate" | "advanced"'.
src/__tests__/integration/payment-flow.test.ts(620,56): error TS2345: Argument of type '{ userId: string; cartItems: CartItem[]; participantDetails: { 'cart-1': { name: string; age: number; experienceLevel: string; healthDeclaration: boolean; emergencyContact: { name: string; phone: string; }; }; 'cart-2': { ...; }; }; climbingDetails: { ...; }; paymentMethod: "pix"; }' is not assignable to parameter of type 'CreateOrderRequest'.
  Types of property 'participantDetails' are incompatible.
    Type '{ 'cart-1': { name: string; age: number; experienceLevel: string; healthDeclaration: boolean; emergencyContact: { name: string; phone: string; }; }; 'cart-2': { name: string; age: number; experienceLevel: string; healthDeclaration: boolean; emergencyContact: { ...; }; }; }' is not assignable to type 'Record<string, ParticipantDetails>'.
      Property ''cart-1'' is incompatible with index signature.
        Type '{ name: string; age: number; experienceLevel: string; healthDeclaration: boolean; emergencyContact: { name: string; phone: string; }; }' is not assignable to type 'ParticipantDetails'.
          Types of property 'experienceLevel' are incompatible.
            Type 'string' is not assignable to type '"beginner" | "intermediate" | "advanced"'.
src/__tests__/integration/payment-flow.test.ts(624,56): error TS2345: Argument of type '{ userId: string; cartItems: CartItem[]; participantDetails: { 'cart-1': { name: string; age: number; experienceLevel: string; healthDeclaration: boolean; emergencyContact: { name: string; phone: string; }; }; 'cart-2': { ...; }; }; climbingDetails: { ...; }; paymentMethod: "pix"; }' is not assignable to parameter of type 'CreateOrderRequest'.
  Types of property 'participantDetails' are incompatible.
    Type '{ 'cart-1': { name: string; age: number; experienceLevel: string; healthDeclaration: boolean; emergencyContact: { name: string; phone: string; }; }; 'cart-2': { name: string; age: number; experienceLevel: string; healthDeclaration: boolean; emergencyContact: { ...; }; }; }' is not assignable to type 'Record<string, ParticipantDetails>'.
      Property ''cart-1'' is incompatible with index signature.
        Type '{ name: string; age: number; experienceLevel: string; healthDeclaration: boolean; emergencyContact: { name: string; phone: string; }; }' is not assignable to type 'ParticipantDetails'.
          Types of property 'experienceLevel' are incompatible.
            Type 'string' is not assignable to type '"beginner" | "intermediate" | "advanced"'.
src/__tests__/integration/payment-flow.test.ts(644,55): error TS2345: Argument of type '{ userId: string; cartItems: CartItem[]; participantDetails: { 'cart-1': { name: string; age: number; experienceLevel: string; healthDeclaration: boolean; emergencyContact: { name: string; phone: string; }; }; 'cart-2': { ...; }; }; climbingDetails: { ...; }; paymentMethod: "pix"; }' is not assignable to parameter of type 'CreateOrderRequest'.
  Types of property 'participantDetails' are incompatible.
    Type '{ 'cart-1': { name: string; age: number; experienceLevel: string; healthDeclaration: boolean; emergencyContact: { name: string; phone: string; }; }; 'cart-2': { name: string; age: number; experienceLevel: string; healthDeclaration: boolean; emergencyContact: { ...; }; }; }' is not assignable to type 'Record<string, ParticipantDetails>'.
      Property ''cart-1'' is incompatible with index signature.
        Type '{ name: string; age: number; experienceLevel: string; healthDeclaration: boolean; emergencyContact: { name: string; phone: string; }; }' is not assignable to type 'ParticipantDetails'.
          Types of property 'experienceLevel' are incompatible.
            Type 'string' is not assignable to type '"beginner" | "intermediate" | "advanced"'.
src/__tests__/test-factories.ts(11,10): error TS2305: Module '"@/core/entities/Coupon"' has no exported member 'Coupon'.
src/__tests__/test-factories.ts(34,3): error TS2353: Object literal may only specify known properties, and 'isAdmin' does not exist in type 'User'.
src/__tests__/test-factories.ts(48,5): error TS2353: Object literal may only specify known properties, and 'isAdmin' does not exist in type 'Partial<User>'.
src/__tests__/test-factories.ts(64,3): error TS2353: Object literal may only specify known properties, and 'password' does not exist in type 'LoginCredentials'.
src/__tests__/test-factories.ts(74,3): error TS2322: Type 'number' is not assignable to type 'Money'.
src/__tests__/test-factories.ts(105,5): error TS2322: Type 'number' is not assignable to type 'Money'.
src/__tests__/test-factories.ts(132,5): error TS2322: Type 'number' is not assignable to type 'Money'.
src/__tests__/test-factories.ts(184,3): error TS2353: Object literal may only specify known properties, and 'emergencyContact' does not exist in type 'ParticipantDetails'.
src/__tests__/test-factories.ts(199,3): error TS2353: Object literal may only specify known properties, and 'preferredTime' does not exist in type 'ClimbingDetails'.
src/__tests__/test-factories.ts(254,7): error TS2322: Type '"approved"' is not assignable to type '"completed" | "pending" | "processing" | "failed" | "refunded"'.
src/__tests__/test-factories.ts(318,9): error TS2353: Object literal may only specify known properties, and 'instruction' does not exist in type 'DirectionStep'.
src/__tests__/test-factories.ts(324,9): error TS2353: Object literal may only specify known properties, and 'instruction' does not exist in type 'DirectionStep'.
src/__tests__/test-factories.ts(336,7): error TS2322: Type '"intermediate"' is not assignable to type '"easy" | "medium" | "hard" | undefined'.
src/__tests__/test-factories.ts(343,7): error TS2353: Object literal may only specify known properties, and 'departure' does not exist in type '{ openTime: string; closeTime: string; notes?: string | undefined; }'.
src/__tests__/test-factories.ts(365,5): error TS2353: Object literal may only specify known properties, and 'discounts' does not exist in type 'TourPricing'.
src/__tests__/test-factories.ts(416,3): error TS2322: Type '{ name: string; address: string; city: string; state: string; coordinates: { lat: number; lng: number; }; }' is not assignable to type 'Omit<TourLocation, "directions"> & { directions?: Omit<DirectionStep, "step">[] | undefined; }'.
  Property 'country' is missing in type '{ name: string; address: string; city: string; state: string; coordinates: { lat: number; lng: number; }; }' but required in type 'Omit<TourLocation, "directions">'.
src/__tests__/test-factories.ts(431,7): error TS2322: Type '"beginner"' is not assignable to type '"easy" | "medium" | "hard" | undefined'.
src/__tests__/test-factories.ts(438,7): error TS2353: Object literal may only specify known properties, and 'departure' does not exist in type '{ openTime: string; closeTime: string; notes?: string | undefined; }'.
src/__tests__/test-factories.ts(444,3): error TS2741: Property 'cancellationPolicy' is missing in type '{ basePrice: number; currency: "BRL"; }' but required in type 'TourPricing'.
src/__tests__/test-factories.ts(448,3): error TS2739: Type '{ title: string; description: string; }' is missing the following properties from type 'TourSEO': keywords, ogImage
src/__tests__/test-factories.ts(534,16): error TS2322: Type '"pix" | "crypto" | "mercadopago"' is not assignable to type 'PaymentMethod'.
  Type '"crypto"' is not assignable to type 'PaymentMethod'.
src/components/auth/__tests__/LoginButton.test.tsx(115,7): error TS2322: Type '{ id: string; email: { address: string; }; }' is not assignable to type 'null'.
src/components/auth/__tests__/LoginButton.test.tsx(141,7): error TS2322: Type '{ id: string; }' is not assignable to type 'null'.
src/components/auth/__tests__/LoginButton.test.tsx(152,7): error TS2322: Type '{ id: string; email: { address: string; }; }' is not assignable to type 'null'.
src/components/auth/__tests__/LoginButton.test.tsx(182,7): error TS2322: Type '{ id: string; email: { address: string; }; }' is not assignable to type 'null'.
src/components/auth/__tests__/LoginButton.test.tsx(208,7): error TS2322: Type '{ id: string; email: { address: string; }; }' is not assignable to type 'null'.
src/components/auth/__tests__/LoginButton.test.tsx(229,7): error TS2322: Type '{ id: string; email: { address: string; }; }' is not assignable to type 'null'.
src/core/use-cases/__tests__/GetAllPackages.test.ts(7,3): error TS2353: Object literal may only specify known properties, and 'create' does not exist in type 'Mocked<IPackageRepository>'.
src/core/use-cases/__tests__/GetAllPackages.test.ts(36,9): error TS2322: Type 'number' is not assignable to type 'Money'.
src/core/use-cases/__tests__/GetAllPackages.test.ts(58,9): error TS2322: Type 'number' is not assignable to type 'Money'.
src/core/use-cases/__tests__/GetAllPackages.test.ts(193,38): error TS2339: Property 'create' does not exist on type 'Mocked<IPackageRepository>'.
src/core/use-cases/__tests__/GetAllPackages.test.ts(194,38): error TS2339: Property 'update' does not exist on type 'Mocked<IPackageRepository>'.
src/core/use-cases/__tests__/GetAllPackages.test.ts(196,38): error TS2339: Property 'findByActive' does not exist on type 'Mocked<IPackageRepository>'.
src/core/use-cases/__tests__/GetAllPackages.test.ts(197,38): error TS2339: Property 'delete' does not exist on type 'Mocked<IPackageRepository>'.
src/core/use-cases/__tests__/GetAllPackages.test.ts(219,13): error TS2322: Type 'number' is not assignable to type 'Money'.
src/core/use-cases/__tests__/GetAllPackages.test.ts(243,26): error TS2339: Property 'bonus' does not exist on type 'Package'.
src/core/use-cases/__tests__/GetAllPackages.test.ts(244,26): error TS2339: Property 'originalPrice' does not exist on type 'Package'.
src/core/use-cases/__tests__/GetAllPackages.test.ts(251,13): error TS2353: Object literal may only specify known properties, and 'bonus' does not exist in type 'Package'.
src/core/use-cases/__tests__/GetAllPackages.test.ts(262,26): error TS2339: Property 'bonus' does not exist on type 'Package'.
src/core/use-cases/__tests__/GetAllPackages.test.ts(263,26): error TS2339: Property 'originalPrice' does not exist on type 'Package'.
src/core/use-cases/__tests__/GetAllPackages.test.ts(264,26): error TS2339: Property 'requirements' does not exist on type 'Package'.
src/core/use-cases/__tests__/GetAllPackages.test.ts(265,26): error TS2339: Property 'includes' does not exist on type 'Package'.
src/core/use-cases/__tests__/GetAllPackages.test.ts(310,13): error TS2322: Type 'number' is not assignable to type 'Money'.
src/core/use-cases/__tests__/GetAllPackages.test.ts(327,13): error TS2322: Type 'number' is not assignable to type 'Money'.
src/core/use-cases/__tests__/GetAllPackages.test.ts(342,13): error TS2353: Object literal may only specify known properties, and 'disabled' does not exist in type 'Package'.
src/core/use-cases/__tests__/GetAllPackages.test.ts(350,26): error TS2339: Property 'disabled' does not exist on type 'Package'.
src/core/use-cases/__tests__/GetAllPackages.test.ts(357,13): error TS2353: Object literal may only specify known properties, and 'isActive' does not exist in type 'Package'.
src/core/use-cases/__tests__/GetAllPackages.test.ts(365,26): error TS2339: Property 'isActive' does not exist on type 'Package'.
src/core/use-cases/__tests__/LoginUser.test.ts(15,3): error TS2353: Object literal may only specify known properties, and 'create' does not exist in type 'Mocked<IUserRepository>'.
src/core/use-cases/__tests__/LoginUser.test.ts(34,7): error TS2353: Object literal may only specify known properties, and 'password' does not exist in type 'LoginCredentials'.
src/core/use-cases/__tests__/LoginUser.test.ts(43,7): error TS2353: Object literal may only specify known properties, and 'isAdmin' does not exist in type 'User'.
src/core/use-cases/__tests__/LoginUser.test.ts(169,11): error TS2353: Object literal may only specify known properties, and 'password' does not exist in type 'LoginCredentials'.
src/core/use-cases/__tests__/LoginUser.test.ts(195,11): error TS2353: Object literal may only specify known properties, and 'password' does not exist in type 'LoginCredentials'.
src/core/use-cases/__tests__/LoginUser.test.ts(214,11): error TS2353: Object literal may only specify known properties, and 'password' does not exist in type 'LoginCredentials'.
src/core/use-cases/__tests__/LoginUser.test.ts(231,11): error TS2353: Object literal may only specify known properties, and 'password' does not exist in type 'LoginCredentials'.
src/core/use-cases/__tests__/LoginUser.test.ts(248,11): error TS2353: Object literal may only specify known properties, and 'password' does not exist in type 'LoginCredentials'.
src/core/use-cases/__tests__/LoginUser.test.ts(274,35): error TS2339: Property 'create' does not exist on type 'Mocked<IUserRepository>'.
src/core/use-cases/__tests__/LoginUser.test.ts(275,35): error TS2339: Property 'update' does not exist on type 'Mocked<IUserRepository>'.
src/core/use-cases/__tests__/LoginUser.test.ts(276,35): error TS2339: Property 'findById' does not exist on type 'Mocked<IUserRepository>'.
src/core/use-cases/__tests__/LoginUser.test.ts(277,35): error TS2339: Property 'findByEmail' does not exist on type 'Mocked<IUserRepository>'.
src/core/use-cases/__tests__/LoginUser.test.ts(287,11): error TS2353: Object literal may only specify known properties, and 'isAdmin' does not exist in type 'User'.
src/core/use-cases/__tests__/LoginUser.test.ts(342,11): error TS2353: Object literal may only specify known properties, and 'password' does not exist in type 'LoginCredentials'.
src/hooks/__tests__/useAuth.test.ts(60,7): error TS2322: Type '{ id: string; email: { address: string; }; }' is not assignable to type 'null'.
src/hooks/__tests__/useAuth.test.ts(118,7): error TS2322: Type '{ id: string; email: { address: string; }; }' is not assignable to type 'null'.
src/hooks/__tests__/useAuth.test.ts(173,7): error TS2322: Type '{ id: string; }' is not assignable to type 'null'.
src/hooks/__tests__/useAuth.test.ts(186,7): error TS2322: Type '{ id: string; email: { address: string; }; }' is not assignable to type 'null'.
src/hooks/__tests__/usePackages.test.ts(12,5): error TS2322: Type 'number' is not assignable to type 'Money'.
src/hooks/__tests__/usePackages.test.ts(27,5): error TS2322: Type 'number' is not assignable to type 'Money'.
src/infrastructure/services/__tests__/AuthService.test.ts(16,9): error TS2353: Object literal may only specify known properties, and 'password' does not exist in type 'LoginCredentials'.
src/infrastructure/services/__tests__/AuthService.test.ts(28,9): error TS2353: Object literal may only specify known properties, and 'password' does not exist in type 'LoginCredentials'.
src/infrastructure/services/__tests__/AuthService.test.ts(41,9): error TS2353: Object literal may only specify known properties, and 'password' does not exist in type 'LoginCredentials'.
src/infrastructure/services/__tests__/AuthService.test.ts(153,9): error TS2353: Object literal may only specify known properties, and 'password' does not exist in type 'LoginCredentials'.
src/infrastructure/services/__tests__/AuthService.test.ts(174,9): error TS2353: Object literal may only specify known properties, and 'password' does not exist in type 'LoginCredentials'.
src/infrastructure/services/__tests__/AuthService.test.ts(200,9): error TS2353: Object literal may only specify known properties, and 'password' does not exist in type 'LoginCredentials'.
src/infrastructure/services/__tests__/AuthService.test.ts(213,16): error TS18046: 'error' is of type 'unknown'.
src/infrastructure/services/__tests__/AuthService.test.ts(214,16): error TS18046: 'error' is of type 'unknown'.
src/infrastructure/services/__tests__/PaymentService.test.ts(97,11): error TS2353: Object literal may only specify known properties, and 'currency_id' does not exist in type '{ title: string; unit_price: number; quantity: number; id: string; }'.
src/infrastructure/services/__tests__/PaymentService.test.ts(203,45): error TS2345: Argument of type '{ paymentMethods: { excludedPaymentMethods: string[]; excludedPaymentTypes: string[]; }; orderId: string; items: Array<{ title: string; unit_price: number; quantity: number; id: string; }>; payer: { name: string; email: string; }; metadata: Record<string, any>; }' is not assignable to parameter of type 'CreatePreferenceRequest'.
  Types of property 'paymentMethods' are incompatible.
    Type '{ excludedPaymentMethods: string[]; excludedPaymentTypes: string[]; }' is missing the following properties from type 'PaymentMethod[]': length, pop, push, concat, and 29 more.
src/infrastructure/services/__tests__/PaymentService.test.ts(487,13): error TS2741: Property 'metadata' is missing in type '{ orderId: string; items: never[]; payer: { name: string; email: string; }; }' but required in type 'CreatePreferenceRequest'.
src/infrastructure/services/__tests__/PaymentService.test.ts(501,13): error TS2741: Property 'metadata' is missing in type '{ orderId: string; items: never[]; payer: { name: string; email: string; }; }' but required in type 'CreatePreferenceRequest'.
src/infrastructure/services/__tests__/PaymentService.test.ts(518,13): error TS2741: Property 'metadata' is missing in type '{ orderId: string; items: never[]; payer: { name: string; email: string; }; }' but required in type 'CreatePreferenceRequest'.
src/infrastructure/services/__tests__/PaymentService.test.ts(532,13): error TS2741: Property 'metadata' is missing in type '{ orderId: string; items: never[]; payer: { name: string; email: string; }; }' but required in type 'CreatePreferenceRequest'.
